Archive member included to satisfy reference by file (symbol)

c:/program files (x86)/gnu tools arm embedded/5.4 2016q3/bin/../lib/gcc/arm-none-eabi/5.4.1/../../../../arm-none-eabi/lib/armv7-m\libg_nano.a(lib_a-errno.o)
                              ./system/src/newlib/_sbrk.o (__errno)
c:/program files (x86)/gnu tools arm embedded/5.4 2016q3/bin/../lib/gcc/arm-none-eabi/5.4.1/../../../../arm-none-eabi/lib/armv7-m\libg_nano.a(lib_a-impure.o)
                              c:/program files (x86)/gnu tools arm embedded/5.4 2016q3/bin/../lib/gcc/arm-none-eabi/5.4.1/../../../../arm-none-eabi/lib/armv7-m\libg_nano.a(lib_a-errno.o) (_impure_ptr)
c:/program files (x86)/gnu tools arm embedded/5.4 2016q3/bin/../lib/gcc/arm-none-eabi/5.4.1/../../../../arm-none-eabi/lib/armv7-m\libg_nano.a(lib_a-strlen.o)
                              ./system/src/diag/Trace.o (strlen)
c:/program files (x86)/gnu tools arm embedded/5.4 2016q3/bin/../lib/gcc/arm-none-eabi/5.4.1/../../../../arm-none-eabi/lib/armv7-m\libg_nano.a(lib_a-vsnprintf.o)
                              ./system/src/diag/Trace.o (vsnprintf)
c:/program files (x86)/gnu tools arm embedded/5.4 2016q3/bin/../lib/gcc/arm-none-eabi/5.4.1/../../../../arm-none-eabi/lib/armv7-m\libg_nano.a(lib_a-nano-svfprintf.o)
                              c:/program files (x86)/gnu tools arm embedded/5.4 2016q3/bin/../lib/gcc/arm-none-eabi/5.4.1/../../../../arm-none-eabi/lib/armv7-m\libg_nano.a(lib_a-vsnprintf.o) (_svfprintf_r)
c:/program files (x86)/gnu tools arm embedded/5.4 2016q3/bin/../lib/gcc/arm-none-eabi/5.4.1/../../../../arm-none-eabi/lib/armv7-m\libg_nano.a(lib_a-nano-vfprintf_i.o)
                              c:/program files (x86)/gnu tools arm embedded/5.4 2016q3/bin/../lib/gcc/arm-none-eabi/5.4.1/../../../../arm-none-eabi/lib/armv7-m\libg_nano.a(lib_a-nano-svfprintf.o) (_printf_i)
c:/program files (x86)/gnu tools arm embedded/5.4 2016q3/bin/../lib/gcc/arm-none-eabi/5.4.1/../../../../arm-none-eabi/lib/armv7-m\libg_nano.a(lib_a-memchr-stub.o)
                              c:/program files (x86)/gnu tools arm embedded/5.4 2016q3/bin/../lib/gcc/arm-none-eabi/5.4.1/../../../../arm-none-eabi/lib/armv7-m\libg_nano.a(lib_a-nano-svfprintf.o) (memchr)
c:/program files (x86)/gnu tools arm embedded/5.4 2016q3/bin/../lib/gcc/arm-none-eabi/5.4.1/../../../../arm-none-eabi/lib/armv7-m\libg_nano.a(lib_a-memcpy-stub.o)
                              c:/program files (x86)/gnu tools arm embedded/5.4 2016q3/bin/../lib/gcc/arm-none-eabi/5.4.1/../../../../arm-none-eabi/lib/armv7-m\libg_nano.a(lib_a-nano-svfprintf.o) (memcpy)
c:/program files (x86)/gnu tools arm embedded/5.4 2016q3/bin/../lib/gcc/arm-none-eabi/5.4.1/../../../../arm-none-eabi/lib/armv7-m\libg_nano.a(lib_a-memmove.o)
                              c:/program files (x86)/gnu tools arm embedded/5.4 2016q3/bin/../lib/gcc/arm-none-eabi/5.4.1/../../../../arm-none-eabi/lib/armv7-m\libg_nano.a(lib_a-nano-svfprintf.o) (memmove)
c:/program files (x86)/gnu tools arm embedded/5.4 2016q3/bin/../lib/gcc/arm-none-eabi/5.4.1/../../../../arm-none-eabi/lib/armv7-m\libg_nano.a(lib_a-nano-freer.o)
                              c:/program files (x86)/gnu tools arm embedded/5.4 2016q3/bin/../lib/gcc/arm-none-eabi/5.4.1/../../../../arm-none-eabi/lib/armv7-m\libg_nano.a(lib_a-nano-svfprintf.o) (_free_r)
c:/program files (x86)/gnu tools arm embedded/5.4 2016q3/bin/../lib/gcc/arm-none-eabi/5.4.1/../../../../arm-none-eabi/lib/armv7-m\libg_nano.a(lib_a-nano-mallocr.o)
                              c:/program files (x86)/gnu tools arm embedded/5.4 2016q3/bin/../lib/gcc/arm-none-eabi/5.4.1/../../../../arm-none-eabi/lib/armv7-m\libg_nano.a(lib_a-nano-svfprintf.o) (_malloc_r)
c:/program files (x86)/gnu tools arm embedded/5.4 2016q3/bin/../lib/gcc/arm-none-eabi/5.4.1/../../../../arm-none-eabi/lib/armv7-m\libg_nano.a(lib_a-nano-reallocr.o)
                              c:/program files (x86)/gnu tools arm embedded/5.4 2016q3/bin/../lib/gcc/arm-none-eabi/5.4.1/../../../../arm-none-eabi/lib/armv7-m\libg_nano.a(lib_a-nano-svfprintf.o) (_realloc_r)
c:/program files (x86)/gnu tools arm embedded/5.4 2016q3/bin/../lib/gcc/arm-none-eabi/5.4.1/../../../../arm-none-eabi/lib/armv7-m\libg_nano.a(lib_a-sbrkr.o)
                              c:/program files (x86)/gnu tools arm embedded/5.4 2016q3/bin/../lib/gcc/arm-none-eabi/5.4.1/../../../../arm-none-eabi/lib/armv7-m\libg_nano.a(lib_a-nano-mallocr.o) (_sbrk_r)
c:/program files (x86)/gnu tools arm embedded/5.4 2016q3/bin/../lib/gcc/arm-none-eabi/5.4.1/../../../../arm-none-eabi/lib/armv7-m\libg_nano.a(lib_a-mlock.o)
                              c:/program files (x86)/gnu tools arm embedded/5.4 2016q3/bin/../lib/gcc/arm-none-eabi/5.4.1/../../../../arm-none-eabi/lib/armv7-m\libg_nano.a(lib_a-nano-freer.o) (__malloc_lock)
c:/program files (x86)/gnu tools arm embedded/5.4 2016q3/bin/../lib/gcc/arm-none-eabi/5.4.1/../../../../arm-none-eabi/lib/armv7-m\libg_nano.a(lib_a-nano-msizer.o)
[...]
Memory Configuration

Name             Origin             Length             Attributes
RAM              0x20000000         0x00005000         xrw
CCMRAM           0x00000000         0x00000000         xrw
FLASH            0x08000000         0x00010000         xr
FLASHB1          0x00000000         0x00000000         xr
EXTMEMB0         0x00000000         0x00000000         xr
EXTMEMB1         0x00000000         0x00000000         xr
EXTMEMB2         0x00000000         0x00000000         xr
EXTMEMB3         0x00000000         0x00000000         xr
MEMORY_ARRAY     0x00000000         0x00000000         xrw
*default*        0x00000000         0xffffffff

Linker script and memory map

LOAD ./system/src/stm32f1-stdperiph/misc.o
LOAD ./system/src/stm32f1-stdperiph/stm32f10x_gpio.o
LOAD ./system/src/stm32f1-stdperiph/stm32f10x_rcc.o
LOAD ./system/src/newlib/_cxx.o
LOAD ./system/src/newlib/_exit.o
LOAD ./system/src/newlib/_sbrk.o
LOAD ./system/src/newlib/_startup.o
LOAD ./system/src/newlib/_syscalls.o
LOAD ./system/src/newlib/assert.o
LOAD ./system/src/diag/Trace.o
LOAD ./system/src/diag/trace_impl.o
LOAD ./system/src/cortexm/_initialize_hardware.o
LOAD ./system/src/cortexm/_reset_hardware.o
LOAD ./system/src/cortexm/exception_handlers.o
LOAD ./system/src/cmsis/system_stm32f10x.o
LOAD ./system/src/cmsis/vectors_stm32f10x.o
LOAD ./src/BlinkLed.o
LOAD ./src/Timer.o
LOAD ./src/_write.o
LOAD ./src/main.o
LOAD c:/program files (x86)/gnu tools arm embedded/5.4 2016q3/bin/../lib/gcc/arm-none-eabi/5.4.1/../../../../arm-none-eabi/lib/armv7-m\libstdc++_nano.a
LOAD c:/program files (x86)/gnu tools arm embedded/5.4 2016q3/bin/../lib/gcc/arm-none-eabi/5.4.1/../../../../arm-none-eabi/lib/armv7-m\libm.a
START GROUP
LOAD c:/program files (x86)/gnu tools arm embedded/5.4 2016q3/bin/../lib/gcc/arm-none-eabi/5.4.1/armv7-m\libgcc.a
LOAD c:/program files (x86)/gnu tools arm embedded/5.4 2016q3/bin/../lib/gcc/arm-none-eabi/5.4.1/../../../../arm-none-eabi/lib/armv7-m\libg_nano.a
LOAD c:/program files (x86)/gnu tools arm embedded/5.4 2016q3/bin/../lib/gcc/arm-none-eabi/5.4.1/../../../../arm-none-eabi/lib/armv7-m\libc_nano.a
END GROUP
START GROUP
LOAD c:/program files (x86)/gnu tools arm embedded/5.4 2016q3/bin/../lib/gcc/arm-none-eabi/5.4.1/armv7-m\libgcc.a
LOAD c:/program files (x86)/gnu tools arm embedded/5.4 2016q3/bin/../lib/gcc/arm-none-eabi/5.4.1/../../../../arm-none-eabi/lib/armv7-m\libc_nano.a
END GROUP
                0x20005000                __stack = (ORIGIN (RAM) + LENGTH (RAM))
                0x20005000                _estack = __stack
                0x00000400                __Main_Stack_Size = 0x400
                [!provide]                PROVIDE (_Main_Stack_Size, __Main_Stack_Size)
                0x20004c00                __Main_Stack_Limit = (__stack - __Main_Stack_Size)
                [!provide]                PROVIDE (_Main_Stack_Limit, __Main_Stack_Limit)
                0x00000100                _Minimum_Stack_Size = 0x100
                0x20000128                PROVIDE (_Heap_Begin, _end_noinit)
                0x20004c00                PROVIDE (_Heap_Limit, (__stack - __Main_Stack_Size))

.isr_vector     0x08000000      0x354
 FILL mask 0xff
                0x08000000                __vectors_start = ABSOLUTE (.)
                0x08000000                __vectors_start__ = ABSOLUTE (.)
 *(.isr_vector)
 .isr_vector    0x08000000      0x10c ./system/src/cmsis/vectors_stm32f10x.o
                0x08000000                __isr_vectors
 *(.cfmconfig)
 *(.after_vectors .after_vectors.*)
 .after_vectors
                0x0800010c      0x114 ./system/src/newlib/_startup.o
                0x0800010c                _start
 .after_vectors
                0x08000220      0x130 ./system/src/cortexm/exception_handlers.o
                0x08000220                Reset_Handler
                0x08000228                NMI_Handler
                0x0800022c                HardFault_Handler
                0x08000240                HardFault_Handler_C
                0x080002a0                MemManage_Handler
                0x080002a4                BusFault_Handler
                0x080002b8                BusFault_Handler_C
                0x080002ec                UsageFault_Handler
                0x08000300                UsageFault_Handler_C
                0x08000334                SVC_Handler
                0x08000338                DebugMon_Handler
                0x0800033c                PendSV_Handler
 .after_vectors
                0x08000350        0x4 ./system/src/cmsis/vectors_stm32f10x.o
                0x08000350                EXTI2_IRQHandler
                0x08000350                TIM8_TRG_COM_IRQHandler
                0x08000350                TIM8_CC_IRQHandler
                0x08000350                TIM1_CC_IRQHandler
                0x08000350                TIM6_IRQHandler
                0x08000350                PVD_IRQHandler
                0x08000350                SDIO_IRQHandler
                0x08000350                CAN2_RX1_IRQHandler
                0x08000350                EXTI3_IRQHandler
                0x08000350                TIM8_TRG_COM_TIM14_IRQHandler
                0x08000350                TIM1_UP_TIM10_IRQHandler
                0x08000350                TIM8_UP_TIM13_IRQHandler
                0x08000350                EXTI0_IRQHandler
                0x08000350                I2C2_EV_IRQHandler
                0x08000350                CAN1_RX0_IRQHandler
                0x08000350                TIM1_UP_TIM16_IRQHandler
                0x08000350                CAN2_SCE_IRQHandler
                0x08000350                ADC1_2_IRQHandler
                0x08000350                SPI1_IRQHandler
                0x08000350                TAMPER_IRQHandler
                0x08000350                TIM6_DAC_IRQHandler
                0x08000350                TIM1_BRK_TIM9_IRQHandler
                0x08000350                CAN2_RX0_IRQHandler
                0x08000350                TIM8_UP_IRQHandler
                0x08000350                DMA2_Channel2_IRQHandler
                0x08000350                DMA1_Channel4_IRQHandler
                0x08000350                USART3_IRQHandler
                0x08000350                RTC_IRQHandler
                0x08000350                DMA1_Channel7_IRQHandler
                0x08000350                CAN1_RX1_IRQHandler
                0x08000350                UART5_IRQHandler
                0x08000350                ADC3_IRQHandler
                0x08000350                TIM4_IRQHandler
                0x08000350                DMA2_Channel1_IRQHandler
                0x08000350                I2C1_EV_IRQHandler
                0x08000350                DMA1_Channel6_IRQHandler
                0x08000350                UART4_IRQHandler
                0x08000350                DMA2_Channel4_IRQHandler
                0x08000350                TIM3_IRQHandler
                0x08000350                RCC_IRQHandler
                0x08000350                TIM8_BRK_TIM12_IRQHandler
                0x08000350                TIM1_TRG_COM_IRQHandler
                0x08000350                DMA1_Channel1_IRQHandler
                0x08000350                Default_Handler
                0x08000350                CEC_IRQHandler
                0x08000350                EXTI15_10_IRQHandler
                0x08000350                TIM14_IRQHandler
                0x08000350                TIM13_IRQHandler
                0x08000350                TIM12_IRQHandler
                0x08000350                TIM7_IRQHandler
                0x08000350                CAN2_TX_IRQHandler
                0x08000350                TIM5_IRQHandler
                0x08000350                EXTI9_5_IRQHandler
                0x08000350                ETH_WKUP_IRQHandler
                0x08000350                SPI2_IRQHandler
                0x08000350                CAN1_TX_IRQHandler
                0x08000350                DMA2_Channel5_IRQHandler
                0x08000350                DMA1_Channel5_IRQHandler
                0x08000350                EXTI4_IRQHandler
                0x08000350                USB_LP_CAN1_RX0_IRQHandler
                0x08000350                TIM1_TRG_COM_TIM17_IRQHandler
                0x08000350                USB_HP_CAN1_TX_IRQHandler
                0x08000350                DMA1_Channel3_IRQHandler
                0x08000350                FSMC_IRQHandler
                0x08000350                ETH_IRQHandler
                0x08000350                TIM1_UP_IRQHandler
                0x08000350                WWDG_IRQHandler
                0x08000350                TIM2_IRQHandler
                0x08000350                OTG_FS_WKUP_IRQHandler
                0x08000350                TIM1_TRG_COM_TIM11_IRQHandler
                0x08000350                TIM1_BRK_IRQHandler
                0x08000350                EXTI1_IRQHandler
                0x08000350                RTCAlarm_IRQHandler
                0x08000350                DMA2_Channel4_5_IRQHandler
                0x08000350                USART2_IRQHandler
                0x08000350                I2C2_ER_IRQHandler
                0x08000350                DMA1_Channel2_IRQHandler
                0x08000350                TIM8_BRK_IRQHandler
                0x08000350                CAN1_SCE_IRQHandler
                0x08000350                FLASH_IRQHandler
                0x08000350                USART1_IRQHandler
                0x08000350                OTG_FS_IRQHandler
                0x08000350                SPI3_IRQHandler
                0x08000350                I2C1_ER_IRQHandler
                0x08000350                USBWakeUp_IRQHandler
                0x08000350                DMA2_Channel3_IRQHandler
                0x08000350                TIM1_BRK_TIM15_IRQHandler

.inits          0x08000354       0x28
                0x08000354                __data_regions_array_start = .
                0x08000354        0x4 LONG 0x8001630 LOADADDR (.data)
                0x08000358        0x4 LONG 0x20000000 ADDR (.data)
                0x0800035c        0x4 LONG 0x20000088 (ADDR (.data) + SIZEOF (.data))
                0x08000360        0x4 LONG 0x8001630 LOADADDR (.data_CCMRAM)
                0x08000364        0x4 LONG 0x0 ADDR (.data_CCMRAM)
                0x08000368        0x4 LONG 0x0 (ADDR (.data_CCMRAM) + SIZEOF (.data_CCMRAM))
                0x0800036c                __data_regions_array_end = .
                0x0800036c                __bss_regions_array_start = .
                0x0800036c        0x4 LONG 0x20000088 ADDR (.bss)
                0x08000370        0x4 LONG 0x20000128 (ADDR (.bss) + SIZEOF (.bss))
                0x08000374        0x4 LONG 0x0 ADDR (.bss_CCMRAM)
                0x08000378        0x4 LONG 0x0 (ADDR (.bss_CCMRAM) + SIZEOF (.bss_CCMRAM))
                0x0800037c                __bss_regions_array_end = .
 *(.init)
 *(.fini)
                0x0800037c                . = ALIGN (0x4)
                0x0800037c                PROVIDE (__preinit_array_start, .)
 *(.preinit_array_sysinit .preinit_array_sysinit.*)
 *(.preinit_array_platform .preinit_array_platform.*)
 *(.preinit_array .preinit_array.*)
                0x0800037c                PROVIDE (__preinit_array_end, .)
                0x0800037c                . = ALIGN (0x4)
                0x0800037c                PROVIDE (__init_array_start, .)
 *(SORT(.init_array.*))
 *(.init_array)
                0x0800037c                PROVIDE (__init_array_end, .)
                0x0800037c                . = ALIGN (0x4)
                0x0800037c                PROVIDE (__fini_array_start, .)
 *(SORT(.fini_array.*))
 *(.fini_array)
                0x0800037c                PROVIDE (__fini_array_end, .)

.flashtext
 *(.flashtext .flashtext.*)

.text           0x0800037c     0x12b3
 *(.text .text.*)
 .text.GPIO_Init
                0x0800037c      0x128 ./system/src/stm32f1-stdperiph/stm32f10x_gpio.o
                0x0800037c                GPIO_Init
 .text.GPIO_SetBits
                0x080004a4       0x60 ./system/src/stm32f1-stdperiph/stm32f10x_gpio.o
                0x080004a4                GPIO_SetBits
 .text.GPIO_ResetBits
                0x08000504       0x60 ./system/src/stm32f1-stdperiph/stm32f10x_gpio.o
                0x08000504                GPIO_ResetBits
 .text.RCC_APB2PeriphClockCmd
                0x08000564       0x4c ./system/src/stm32f1-stdperiph/stm32f10x_rcc.o
                0x08000564                RCC_APB2PeriphClockCmd
 .text._exit    0x080005b0        0x4 ./system/src/newlib/_exit.o
                0x080005b0                _exit
 .text.abort    0x080005b4       0x14 ./system/src/newlib/_exit.o
                0x080005b4                abort
 .text._sbrk    0x080005c8       0x44 ./system/src/newlib/_sbrk.o
                0x080005c8                _sbrk
 .text.__initialize_args
                0x0800060c       0x10 ./system/src/newlib/_syscalls.o
                0x0800060c                __initialize_args
 .text.assert_failed
                0x0800061c       0x14 ./system/src/newlib/assert.o
                0x0800061c                assert_failed
 .text.trace_printf
                0x08000630       0x30 ./system/src/diag/Trace.o
                0x08000630                trace_printf
 .text.trace_puts
                0x08000660       0x20 ./system/src/diag/Trace.o
                0x08000660                trace_puts
 .text._trace_write_semihosting_debug
                0x08000680       0x64 ./system/src/diag/trace_impl.o
 .text.trace_write
                0x080006e4        0x8 ./system/src/diag/trace_impl.o
                0x080006e4                trace_write
 .text.__initialize_hardware_early
                0x080006ec       0x18 ./system/src/cortexm/_initialize_hardware.o
                0x080006ec                __initialize_hardware_early
 .text.__initialize_hardware
                0x08000704        0x8 ./system/src/cortexm/_initialize_hardware.o
                0x08000704                __initialize_hardware
 .text.dumpExceptionStack
                0x0800070c       0xf0 ./system/src/cortexm/exception_handlers.o
                0x0800070c                dumpExceptionStack
 .text.isSemihosting
                0x080007fc       0x20 ./system/src/cortexm/exception_handlers.o
                0x080007fc                isSemihosting
 .text.SetSysClockTo72
                0x0800081c       0xc4 ./system/src/cmsis/system_stm32f10x.o
 .text.SetSysClock
                0x080008e0        0x8 ./system/src/cmsis/system_stm32f10x.o
 .text.SystemInit
                0x080008e8       0x50 ./system/src/cmsis/system_stm32f10x.o
                0x080008e8                SystemInit
 .text.SystemCoreClockUpdate
                0x08000938       0x94 ./system/src/cmsis/system_stm32f10x.o
                0x08000938                SystemCoreClockUpdate
 .text._ZN8BlinkLed7powerUpEv
                0x080009cc       0x3c ./src/BlinkLed.o
                0x080009cc                BlinkLed::powerUp()
 .text.SysTick_Handler
                0x08000a08       0x14 ./src/Timer.o
                0x08000a08                SysTick_Handler
 .text.main     0x08000a1c       0xac ./src/main.o
                0x08000a1c                main
 .text.__errno  0x08000ac8        0xc c:/program files (x86)/gnu tools arm embedded/5.4 2016q3/bin/../lib/gcc/arm-none-eabi/5.4.1/../../../../arm-none-eabi/lib/armv7-m\libg_nano.a(lib_a-errno.o)
                0x08000ac8                __errno
 .text          0x08000ad4       0x10 c:/program files (x86)/gnu tools arm embedded/5.4 2016q3/bin/../lib/gcc/arm-none-eabi/5.4.1/../../../../arm-none-eabi/lib/armv7-m\libg_nano.a(lib_a-strlen.o)
                0x08000ad4                strlen
 .text._vsnprintf_r
                0x08000ae4       0x56 c:/program files (x86)/gnu tools arm embedded/5.4 2016q3/bin/../lib/gcc/arm-none-eabi/5.4.1/../../../../arm-none-eabi/lib/armv7-m\libg_nano.a(lib_a-vsnprintf.o)
                0x08000ae4                _vsniprintf_r
                0x08000ae4                _vsnprintf_r
 *fill*         0x08000b3a        0x2 
 .text.vsnprintf
                0x08000b3c       0x1c c:/program files (x86)/gnu tools arm embedded/5.4 2016q3/bin/../lib/gcc/arm-none-eabi/5.4.1/../../../../arm-none-eabi/lib/armv7-m\libg_nano.a(lib_a-vsnprintf.o)
                0x08000b3c                vsniprintf
                0x08000b3c                vsnprintf
 .text.__ssputs_r
                0x08000b58       0xb2 c:/program files (x86)/gnu tools arm embedded/5.4 2016q3/bin/../lib/gcc/arm-none-eabi/5.4.1/../../../../arm-none-eabi/lib/armv7-m\libg_nano.a(lib_a-nano-svfprintf.o)
                0x08000b58                __ssputs_r
 *fill*         0x08000c0a        0x2 
 .text._svfprintf_r
                0x08000c0c      0x1e8 c:/program files (x86)/gnu tools arm embedded/5.4 2016q3/bin/../lib/gcc/arm-none-eabi/5.4.1/../../../../arm-none-eabi/lib/armv7-m\libg_nano.a(lib_a-nano-svfprintf.o)
                0x08000c0c                _svfiprintf_r
                0x08000c0c                _svfprintf_r
 .text._printf_common
                0x08000df4       0xec c:/program files (x86)/gnu tools arm embedded/5.4 2016q3/bin/../lib/gcc/arm-none-eabi/5.4.1/../../../../arm-none-eabi/lib/armv7-m\libg_nano.a(lib_a-nano-vfprintf_i.o)
                0x08000df4                _printf_common
 .text._printf_i
                0x08000ee0      0x24c c:/program files (x86)/gnu tools arm embedded/5.4 2016q3/bin/../lib/gcc/arm-none-eabi/5.4.1/../../../../arm-none-eabi/lib/armv7-m\libg_nano.a(lib_a-nano-vfprintf_i.o)
                0x08000ee0                _printf_i
 .text.memchr   0x0800112c       0x1c c:/program files (x86)/gnu tools arm embedded/5.4 2016q3/bin/../lib/gcc/arm-none-eabi/5.4.1/../../../../arm-none-eabi/lib/armv7-m\libg_nano.a(lib_a-memchr-stub.o)
                0x0800112c                memchr
 .text.memcpy   0x08001148       0x16 c:/program files (x86)/gnu tools arm embedded/5.4 2016q3/bin/../lib/gcc/arm-none-eabi/5.4.1/../../../../arm-none-eabi/lib/armv7-m\libg_nano.a(lib_a-memcpy-stub.o)
                0x08001148                memcpy
 .text.memmove  0x0800115e       0x36 c:/program files (x86)/gnu tools arm embedded/5.4 2016q3/bin/../lib/gcc/arm-none-eabi/5.4.1/../../../../arm-none-eabi/lib/armv7-m\libg_nano.a(lib_a-memmove.o)
                0x0800115e                memmove
 .text._free_r  0x08001194       0x98 c:/program files (x86)/gnu tools arm embedded/5.4 2016q3/bin/../lib/gcc/arm-none-eabi/5.4.1/../../../../arm-none-eabi/lib/armv7-m\libg_nano.a(lib_a-nano-freer.o)
                0x08001194                _free_r
 .text._malloc_r
                0x0800122c       0xbc c:/program files (x86)/gnu tools arm embedded/5.4 2016q3/bin/../lib/gcc/arm-none-eabi/5.4.1/../../../../arm-none-eabi/lib/armv7-m\libg_nano.a(lib_a-nano-mallocr.o)
                0x0800122c                _malloc_r
 .text._realloc_r
                0x080012e8       0x4c c:/program files (x86)/gnu tools arm embedded/5.4 2016q3/bin/../lib/gcc/arm-none-eabi/5.4.1/../../../../arm-none-eabi/lib/armv7-m\libg_nano.a(lib_a-nano-reallocr.o)
                0x080012e8                _realloc_r
 .text._sbrk_r  0x08001334       0x20 c:/program files (x86)/gnu tools arm embedded/5.4 2016q3/bin/../lib/gcc/arm-none-eabi/5.4.1/../../../../arm-none-eabi/lib/armv7-m\libg_nano.a(lib_a-sbrkr.o)
                0x08001334                _sbrk_r
 .text.__malloc_lock
                0x08001354        0x2 c:/program files (x86)/gnu tools arm embedded/5.4 2016q3/bin/../lib/gcc/arm-none-eabi/5.4.1/../../../../arm-none-eabi/lib/armv7-m\libg_nano.a(lib_a-mlock.o)
                0x08001354                __malloc_lock
 .text.__malloc_unlock
                0x08001356        0x2 c:/program files (x86)/gnu tools arm embedded/5.4 2016q3/bin/../lib/gcc/arm-none-eabi/5.4.1/../../../../arm-none-eabi/lib/armv7-m\libg_nano.a(lib_a-mlock.o)
                0x08001356                __malloc_unlock
 .text._malloc_usable_size_r
                0x08001358       0x14 c:/program files (x86)/gnu tools arm embedded/5.4 2016q3/bin/../lib/gcc/arm-none-eabi/5.4.1/../../../../arm-none-eabi/lib/armv7-m\libg_nano.a(lib_a-nano-msizer.o)
                0x08001358                _malloc_usable_size_r
 *(.rodata .rodata.* .constdata .constdata.*)
 .rodata.str1.4
                0x0800136c       0x31 ./system/src/stm32f1-stdperiph/stm32f10x_gpio.o
 *fill*         0x0800139d        0x3 
 .rodata.str1.4
                0x080013a0       0x30 ./system/src/stm32f1-stdperiph/stm32f10x_rcc.o
 .rodata.str1.4
                0x080013d0       0x14 ./system/src/newlib/_exit.o
 .rodata.str1.4
                0x080013e4       0x6b ./system/src/newlib/assert.o
                                 0x6f (size before relaxing)
 *fill*         0x0800144f        0x1 
 .rodata.str1.4
                0x08001450       0x29 ./system/src/diag/Trace.o
                                 0x2d (size before relaxing)
 *fill*         0x08001479        0x3 
 .rodata.str1.4
                0x0800147c      0x146 ./system/src/cortexm/exception_handlers.o
 *fill*         0x080015c2        0x2 
 .rodata.str1.4
                0x080015c4       0x38 ./src/main.o
                                 0x37 (size before relaxing)
 .rodata.str1.1
                0x080015fc       0x11 c:/program files (x86)/gnu tools arm embedded/5.4 2016q3/bin/../lib/gcc/arm-none-eabi/5.4.1/../../../../arm-none-eabi/lib/armv7-m\libg_nano.a(lib_a-nano-svfprintf.o)
 .rodata.str1.1
                0x0800160d       0x22 c:/program files (x86)/gnu tools arm embedded/5.4 2016q3/bin/../lib/gcc/arm-none-eabi/5.4.1/../../../../arm-none-eabi/lib/armv7-m\libg_nano.a(lib_a-nano-vfprintf_i.o)
 *(vtable)
 *(.eh_frame*)
 *(.glue_7)
 .glue_7        0x0800162f        0x0 linker stubs
 *(.glue_7t)
 .glue_7t       0x0800162f        0x0 linker stubs

.vfp11_veneer   0x08001630        0x0
 .vfp11_veneer  0x08001630        0x0 linker stubs

.v4_bx          0x08001630        0x0
 .v4_bx         0x08001630        0x0 linker stubs

.iplt           0x08001630        0x0
 .iplt          0x08001630        0x0 ./system/src/stm32f1-stdperiph/misc.o

.rel.dyn        0x08001630        0x0
 .rel.iplt      0x08001630        0x0 ./system/src/stm32f1-stdperiph/misc.o

.ARM.extab
 *(.ARM.extab* .gnu.linkonce.armextab.*)
                0x08001630                . = ALIGN (0x4)
                0x08001630                __exidx_start = .

.ARM.exidx
 *(.ARM.exidx* .gnu.linkonce.armexidx.*)
                0x08001630                __exidx_end = .
                0x08001630                . = ALIGN (0x4)
                0x08001630                _etext = .
                0x08001630                __etext = .

.data_CCMRAM    0x00000000        0x0 load address 0x08001630
 FILL mask 0xff
 *(.data.CCMRAM .data.CCMRAM.*)
                0x00000000                . = ALIGN (0x4)
                0x08001630                _sidata = LOADADDR (.data)

.data           0x20000000       0x88 load address 0x08001630
 FILL mask 0xff
                0x20000000                _sdata = .
                0x20000000                __data_start__ = .
 *(.data_begin .data_begin.*)
 .data_begin    0x20000000        0x4 ./system/src/newlib/_startup.o
 *(.data .data.*)
 .data.argv.4290
                0x20000004        0x8 ./system/src/newlib/_syscalls.o
 .data.AHBPrescTable
                0x2000000c       0x10 ./system/src/cmsis/system_stm32f10x.o
                0x2000000c                AHBPrescTable
 .data.SystemCoreClock
                0x2000001c        0x4 ./system/src/cmsis/system_stm32f10x.o
                0x2000001c                SystemCoreClock
 .data.impure_data
                0x20000020       0x60 c:/program files (x86)/gnu tools arm embedded/5.4 2016q3/bin/../lib/gcc/arm-none-eabi/5.4.1/../../../../arm-none-eabi/lib/armv7-m\libg_nano.a(lib_a-impure.o)
 .data._impure_ptr
                0x20000080        0x4 c:/program files (x86)/gnu tools arm embedded/5.4 2016q3/bin/../lib/gcc/arm-none-eabi/5.4.1/../../../../arm-none-eabi/lib/armv7-m\libg_nano.a(lib_a-impure.o)
                0x20000080                _impure_ptr
 *(.data_end .data_end.*)
 .data_end      0x20000084        0x4 ./system/src/newlib/_startup.o
                0x20000088                . = ALIGN (0x4)
                0x20000088                _edata = .
                0x20000088                __data_end__ = .

.igot.plt       0x20000088        0x0 load address 0x080016b8
 .igot.plt      0x20000088        0x0 ./system/src/stm32f1-stdperiph/misc.o

.bss_CCMRAM     0x00000000        0x0
 *(.bss.CCMRAM .bss.CCMRAM.*)

.bss            0x20000088       0xa0
                0x20000088                __bss_start__ = .
                0x20000088                _sbss = .
 *(.bss_begin .bss_begin.*)
 .bss_begin     0x20000088        0x4 ./system/src/newlib/_startup.o
 *(.bss .bss.*)
 .bss.current_heap_end.3974
                0x2000008c        0x4 ./system/src/newlib/_sbrk.o
 .bss.name.4289
                0x20000090        0x1 ./system/src/newlib/_syscalls.o
 *fill*         0x20000091        0x3 
 .bss.buf.5179  0x20000094       0x80 ./system/src/diag/Trace.o
 .bss._ZN5Timer13ms_delayCountE
                0x20000114        0x4 ./src/Timer.o
                0x20000114                Timer::ms_delayCount
 .bss.__malloc_sbrk_start
                0x20000118        0x4 c:/program files (x86)/gnu tools arm embedded/5.4 2016q3/bin/../lib/gcc/arm-none-eabi/5.4.1/../../../../arm-none-eabi/lib/armv7-m\libg_nano.a(lib_a-nano-mallocr.o)
                0x20000118                __malloc_sbrk_start
 .bss.__malloc_free_list
                0x2000011c        0x4 c:/program files (x86)/gnu tools arm embedded/5.4 2016q3/bin/../lib/gcc/arm-none-eabi/5.4.1/../../../../arm-none-eabi/lib/armv7-m\libg_nano.a(lib_a-nano-mallocr.o)
                0x2000011c                __malloc_free_list
 *(COMMON)
 COMMON         0x20000120        0x4 ./system/src/newlib/_syscalls.o
                0x20000120                errno
 *(.bss_end .bss_end.*)
 .bss_end       0x20000124        0x4 ./system/src/newlib/_startup.o
                0x20000128                . = ALIGN (0x4)
                0x20000128                __bss_end__ = .
                0x20000128                _ebss = .

.noinit_CCMRAM
 *(.noinit.CCMRAM .noinit.CCMRAM.*)

.noinit         0x20000128        0x0
                0x20000128                _noinit = .
 *(.noinit .noinit.*)
                0x20000128                . = ALIGN (0x4)
                0x20000128                _end_noinit = .
                [!provide]                PROVIDE (end, _end_noinit)
                [!provide]                PROVIDE (_end, _end_noinit)
                [!provide]                PROVIDE (__end, _end_noinit)
                [!provide]                PROVIDE (__end__, _end_noinit)

._check_stack   0x20000128      0x100
                0x20000228                . = (. + _Minimum_Stack_Size)
 *fill*         0x20000128      0x100 

.b1text
 *(.b1text)
 *(.b1rodata)
 *(.b1rodata.*)

.eb0text
 *(.eb0text)
 *(.eb0rodata)
 *(.eb0rodata.*)

.eb1text
 *(.eb1text)
 *(.eb1rodata)
 *(.eb1rodata.*)

.eb2text
 *(.eb2text)
 *(.eb2rodata)
 *(.eb2rodata.*)

.eb3text
 *(.eb3text)
 *(.eb3rodata)
 *(.eb3rodata.*)

.stab
 *(.stab)

.stabstr
 *(.stabstr)

.stab.excl
 *(.stab.excl)

.stab.exclstr
 *(.stab.exclstr)

.stab.index
 *(.stab.index)

.stab.indexstr
 *(.stab.indexstr)

.comment        0x00000000       0x6e
 *(.comment)
 .comment       0x00000000       0x6e ./system/src/stm32f1-stdperiph/stm32f10x_gpio.o
                                 0x6f (size before relaxing)
 .comment       0x0000006e       0x6f ./system/src/stm32f1-stdperiph/stm32f10x_rcc.o
 .comment       0x0000006e       0x6f ./system/src/newlib/_exit.o
 .comment       0x0000006e       0x6f ./system/src/newlib/_sbrk.o
 .comment       0x0000006e       0x6f ./system/src/newlib/_startup.o
 .comment       0x0000006e       0x6f ./system/src/newlib/_syscalls.o
 .comment       0x0000006e       0x6f ./system/src/newlib/assert.o
 .comment       0x0000006e       0x6f ./system/src/diag/Trace.o
 .comment       0x0000006e       0x6f ./system/src/diag/trace_impl.o
 .comment       0x0000006e       0x6f ./system/src/cortexm/_initialize_hardware.o
 .comment       0x0000006e       0x6f ./system/src/cortexm/exception_handlers.o
 .comment       0x0000006e       0x6f ./system/src/cmsis/system_stm32f10x.o
 .comment       0x0000006e       0x6f ./system/src/cmsis/vectors_stm32f10x.o
 .comment       0x0000006e       0x6f ./src/BlinkLed.o
 .comment       0x0000006e       0x6f ./src/Timer.o
 .comment       0x0000006e       0x6f ./src/main.o

.ARM.attributes
                0x00000000       0x31
 .ARM.attributes
                0x00000000       0x33 ./system/src/stm32f1-stdperiph/stm32f10x_gpio.o
 .ARM.attributes
                0x00000033       0x33 ./system/src/stm32f1-stdperiph/stm32f10x_rcc.o
 .ARM.attributes
                0x00000066       0x33 ./system/src/newlib/_exit.o
 .ARM.attributes
                0x00000099       0x33 ./system/src/newlib/_sbrk.o
 .ARM.attributes
                0x000000cc       0x33 ./system/src/newlib/_startup.o
 .ARM.attributes
                0x000000ff       0x33 ./system/src/newlib/_syscalls.o
 .ARM.attributes
                0x00000132       0x33 ./system/src/newlib/assert.o
 .ARM.attributes
                0x00000165       0x33 ./system/src/diag/Trace.o
 .ARM.attributes
                0x00000198       0x33 ./system/src/diag/trace_impl.o
 .ARM.attributes
                0x000001cb       0x33 ./system/src/cortexm/_initialize_hardware.o
 .ARM.attributes
                0x000001fe       0x33 ./system/src/cortexm/exception_handlers.o
 .ARM.attributes
                0x00000231       0x33 ./system/src/cmsis/system_stm32f10x.o
 .ARM.attributes
                0x00000264       0x33 ./system/src/cmsis/vectors_stm32f10x.o
 .ARM.attributes
                0x00000297       0x33 ./src/BlinkLed.o
 .ARM.attributes
                0x000002ca       0x33 ./src/Timer.o
 .ARM.attributes
                0x000002fd       0x33 ./src/main.o
 .ARM.attributes
                0x00000330       0x2d c:/program files (x86)/gnu tools arm embedded/5.4 2016q3/bin/../lib/gcc/arm-none-eabi/5.4.1/../../../../arm-none-eabi/lib/armv7-m\libg_nano.a(lib_a-errno.o)
 .ARM.attributes
                0x0000035d       0x2d c:/program files (x86)/gnu tools arm embedded/5.4 2016q3/bin/../lib/gcc/arm-none-eabi/5.4.1/../../../../arm-none-eabi/lib/armv7-m\libg_nano.a(lib_a-impure.o)
 .ARM.attributes
                0x0000038a       0x17 c:/program files (x86)/gnu tools arm embedded/5.4 2016q3/bin/../lib/gcc/arm-none-eabi/5.4.1/../../../../arm-none-eabi/lib/armv7-m\libg_nano.a(lib_a-strlen.o)
 .ARM.attributes
                0x000003a1       0x2d c:/program files (x86)/gnu tools arm embedded/5.4 2016q3/bin/../lib/gcc/arm-none-eabi/5.4.1/../../../../arm-none-eabi/lib/armv7-m\libg_nano.a(lib_a-vsnprintf.o)
 .ARM.attributes
                0x000003ce       0x2d c:/program files (x86)/gnu tools arm embedded/5.4 2016q3/bin/../lib/gcc/arm-none-eabi/5.4.1/../../../../arm-none-eabi/lib/armv7-m\libg_nano.a(lib_a-nano-svfprintf.o)
 .ARM.attributes
                0x000003fb       0x2d c:/program files (x86)/gnu tools arm embedded/5.4 2016q3/bin/../lib/gcc/arm-none-eabi/5.4.1/../../../../arm-none-eabi/lib/armv7-m\libg_nano.a(lib_a-nano-vfprintf_i.o)
 .ARM.attributes
                0x00000428       0x2d c:/program files (x86)/gnu tools arm embedded/5.4 2016q3/bin/../lib/gcc/arm-none-eabi/5.4.1/../../../../arm-none-eabi/lib/armv7-m\libg_nano.a(lib_a-memchr-stub.o)
 .ARM.attributes
                0x00000455       0x2d c:/program files (x86)/gnu tools arm embedded/5.4 2016q3/bin/../lib/gcc/arm-none-eabi/5.4.1/../../../../arm-none-eabi/lib/armv7-m\libg_nano.a(lib_a-memcpy-stub.o)
 .ARM.attributes
                0x00000482       0x2d c:/program files (x86)/gnu tools arm embedded/5.4 2016q3/bin/../lib/gcc/arm-none-eabi/5.4.1/../../../../arm-none-eabi/lib/armv7-m\libg_nano.a(lib_a-memmove.o)
 .ARM.attributes
                0x000004af       0x2d c:/program files (x86)/gnu tools arm embedded/5.4 2016q3/bin/../lib/gcc/arm-none-eabi/5.4.1/../../../../arm-none-eabi/lib/armv7-m\libg_nano.a(lib_a-nano-freer.o)
 .ARM.attributes
                0x000004dc       0x2d c:/program files (x86)/gnu tools arm embedded/5.4 2016q3/bin/../lib/gcc/arm-none-eabi/5.4.1/../../../../arm-none-eabi/lib/armv7-m\libg_nano.a(lib_a-nano-mallocr.o)
 .ARM.attributes
                0x00000509       0x2d c:/program files (x86)/gnu tools arm embedded/5.4 2016q3/bin/../lib/gcc/arm-none-eabi/5.4.1/../../../../arm-none-eabi/lib/armv7-m\libg_nano.a(lib_a-nano-reallocr.o)
 .ARM.attributes
                0x00000536       0x2d c:/program files (x86)/gnu tools arm embedded/5.4 2016q3/bin/../lib/gcc/arm-none-eabi/5.4.1/../../../../arm-none-eabi/lib/armv7-m\libg_nano.a(lib_a-sbrkr.o)
 .ARM.attributes
                0x00000563       0x2d c:/program files (x86)/gnu tools arm embedded/5.4 2016q3/bin/../lib/gcc/arm-none-eabi/5.4.1/../../../../arm-none-eabi/lib/armv7-m\libg_nano.a(lib_a-mlock.o)
 .ARM.attributes
                0x00000590       0x2d c:/program files (x86)/gnu tools arm embedded/5.4 2016q3/bin/../lib/gcc/arm-none-eabi/5.4.1/../../../../arm-none-eabi/lib/armv7-m\libg_nano.a(lib_a-nano-msizer.o)

.debug
 *(.debug)

.line
 *(.line)

.debug_srcinfo
 *(.debug_srcinfo)

.debug_sfnames
 *(.debug_sfnames)

.debug_aranges  0x00000000      0x480
 *(.debug_aranges)
 .debug_aranges
                0x00000000       0xa8 ./system/src/stm32f1-stdperiph/stm32f10x_gpio.o
 .debug_aranges
                0x000000a8      0x118 ./system/src/stm32f1-stdperiph/stm32f10x_rcc.o
 .debug_aranges
                0x000001c0       0x28 ./system/src/newlib/_exit.o
 .debug_aranges
                0x000001e8       0x20 ./system/src/newlib/_sbrk.o
 .debug_aranges
                0x00000208       0x40 ./system/src/newlib/_startup.o
 .debug_aranges
                0x00000248       0x30 ./system/src/newlib/_syscalls.o
 .debug_aranges
                0x00000278       0x28 ./system/src/newlib/assert.o
 .debug_aranges
                0x000002a0       0x38 ./system/src/diag/Trace.o
 .debug_aranges
                0x000002d8       0x30 ./system/src/diag/trace_impl.o
 .debug_aranges
                0x00000308       0x28 ./system/src/cortexm/_initialize_hardware.o
 .debug_aranges
                0x00000330       0x90 ./system/src/cortexm/exception_handlers.o
 .debug_aranges
                0x000003c0       0x38 ./system/src/cmsis/system_stm32f10x.o
 .debug_aranges
                0x000003f8       0x20 ./system/src/cmsis/vectors_stm32f10x.o
 .debug_aranges
                0x00000418       0x20 ./src/BlinkLed.o
 .debug_aranges
                0x00000438       0x28 ./src/Timer.o
 .debug_aranges
                0x00000460       0x20 ./src/main.o

.debug_pubnames
 *(.debug_pubnames)

.debug_info     0x00000000     0x47b6
 *(.debug_info .gnu.linkonce.wi.*)
 .debug_info    0x00000000      0xbcb ./system/src/stm32f1-stdperiph/stm32f10x_gpio.o
 .debug_info    0x00000bcb      0xc70 ./system/src/stm32f1-stdperiph/stm32f10x_rcc.o
 .debug_info    0x0000183b       0xef ./system/src/newlib/_exit.o
 .debug_info    0x0000192a      0x11f ./system/src/newlib/_sbrk.o
 .debug_info    0x00001a49      0x454 ./system/src/newlib/_startup.o
 .debug_info    0x00001e9d      0x1c7 ./system/src/newlib/_syscalls.o
 .debug_info    0x00002064      0x1a3 ./system/src/newlib/assert.o
 .debug_info    0x00002207      0x2e7 ./system/src/diag/Trace.o
 .debug_info    0x000024ee      0x30a ./system/src/diag/trace_impl.o
 .debug_info    0x000027f8      0x2b1 ./system/src/cortexm/_initialize_hardware.o
 .debug_info    0x00002aa9      0x8da ./system/src/cortexm/exception_handlers.o
 .debug_info    0x00003383      0x497 ./system/src/cmsis/system_stm32f10x.o
 .debug_info    0x0000381a       0xd1 ./system/src/cmsis/vectors_stm32f10x.o
 .debug_info    0x000038eb      0x355 ./src/BlinkLed.o
 .debug_info    0x00003c40      0x1a4 ./src/Timer.o
 .debug_info    0x00003de4      0x9d2 ./src/main.o

.debug_abbrev   0x00000000     0x177e
 *(.debug_abbrev)
 .debug_abbrev  0x00000000      0x1f4 ./system/src/stm32f1-stdperiph/stm32f10x_gpio.o
 .debug_abbrev  0x000001f4      0x1f8 ./system/src/stm32f1-stdperiph/stm32f10x_rcc.o
 .debug_abbrev  0x000003ec       0x8e ./system/src/newlib/_exit.o
 .debug_abbrev  0x0000047a       0xb9 ./system/src/newlib/_sbrk.o
 .debug_abbrev  0x00000533      0x1ac ./system/src/newlib/_startup.o
 .debug_abbrev  0x000006df       0xec ./system/src/newlib/_syscalls.o
 .debug_abbrev  0x000007cb       0xab ./system/src/newlib/assert.o
 .debug_abbrev  0x00000876      0x156 ./system/src/diag/Trace.o
 .debug_abbrev  0x000009cc      0x1c8 ./system/src/diag/trace_impl.o
 .debug_abbrev  0x00000b94       0xea ./system/src/cortexm/_initialize_hardware.o
 .debug_abbrev  0x00000c7e      0x247 ./system/src/cortexm/exception_handlers.o
 .debug_abbrev  0x00000ec5      0x159 ./system/src/cmsis/system_stm32f10x.o
 .debug_abbrev  0x0000101e       0x9d ./system/src/cmsis/vectors_stm32f10x.o
 .debug_abbrev  0x000010bb      0x1dd ./src/BlinkLed.o
 .debug_abbrev  0x00001298      0x183 ./src/Timer.o
 .debug_abbrev  0x0000141b      0x363 ./src/main.o

.debug_line     0x00000000     0x4892
 *(.debug_line)
 .debug_line    0x00000000      0x8ec ./system/src/stm32f1-stdperiph/stm32f10x_gpio.o
 .debug_line    0x000008ec      0x836 ./system/src/stm32f1-stdperiph/stm32f10x_rcc.o
 .debug_line    0x00001122      0x33c ./system/src/newlib/_exit.o
 .debug_line    0x0000145e      0x2ee ./system/src/newlib/_sbrk.o
 .debug_line    0x0000174c      0x3a4 ./system/src/newlib/_startup.o
 .debug_line    0x00001af0      0x409 ./system/src/newlib/_syscalls.o
 .debug_line    0x00001ef9      0x377 ./system/src/newlib/assert.o
 .debug_line    0x00002270      0x3a8 ./system/src/diag/Trace.o
 .debug_line    0x00002618      0x622 ./system/src/diag/trace_impl.o
 .debug_line    0x00002c3a      0x373 ./system/src/cortexm/_initialize_hardware.o
 .debug_line    0x00002fad      0x6cc ./system/src/cortexm/exception_handlers.o
 .debug_line    0x00003679      0x3d3 ./system/src/cmsis/system_stm32f10x.o
 .debug_line    0x00003a4c      0x103 ./system/src/cmsis/vectors_stm32f10x.o
 .debug_line    0x00003b4f      0x352 ./src/BlinkLed.o
 .debug_line    0x00003ea1      0x396 ./src/Timer.o
 .debug_line    0x00004237      0x65b ./src/main.o

.debug_frame    0x00000000      0xcfc
 *(.debug_frame)
 .debug_frame   0x00000000      0x1e8 ./system/src/stm32f1-stdperiph/stm32f10x_gpio.o
 .debug_frame   0x000001e8      0x31c ./system/src/stm32f1-stdperiph/stm32f10x_rcc.o
 .debug_frame   0x00000504       0x38 ./system/src/newlib/_exit.o
 .debug_frame   0x0000053c       0x28 ./system/src/newlib/_sbrk.o
 .debug_frame   0x00000564       0x7c ./system/src/newlib/_startup.o
 .debug_frame   0x000005e0       0x50 ./system/src/newlib/_syscalls.o
 .debug_frame   0x00000630       0x40 ./system/src/newlib/assert.o
 .debug_frame   0x00000670       0x94 ./system/src/diag/Trace.o
 .debug_frame   0x00000704       0x60 ./system/src/diag/trace_impl.o
 .debug_frame   0x00000764       0x40 ./system/src/cortexm/_initialize_hardware.o
 .debug_frame   0x000007a4      0x158 ./system/src/cortexm/exception_handlers.o
 .debug_frame   0x000008fc       0x68 ./system/src/cmsis/system_stm32f10x.o
 .debug_frame   0x00000964       0x20 ./system/src/cmsis/vectors_stm32f10x.o
 .debug_frame   0x00000984       0x30 ./src/BlinkLed.o
 .debug_frame   0x000009b4       0x30 ./src/Timer.o
 .debug_frame   0x000009e4       0x2c ./src/main.o
 .debug_frame   0x00000a10       0x20 c:/program files (x86)/gnu tools arm embedded/5.4 2016q3/bin/../lib/gcc/arm-none-eabi/5.4.1/../../../../arm-none-eabi/lib/armv7-m\libg_nano.a(lib_a-errno.o)
 .debug_frame   0x00000a30       0x48 c:/program files (x86)/gnu tools arm embedded/5.4 2016q3/bin/../lib/gcc/arm-none-eabi/5.4.1/../../../../arm-none-eabi/lib/armv7-m\libg_nano.a(lib_a-vsnprintf.o)
 .debug_frame   0x00000a78       0x90 c:/program files (x86)/gnu tools arm embedded/5.4 2016q3/bin/../lib/gcc/arm-none-eabi/5.4.1/../../../../arm-none-eabi/lib/armv7-m\libg_nano.a(lib_a-nano-svfprintf.o)
 .debug_frame   0x00000b08       0x60 c:/program files (x86)/gnu tools arm embedded/5.4 2016q3/bin/../lib/gcc/arm-none-eabi/5.4.1/../../../../arm-none-eabi/lib/armv7-m\libg_nano.a(lib_a-nano-vfprintf_i.o)
 .debug_frame   0x00000b68       0x28 c:/program files (x86)/gnu tools arm embedded/5.4 2016q3/bin/../lib/gcc/arm-none-eabi/5.4.1/../../../../arm-none-eabi/lib/armv7-m\libg_nano.a(lib_a-memchr-stub.o)
 .debug_frame   0x00000b90       0x28 c:/program files (x86)/gnu tools arm embedded/5.4 2016q3/bin/../lib/gcc/arm-none-eabi/5.4.1/../../../../arm-none-eabi/lib/armv7-m\libg_nano.a(lib_a-memcpy-stub.o)
 .debug_frame   0x00000bb8       0x28 c:/program files (x86)/gnu tools arm embedded/5.4 2016q3/bin/../lib/gcc/arm-none-eabi/5.4.1/../../../../arm-none-eabi/lib/armv7-m\libg_nano.a(lib_a-memmove.o)
 .debug_frame   0x00000be0       0x38 c:/program files (x86)/gnu tools arm embedded/5.4 2016q3/bin/../lib/gcc/arm-none-eabi/5.4.1/../../../../arm-none-eabi/lib/armv7-m\libg_nano.a(lib_a-nano-freer.o)
 .debug_frame   0x00000c18       0x2c c:/program files (x86)/gnu tools arm embedded/5.4 2016q3/bin/../lib/gcc/arm-none-eabi/5.4.1/../../../../arm-none-eabi/lib/armv7-m\libg_nano.a(lib_a-nano-mallocr.o)
 .debug_frame   0x00000c44       0x3c c:/program files (x86)/gnu tools arm embedded/5.4 2016q3/bin/../lib/gcc/arm-none-eabi/5.4.1/../../../../arm-none-eabi/lib/armv7-m\libg_nano.a(lib_a-nano-reallocr.o)
 .debug_frame   0x00000c80       0x2c c:/program files (x86)/gnu tools arm embedded/5.4 2016q3/bin/../lib/gcc/arm-none-eabi/5.4.1/../../../../arm-none-eabi/lib/armv7-m\libg_nano.a(lib_a-sbrkr.o)
 .debug_frame   0x00000cac       0x30 c:/program files (x86)/gnu tools arm embedded/5.4 2016q3/bin/../lib/gcc/arm-none-eabi/5.4.1/../../../../arm-none-eabi/lib/armv7-m\libg_nano.a(lib_a-mlock.o)
 .debug_frame   0x00000cdc       0x20 c:/program files (x86)/gnu tools arm embedded/5.4 2016q3/bin/../lib/gcc/arm-none-eabi/5.4.1/../../../../arm-none-eabi/lib/armv7-m\libg_nano.a(lib_a-nano-msizer.o)

.debug_str      0x00000000    0x568f3
 *(.debug_str)
 .debug_str     0x00000000    0x4e34c ./system/src/stm32f1-stdperiph/stm32f10x_gpio.o
                              0x4e521 (size before relaxing)
 .debug_str     0x0004e34c      0xb4a ./system/src/stm32f1-stdperiph/stm32f10x_rcc.o
                              0x4eaf0 (size before relaxing)
 .debug_str     0x0004ee96     0x482f ./system/src/newlib/_exit.o
                               0x6e9f (size before relaxing)
 .debug_str     0x000536c5      0x4de ./system/src/newlib/_sbrk.o
                               0x628a (size before relaxing)
 .debug_str     0x00053ba3      0x266 ./system/src/newlib/_startup.o
                               0x5e3f (size before relaxing)
 .debug_str     0x00053e09      0xe18 ./system/src/newlib/_syscalls.o
                               0x70ea (size before relaxing)
 .debug_str     0x00054c21       0xd5 ./system/src/newlib/assert.o
                               0x79a4 (size before relaxing)
 .debug_str     0x00054cf6      0x883 ./system/src/diag/Trace.o
                               0x768f (size before relaxing)
 .debug_str     0x00055579      0x381 ./system/src/diag/trace_impl.o
                              0x51e51 (size before relaxing)
 .debug_str     0x000558fa       0xa9 ./system/src/cortexm/_initialize_hardware.o
                              0x4e00b (size before relaxing)
 .debug_str     0x000559a3      0x19d ./system/src/cortexm/exception_handlers.o
                              0x52c13 (size before relaxing)
 .debug_str     0x00055b40       0xa6 ./system/src/cmsis/system_stm32f10x.o
                              0x4e0b5 (size before relaxing)
 .debug_str     0x00055be6       0x57 ./system/src/cmsis/vectors_stm32f10x.o
                               0x305a (size before relaxing)
 .debug_str     0x00055c3d      0x6b7 ./src/BlinkLed.o
                              0x4e552 (size before relaxing)
 .debug_str     0x000562f4       0xb2 ./src/Timer.o
                              0x4e32c (size before relaxing)
 .debug_str     0x000563a6      0x54d ./src/main.o
                              0x5399f (size before relaxing)

.debug_loc      0x00000000     0x1c36
 *(.debug_loc)
 .debug_loc     0x00000000      0x776 ./system/src/stm32f1-stdperiph/stm32f10x_gpio.o
 .debug_loc     0x00000776      0x91f ./system/src/stm32f1-stdperiph/stm32f10x_rcc.o
 .debug_loc     0x00001095       0x82 ./system/src/newlib/_sbrk.o
 .debug_loc     0x00001117      0x265 ./system/src/newlib/_startup.o
 .debug_loc     0x0000137c       0x63 ./system/src/newlib/_syscalls.o
 .debug_loc     0x000013df      0x110 ./system/src/newlib/assert.o
 .debug_loc     0x000014ef      0x102 ./system/src/diag/Trace.o
 .debug_loc     0x000015f1      0x17c ./system/src/diag/trace_impl.o
 .debug_loc     0x0000176d      0x2a8 ./system/src/cortexm/exception_handlers.o
 .debug_loc     0x00001a15       0xdf ./system/src/cmsis/system_stm32f10x.o
 .debug_loc     0x00001af4       0x37 ./src/BlinkLed.o
 .debug_loc     0x00001b2b      0x10b ./src/main.o

.debug_macinfo
 *(.debug_macinfo)

.debug_weaknames
 *(.debug_weaknames)

.debug_funcnames
 *(.debug_funcnames)

.debug_typenames
 *(.debug_typenames)

.debug_varnames
 *(.debug_varnames)
OUTPUT(Blink_simple_v2.elf elf32-littlearm)

.debug_ranges   0x00000000      0x3c8
 .debug_ranges  0x00000000       0x98 ./system/src/stm32f1-stdperiph/stm32f10x_gpio.o
 .debug_ranges  0x00000098      0x108 ./system/src/stm32f1-stdperiph/stm32f10x_rcc.o
 .debug_ranges  0x000001a0       0x18 ./system/src/newlib/_exit.o
 .debug_ranges  0x000001b8       0x10 ./system/src/newlib/_sbrk.o
 .debug_ranges  0x000001c8       0x48 ./system/src/newlib/_startup.o
 .debug_ranges  0x00000210       0x20 ./system/src/newlib/_syscalls.o
 .debug_ranges  0x00000230       0x18 ./system/src/newlib/assert.o
 .debug_ranges  0x00000248       0x28 ./system/src/diag/Trace.o
 .debug_ranges  0x00000270       0x38 ./system/src/diag/trace_impl.o
 .debug_ranges  0x000002a8       0x18 ./system/src/cortexm/_initialize_hardware.o
 .debug_ranges  0x000002c0       0x98 ./system/src/cortexm/exception_handlers.o
 .debug_ranges  0x00000358       0x28 ./system/src/cmsis/system_stm32f10x.o
 .debug_ranges  0x00000380       0x10 ./system/src/cmsis/vectors_stm32f10x.o
 .debug_ranges  0x00000390       0x10 ./src/BlinkLed.o
 .debug_ranges  0x000003a0       0x18 ./src/Timer.o
 .debug_ranges  0x000003b8       0x10 ./src/main.o

.debug_macro    0x00000000     0x45f8
 .debug_macro   0x00000000      0x1b9 ./system/src/stm32f1-stdperiph/stm32f10x_gpio.o
 .debug_macro   0x000001b9       0x8b ./system/src/stm32f1-stdperiph/stm32f10x_gpio.o
 .debug_macro   0x00000244      0x2a6 ./system/src/stm32f1-stdperiph/stm32f10x_gpio.o
 .debug_macro   0x000004ea      0x287 ./system/src/stm32f1-stdperiph/stm32f10x_rcc.o
 .debug_macro   0x00000771      0x3dc ./system/src/stm32f1-stdperiph/stm32f10x_rcc.o
 .debug_macro   0x00000b4d      0x19c ./system/src/newlib/_exit.o
 .debug_macro   0x00000ce9       0x9c ./system/src/newlib/_exit.o
 .debug_macro   0x00000d85      0x10e ./system/src/newlib/_exit.o
 .debug_macro   0x00000e93       0x8d ./system/src/newlib/_exit.o
 .debug_macro   0x00000f20       0x43 ./system/src/newlib/_exit.o
 .debug_macro   0x00000f63      0x30d ./system/src/newlib/_exit.o
 .debug_macro   0x00001270       0x35 ./system/src/newlib/_exit.o
 .debug_macro   0x000012a5      0x151 ./system/src/newlib/_sbrk.o
 .debug_macro   0x000013f6      0x174 ./system/src/newlib/_sbrk.o
 .debug_macro   0x0000156a       0x10 ./system/src/newlib/_sbrk.o
 .debug_macro   0x0000157a      0x23b ./system/src/newlib/_sbrk.o
 .debug_macro   0x000017b5      0x15b ./system/src/newlib/_startup.o
 .debug_macro   0x00001910      0x1ff ./system/src/newlib/_syscalls.o
 .debug_macro   0x00001b0f       0x1c ./system/src/newlib/_syscalls.o
 .debug_macro   0x00001b2b       0x10 ./system/src/newlib/_syscalls.o
 .debug_macro   0x00001b3b       0x10 ./system/src/newlib/_syscalls.o
 .debug_macro   0x00001b4b       0x10 ./system/src/newlib/_syscalls.o
 .debug_macro   0x00001b5b       0x35 ./system/src/newlib/_syscalls.o
 .debug_macro   0x00001b90      0x122 ./system/src/newlib/_syscalls.o
 .debug_macro   0x00001cb2       0x88 ./system/src/newlib/_syscalls.o
 .debug_macro   0x00001d3a       0x2b ./system/src/newlib/_syscalls.o
 .debug_macro   0x00001d65      0x118 ./system/src/newlib/_syscalls.o
 .debug_macro   0x00001e7d      0x159 ./system/src/newlib/_syscalls.o
 .debug_macro   0x00001fd6       0x16 ./system/src/newlib/_syscalls.o
 .debug_macro   0x00001fec      0x1b8 ./system/src/newlib/assert.o
 .debug_macro   0x000021a4       0x1c ./system/src/newlib/assert.o
 .debug_macro   0x000021c0      0x1d9 ./system/src/diag/Trace.o
 .debug_macro   0x00002399       0x16 ./system/src/diag/Trace.o
 .debug_macro   0x000023af       0x97 ./system/src/diag/Trace.o
 .debug_macro   0x00002446       0xfd ./system/src/diag/Trace.o
 .debug_macro   0x00002543       0x10 ./system/src/diag/Trace.o
 .debug_macro   0x00002553       0x16 ./system/src/diag/Trace.o
 .debug_macro   0x00002569      0x18b ./system/src/diag/Trace.o
 .debug_macro   0x000026f4       0x4c ./system/src/diag/Trace.o
 .debug_macro   0x00002740       0x16 ./system/src/diag/Trace.o
 .debug_macro   0x00002756      0x2c2 ./system/src/diag/trace_impl.o
 .debug_macro   0x00002a18       0x10 ./system/src/diag/trace_impl.o
 .debug_macro   0x00002a28       0xcf ./system/src/diag/trace_impl.o
 .debug_macro   0x00002af7       0xbe ./system/src/diag/trace_impl.o
 .debug_macro   0x00002bb5       0x22 ./system/src/diag/trace_impl.o
 .debug_macro   0x00002bd7      0x16b ./system/src/cortexm/_initialize_hardware.o
 .debug_macro   0x00002d42      0x302 ./system/src/cortexm/exception_handlers.o
 .debug_macro   0x00003044       0x3b ./system/src/cortexm/exception_handlers.o
 .debug_macro   0x0000307f       0x10 ./system/src/cortexm/exception_handlers.o
 .debug_macro   0x0000308f      0x16e ./system/src/cmsis/system_stm32f10x.o
 .debug_macro   0x000031fd       0x34 ./system/src/cmsis/vectors_stm32f10x.o
 .debug_macro   0x00003231      0x170 ./src/BlinkLed.o
 .debug_macro   0x000033a1      0xb8e ./src/BlinkLed.o
 .debug_macro   0x00003f2f       0x28 ./src/BlinkLed.o
 .debug_macro   0x00003f57      0x17e ./src/Timer.o
 .debug_macro   0x000040d5       0x10 ./src/Timer.o
 .debug_macro   0x000040e5      0x34a ./src/main.o
 .debug_macro   0x0000442f       0x97 ./src/main.o
 .debug_macro   0x000044c6      0x104 ./src/main.o
 .debug_macro   0x000045ca       0x2e ./src/main.o
