Archive member included to satisfy reference by file (symbol)

c:/program files (x86)/gnu tools arm embedded/5.4 2016q3/bin/../lib/gcc/arm-none-eabi/5.4.1/../../../../arm-none-eabi/lib/armv7-m\libg_nano.a(lib_a-errno.o)
                              ./system/src/newlib/_sbrk.o (__errno)
c:/program files (x86)/gnu tools arm embedded/5.4 2016q3/bin/../lib/gcc/arm-none-eabi/5.4.1/../../../../arm-none-eabi/lib/armv7-m\libg_nano.a(lib_a-impure.o)
                              c:/program files (x86)/gnu tools arm embedded/5.4 2016q3/bin/../lib/gcc/arm-none-eabi/5.4.1/../../../../arm-none-eabi/lib/armv7-m\libg_nano.a(lib_a-errno.o) (_impure_ptr)
c:/program files (x86)/gnu tools arm embedded/5.4 2016q3/bin/../lib/gcc/arm-none-eabi/5.4.1/../../../../arm-none-eabi/lib/armv7-m\libg_nano.a(lib_a-init.o)
                              ./system/src/cmsis/startup_stm32f103xb.o (__libc_init_array)
c:/program files (x86)/gnu tools arm embedded/5.4 2016q3/bin/../lib/gcc/arm-none-eabi/5.4.1/../../../../arm-none-eabi/lib/armv7-m\libg_nano.a(lib_a-memcpy-stub.o)
                              ./Middlewares/Third_Party/FreeRTOS/Source/queue.o (memcpy)
c:/program files (x86)/gnu tools arm embedded/5.4 2016q3/bin/../lib/gcc/arm-none-eabi/5.4.1/../../../../arm-none-eabi/lib/armv7-m\libg_nano.a(lib_a-memset.o)
                              ./Middlewares/Third_Party/FreeRTOS/Source/CMSIS_RTOS/cmsis_os.o (memset)
c:/program files (x86)/gnu tools arm embedded/5.4 2016q3/bin/../lib/gcc/arm-none-eabi/5.4.1/../../../../arm-none-eabi/lib/armv7-m\libg_nano.a(lib_a-strlen.o)
                              ./system/src/diag/Trace.o (strlen)
c:/program files (x86)/gnu tools arm embedded/5.4 2016q3/bin/../lib/gcc/arm-none-eabi/5.4.1/../../../../arm-none-eabi/lib/armv7-m\libg_nano.a(lib_a-vsnprintf.o)
                              ./system/src/diag/Trace.o (vsnprintf)
c:/program files (x86)/gnu tools arm embedded/5.4 2016q3/bin/../lib/gcc/arm-none-eabi/5.4.1/../../../../arm-none-eabi/lib/armv7-m\libg_nano.a(lib_a-nano-svfprintf.o)
                              c:/program files (x86)/gnu tools arm embedded/5.4 2016q3/bin/../lib/gcc/arm-none-eabi/5.4.1/../../../../arm-none-eabi/lib/armv7-m\libg_nano.a(lib_a-vsnprintf.o) (_svfprintf_r)
c:/program files (x86)/gnu tools arm embedded/5.4 2016q3/bin/../lib/gcc/arm-none-eabi/5.4.1/../../../../arm-none-eabi/lib/armv7-m\libg_nano.a(lib_a-nano-vfprintf_i.o)
                              c:/program files (x86)/gnu tools arm embedded/5.4 2016q3/bin/../lib/gcc/arm-none-eabi/5.4.1/../../../../arm-none-eabi/lib/armv7-m\libg_nano.a(lib_a-nano-svfprintf.o) (_printf_i)
c:/program files (x86)/gnu tools arm embedded/5.4 2016q3/bin/../lib/gcc/arm-none-eabi/5.4.1/../../../../arm-none-eabi/lib/armv7-m\libg_nano.a(lib_a-memchr-stub.o)
                              c:/program files (x86)/gnu tools arm embedded/5.4 2016q3/bin/../lib/gcc/arm-none-eabi/5.4.1/../../../../arm-none-eabi/lib/armv7-m\libg_nano.a(lib_a-nano-svfprintf.o) (memchr)
c:/program files (x86)/gnu tools arm embedded/5.4 2016q3/bin/../lib/gcc/arm-none-eabi/5.4.1/../../../../arm-none-eabi/lib/armv7-m\libg_nano.a(lib_a-memmove.o)
                              c:/program files (x86)/gnu tools arm embedded/5.4 2016q3/bin/../lib/gcc/arm-none-eabi/5.4.1/../../../../arm-none-eabi/lib/armv7-m\libg_nano.a(lib_a-nano-svfprintf.o) (memmove)
c:/program files (x86)/gnu tools arm embedded/5.4 2016q3/bin/../lib/gcc/arm-none-eabi/5.4.1/../../../../arm-none-eabi/lib/armv7-m\libg_nano.a(lib_a-nano-freer.o)
                              c:/program files (x86)/gnu tools arm embedded/5.4 2016q3/bin/../lib/gcc/arm-none-eabi/5.4.1/../../../../arm-none-eabi/lib/armv7-m\libg_nano.a(lib_a-nano-svfprintf.o) (_free_r)
c:/program files (x86)/gnu tools arm embedded/5.4 2016q3/bin/../lib/gcc/arm-none-eabi/5.4.1/../../../../arm-none-eabi/lib/armv7-m\libg_nano.a(lib_a-nano-mallocr.o)
                              c:/program files (x86)/gnu tools arm embedded/5.4 2016q3/bin/../lib/gcc/arm-none-eabi/5.4.1/../../../../arm-none-eabi/lib/armv7-m\libg_nano.a(lib_a-nano-svfprintf.o) (_malloc_r)
c:/program files (x86)/gnu tools arm embedded/5.4 2016q3/bin/../lib/gcc/arm-none-eabi/5.4.1/../../../../arm-none-eabi/lib/armv7-m\libg_nano.a(lib_a-nano-reallocr.o)
                              c:/program files (x86)/gnu tools arm embedded/5.4 2016q3/bin/../lib/gcc/arm-none-eabi/5.4.1/../../../../arm-none-eabi/lib/armv7-m\libg_nano.a(lib_a-nano-svfprintf.o) (_realloc_r)
c:/program files (x86)/gnu tools arm embedded/5.4 2016q3/bin/../lib/gcc/arm-none-eabi/5.4.1/../../../../arm-none-eabi/lib/armv7-m\libg_nano.a(lib_a-sbrkr.o)
                              c:/program files (x86)/gnu tools arm embedded/5.4 2016q3/bin/../lib/gcc/arm-none-eabi/5.4.1/../../../../arm-none-eabi/lib/armv7-m\libg_nano.a(lib_a-nano-mallocr.o) (_sbrk_r)
c:/program files (x86)/gnu tools arm embedded/5.4 2016q3/bin/../lib/gcc/arm-none-eabi/5.4.1/../../../../arm-none-eabi/lib/armv7-m\libg_nano.a(lib_a-mlock.o)
[...]
Memory Configuration

Name             Origin             Length             Attributes
RAM              0x20000000         0x00005000         xrw
CCMRAM           0x00000000         0x00000000         xrw
FLASH            0x08000000         0x00010000         xr
FLASHB1          0x00000000         0x00000000         xr
EXTMEMB0         0x00000000         0x00000000         xr
EXTMEMB1         0x00000000         0x00000000         xr
EXTMEMB2         0x00000000         0x00000000         xr
EXTMEMB3         0x00000000         0x00000000         xr
MEMORY_ARRAY     0x00000000         0x00000000         xrw
*default*        0x00000000         0xffffffff

Linker script and memory map

LOAD ./system/src/stm32f1xx/stm32f1xx_hal.o
LOAD ./system/src/stm32f1xx/stm32f1xx_hal_adc.o
LOAD ./system/src/stm32f1xx/stm32f1xx_hal_adc_ex.o
LOAD ./system/src/stm32f1xx/stm32f1xx_hal_cortex.o
LOAD ./system/src/stm32f1xx/stm32f1xx_hal_crc.o
LOAD ./system/src/stm32f1xx/stm32f1xx_hal_dma.o
LOAD ./system/src/stm32f1xx/stm32f1xx_hal_flash.o
LOAD ./system/src/stm32f1xx/stm32f1xx_hal_flash_ex.o
LOAD ./system/src/stm32f1xx/stm32f1xx_hal_gpio.o
LOAD ./system/src/stm32f1xx/stm32f1xx_hal_gpio_ex.o
LOAD ./system/src/stm32f1xx/stm32f1xx_hal_i2c.o
LOAD ./system/src/stm32f1xx/stm32f1xx_hal_pcd.o
LOAD ./system/src/stm32f1xx/stm32f1xx_hal_pcd_ex.o
LOAD ./system/src/stm32f1xx/stm32f1xx_hal_pwr.o
LOAD ./system/src/stm32f1xx/stm32f1xx_hal_rcc.o
LOAD ./system/src/stm32f1xx/stm32f1xx_hal_rcc_ex.o
LOAD ./system/src/stm32f1xx/stm32f1xx_hal_tim.o
LOAD ./system/src/stm32f1xx/stm32f1xx_hal_tim_ex.o
LOAD ./system/src/stm32f1xx/stm32f1xx_hal_uart.o
LOAD ./system/src/stm32f1xx/stm32f1xx_ll_usb.o
LOAD ./system/src/newlib/_cxx.o
LOAD ./system/src/newlib/_exit.o
LOAD ./system/src/newlib/_sbrk.o
LOAD ./system/src/newlib/_startup.o
LOAD ./system/src/newlib/_syscalls.o
LOAD ./system/src/newlib/assert.o
LOAD ./system/src/diag/Trace.o
LOAD ./system/src/diag/trace_impl.o
LOAD ./system/src/cortexm/_initialize_hardware.o
LOAD ./system/src/cortexm/_reset_hardware.o
LOAD ./system/src/cortexm/exception_handlers.o
LOAD ./system/src/cmsis/startup_stm32f103xb.o
LOAD ./system/src/cmsis/system_stm32f1xx.o
LOAD ./src/freertos.o
LOAD ./src/main.o
LOAD ./src/stm32f1xx_hal_msp.o
LOAD ./src/stm32f1xx_hal_timebase_TIM.o
LOAD ./src/stm32f1xx_it.o
LOAD ./src/usb_device.o
LOAD ./src/usbd_conf.o
LOAD ./src/usbd_desc.o
LOAD ./src/usbd_dfu_if.o
LOAD ./Middlewares/Third_Party/FreeRTOS/Source/portable/MemMang/heap_4.o
LOAD ./Middlewares/Third_Party/FreeRTOS/Source/portable/GCC/ARM_CM3/port.o
LOAD ./Middlewares/Third_Party/FreeRTOS/Source/CMSIS_RTOS/cmsis_os.o
LOAD ./Middlewares/Third_Party/FreeRTOS/Source/croutine.o
LOAD ./Middlewares/Third_Party/FreeRTOS/Source/event_groups.o
LOAD ./Middlewares/Third_Party/FreeRTOS/Source/list.o
LOAD ./Middlewares/Third_Party/FreeRTOS/Source/queue.o
LOAD ./Middlewares/Third_Party/FreeRTOS/Source/tasks.o
LOAD ./Middlewares/Third_Party/FreeRTOS/Source/timers.o
LOAD ./Middlewares/ST/STM32_USB_Device_Library/Core/Src/usbd_core.o
LOAD ./Middlewares/ST/STM32_USB_Device_Library/Core/Src/usbd_ctlreq.o
LOAD ./Middlewares/ST/STM32_USB_Device_Library/Core/Src/usbd_ioreq.o
LOAD ./Middlewares/ST/STM32_USB_Device_Library/Class/DFU/Src/usbd_dfu.o
LOAD c:/program files (x86)/gnu tools arm embedded/5.4 2016q3/bin/../lib/gcc/arm-none-eabi/5.4.1/../../../../arm-none-eabi/lib/armv7-m\libstdc++_nano.a
LOAD c:/program files (x86)/gnu tools arm embedded/5.4 2016q3/bin/../lib/gcc/arm-none-eabi/5.4.1/../../../../arm-none-eabi/lib/armv7-m\libm.a
START GROUP
LOAD c:/program files (x86)/gnu tools arm embedded/5.4 2016q3/bin/../lib/gcc/arm-none-eabi/5.4.1/armv7-m\libgcc.a
LOAD c:/program files (x86)/gnu tools arm embedded/5.4 2016q3/bin/../lib/gcc/arm-none-eabi/5.4.1/../../../../arm-none-eabi/lib/armv7-m\libg_nano.a
LOAD c:/program files (x86)/gnu tools arm embedded/5.4 2016q3/bin/../lib/gcc/arm-none-eabi/5.4.1/../../../../arm-none-eabi/lib/armv7-m\libc_nano.a
END GROUP
START GROUP
LOAD c:/program files (x86)/gnu tools arm embedded/5.4 2016q3/bin/../lib/gcc/arm-none-eabi/5.4.1/armv7-m\libgcc.a
LOAD c:/program files (x86)/gnu tools arm embedded/5.4 2016q3/bin/../lib/gcc/arm-none-eabi/5.4.1/../../../../arm-none-eabi/lib/armv7-m\libc_nano.a
END GROUP
                0x20005000                __stack = (ORIGIN (RAM) + LENGTH (RAM))
                0x20005000                _estack = __stack
                0x00000400                __Main_Stack_Size = 0x400
                [!provide]                PROVIDE (_Main_Stack_Size, __Main_Stack_Size)
                0x20004c00                __Main_Stack_Limit = (__stack - __Main_Stack_Size)
                [!provide]                PROVIDE (_Main_Stack_Limit, __Main_Stack_Limit)
                0x00000100                _Minimum_Stack_Size = 0x100
                0x2000227c                PROVIDE (_Heap_Begin, _end_noinit)
                0x20004c00                PROVIDE (_Heap_Limit, (__stack - __Main_Stack_Size))

.isr_vector     0x08000000      0x350
 FILL mask 0xff
                0x08000000                __vectors_start = ABSOLUTE (.)
                0x08000000                __vectors_start__ = ABSOLUTE (.)
 *(.isr_vector)
 .isr_vector    0x08000000      0x10c ./system/src/cmsis/startup_stm32f103xb.o
                0x08000000                g_pfnVectors
 *(.cfmconfig)
 *(.after_vectors .after_vectors.*)
 .after_vectors
                0x0800010c      0x114 ./system/src/newlib/_startup.o
                0x0800010c                _start
 .after_vectors
                0x08000220      0x130 ./system/src/cortexm/exception_handlers.o
                0x08000220                Reset_Handler
                0x08000240                HardFault_Handler_C
                0x080002b8                BusFault_Handler_C
                0x08000300                UsageFault_Handler_C

.inits          0x08000350       0x28
                0x08000350                __data_regions_array_start = .
                0x08000350        0x4 LONG 0x8008108 LOADADDR (.data)
                0x08000354        0x4 LONG 0x20000000 ADDR (.data)
                0x08000358        0x4 LONG 0x20000130 (ADDR (.data) + SIZEOF (.data))
                0x0800035c        0x4 LONG 0x8008108 LOADADDR (.data_CCMRAM)
                0x08000360        0x4 LONG 0x0 ADDR (.data_CCMRAM)
                0x08000364        0x4 LONG 0x0 (ADDR (.data_CCMRAM) + SIZEOF (.data_CCMRAM))
                0x08000368                __data_regions_array_end = .
                0x08000368                __bss_regions_array_start = .
                0x08000368        0x4 LONG 0x20000130 ADDR (.bss)
                0x0800036c        0x4 LONG 0x2000227c (ADDR (.bss) + SIZEOF (.bss))
                0x08000370        0x4 LONG 0x0 ADDR (.bss_CCMRAM)
                0x08000374        0x4 LONG 0x0 (ADDR (.bss_CCMRAM) + SIZEOF (.bss_CCMRAM))
                0x08000378                __bss_regions_array_end = .
 *(.init)
 *(.fini)
                0x08000378                . = ALIGN (0x4)
                0x08000378                PROVIDE (__preinit_array_start, .)
 *(.preinit_array_sysinit .preinit_array_sysinit.*)
 *(.preinit_array_platform .preinit_array_platform.*)
 *(.preinit_array .preinit_array.*)
                0x08000378                PROVIDE (__preinit_array_end, .)
                0x08000378                . = ALIGN (0x4)
                0x08000378                PROVIDE (__init_array_start, .)
 *(SORT(.init_array.*))
 *(.init_array)
                0x08000378                PROVIDE (__init_array_end, .)
                0x08000378                . = ALIGN (0x4)
                0x08000378                PROVIDE (__fini_array_start, .)
 *(SORT(.fini_array.*))
 *(.fini_array)
                0x08000378                PROVIDE (__fini_array_end, .)

.flashtext
 *(.flashtext .flashtext.*)

.text           0x08000378     0x7d8f
 *(.text .text.*)
 .text.HAL_Init
                0x08000378       0x24 ./system/src/stm32f1xx/stm32f1xx_hal.o
                0x08000378                HAL_Init
 .text.HAL_IncTick
                0x0800039c       0x10 ./system/src/stm32f1xx/stm32f1xx_hal.o
                0x0800039c                HAL_IncTick
 .text.HAL_GetTick
                0x080003ac        0xc ./system/src/stm32f1xx/stm32f1xx_hal.o
                0x080003ac                HAL_GetTick
 .text.HAL_Delay
                0x080003b8       0x1c ./system/src/stm32f1xx/stm32f1xx_hal.o
                0x080003b8                HAL_Delay
 .text.HAL_ADC_ConfigChannel
                0x080003d4      0x208 ./system/src/stm32f1xx/stm32f1xx_hal_adc.o
                0x080003d4                HAL_ADC_ConfigChannel
 .text.ADC_ConversionStop_Disable
                0x080005dc       0x50 ./system/src/stm32f1xx/stm32f1xx_hal_adc.o
                0x080005dc                ADC_ConversionStop_Disable
 .text.HAL_ADC_Init
                0x0800062c      0x200 ./system/src/stm32f1xx/stm32f1xx_hal_adc.o
                0x0800062c                HAL_ADC_Init
 .text.HAL_NVIC_SetPriorityGrouping
                0x0800082c       0x3c ./system/src/stm32f1xx/stm32f1xx_hal_cortex.o
                0x0800082c                HAL_NVIC_SetPriorityGrouping
 .text.HAL_NVIC_SetPriority
                0x08000868       0x84 ./system/src/stm32f1xx/stm32f1xx_hal_cortex.o
                0x08000868                HAL_NVIC_SetPriority
 .text.HAL_NVIC_EnableIRQ
                0x080008ec       0x2c ./system/src/stm32f1xx/stm32f1xx_hal_cortex.o
                0x080008ec                HAL_NVIC_EnableIRQ
 .text.HAL_SYSTICK_Config
                0x08000918       0x2c ./system/src/stm32f1xx/stm32f1xx_hal_cortex.o
                0x08000918                HAL_SYSTICK_Config
 .text.HAL_SYSTICK_CLKSourceConfig
                0x08000944       0x38 ./system/src/stm32f1xx/stm32f1xx_hal_cortex.o
                0x08000944                HAL_SYSTICK_CLKSourceConfig
 .text.HAL_CRC_Init
                0x0800097c       0x3c ./system/src/stm32f1xx/stm32f1xx_hal_crc.o
                0x0800097c                HAL_CRC_Init
 .text.HAL_DMA_Init
                0x080009b8      0x124 ./system/src/stm32f1xx/stm32f1xx_hal_dma.o
                0x080009b8                HAL_DMA_Init
 .text.HAL_GPIO_Init
                0x08000adc      0x300 ./system/src/stm32f1xx/stm32f1xx_hal_gpio.o
                0x08000adc                HAL_GPIO_Init
 .text.HAL_GPIO_WritePin
                0x08000ddc       0x34 ./system/src/stm32f1xx/stm32f1xx_hal_gpio.o
                0x08000ddc                HAL_GPIO_WritePin
 .text.HAL_GPIO_TogglePin
                0x08000e10       0x20 ./system/src/stm32f1xx/stm32f1xx_hal_gpio.o
                0x08000e10                HAL_GPIO_TogglePin
 .text.HAL_GPIO_EXTI_IRQHandler
                0x08000e30       0x18 ./system/src/stm32f1xx/stm32f1xx_hal_gpio.o
                0x08000e30                HAL_GPIO_EXTI_IRQHandler
 .text.I2C_Configure_Speed
                0x08000e48       0x4c ./system/src/stm32f1xx/stm32f1xx_hal_i2c.o
 .text.HAL_I2C_Init
                0x08000e94      0x178 ./system/src/stm32f1xx/stm32f1xx_hal_i2c.o
                0x08000e94                HAL_I2C_Init
 .text.HAL_PCD_Init
                0x0800100c       0xf8 ./system/src/stm32f1xx/stm32f1xx_hal_pcd.o
                0x0800100c                HAL_PCD_Init
 .text.HAL_PCD_Start
                0x08001104       0x30 ./system/src/stm32f1xx/stm32f1xx_hal_pcd.o
                0x08001104                HAL_PCD_Start
 .text.HAL_PCD_Stop
                0x08001134       0x30 ./system/src/stm32f1xx/stm32f1xx_hal_pcd.o
                0x08001134                HAL_PCD_Stop
 .text.HAL_PCD_SetAddress
                0x08001164       0x28 ./system/src/stm32f1xx/stm32f1xx_hal_pcd.o
                0x08001164                HAL_PCD_SetAddress
 .text.HAL_PCD_EP_Open
                0x0800118c       0x54 ./system/src/stm32f1xx/stm32f1xx_hal_pcd.o
                0x0800118c                HAL_PCD_EP_Open
 .text.HAL_PCD_EP_Receive
                0x080011e0       0x58 ./system/src/stm32f1xx/stm32f1xx_hal_pcd.o
                0x080011e0                HAL_PCD_EP_Receive
 .text.HAL_PCD_EP_Transmit
                0x08001238       0x54 ./system/src/stm32f1xx/stm32f1xx_hal_pcd.o
                0x08001238                HAL_PCD_EP_Transmit
 .text.PCD_EP_ISR_Handler
                0x0800128c      0x45c ./system/src/stm32f1xx/stm32f1xx_hal_pcd.o
 .text.HAL_PCD_IRQHandler
                0x080016e8      0x154 ./system/src/stm32f1xx/stm32f1xx_hal_pcd.o
                0x080016e8                HAL_PCD_IRQHandler
 .text.HAL_PCD_EP_SetStall
                0x0800183c       0x5c ./system/src/stm32f1xx/stm32f1xx_hal_pcd.o
                0x0800183c                HAL_PCD_EP_SetStall
 .text.HAL_PCD_EP_ClrStall
                0x08001898       0x50 ./system/src/stm32f1xx/stm32f1xx_hal_pcd.o
                0x08001898                HAL_PCD_EP_ClrStall
 .text.HAL_PCDEx_PMAConfig
                0x080018e8       0x38 ./system/src/stm32f1xx/stm32f1xx_hal_pcd_ex.o
                0x080018e8                HAL_PCDEx_PMAConfig
 .text.HAL_RCC_OscConfig
                0x08001920      0x71c ./system/src/stm32f1xx/stm32f1xx_hal_rcc.o
                0x08001920                HAL_RCC_OscConfig
 .text.HAL_RCC_GetSysClockFreq
                0x0800203c       0x94 ./system/src/stm32f1xx/stm32f1xx_hal_rcc.o
                0x0800203c                HAL_RCC_GetSysClockFreq
 .text.HAL_RCC_ClockConfig
                0x080020d0      0x2a4 ./system/src/stm32f1xx/stm32f1xx_hal_rcc.o
                0x080020d0                HAL_RCC_ClockConfig
 .text.HAL_RCC_GetHCLKFreq
                0x08002374        0xc ./system/src/stm32f1xx/stm32f1xx_hal_rcc.o
                0x08002374                HAL_RCC_GetHCLKFreq
 .text.HAL_RCC_GetPCLK1Freq
                0x08002380       0x30 ./system/src/stm32f1xx/stm32f1xx_hal_rcc.o
                0x08002380                HAL_RCC_GetPCLK1Freq
 .text.HAL_RCC_GetPCLK2Freq
                0x080023b0       0x30 ./system/src/stm32f1xx/stm32f1xx_hal_rcc.o
                0x080023b0                HAL_RCC_GetPCLK2Freq
 .text.HAL_RCC_GetClockConfig
                0x080023e0       0x60 ./system/src/stm32f1xx/stm32f1xx_hal_rcc.o
                0x080023e0                HAL_RCC_GetClockConfig
 .text.HAL_RCCEx_PeriphCLKConfig
                0x08002440      0x1a0 ./system/src/stm32f1xx/stm32f1xx_hal_rcc_ex.o
                0x08002440                HAL_RCCEx_PeriphCLKConfig
 .text.TIM_OC1_SetConfig
                0x080025e0       0xa4 ./system/src/stm32f1xx/stm32f1xx_hal_tim.o
 .text.TIM_OC3_SetConfig
                0x08002684       0xa8 ./system/src/stm32f1xx/stm32f1xx_hal_tim.o
 .text.TIM_OC4_SetConfig
                0x0800272c       0x68 ./system/src/stm32f1xx/stm32f1xx_hal_tim.o
 .text.HAL_TIM_Base_MspInit
                0x08002794        0x4 ./system/src/stm32f1xx/stm32f1xx_hal_tim.o
                0x08002794                HAL_TIM_Base_MspInit
 .text.HAL_TIM_Base_Start_IT
                0x08002798       0x4c ./system/src/stm32f1xx/stm32f1xx_hal_tim.o
                0x08002798                HAL_TIM_Base_Start_IT
 .text.HAL_TIM_OC_DelayElapsedCallback
                0x080027e4        0x4 ./system/src/stm32f1xx/stm32f1xx_hal_tim.o
                0x080027e4                HAL_TIM_OC_DelayElapsedCallback
 .text.HAL_TIM_IC_CaptureCallback
                0x080027e8        0x4 ./system/src/stm32f1xx/stm32f1xx_hal_tim.o
                0x080027e8                HAL_TIM_IC_CaptureCallback
 .text.HAL_TIM_PWM_PulseFinishedCallback
                0x080027ec        0x4 ./system/src/stm32f1xx/stm32f1xx_hal_tim.o
                0x080027ec                HAL_TIM_PWM_PulseFinishedCallback
 .text.HAL_TIM_TriggerCallback
                0x080027f0        0x4 ./system/src/stm32f1xx/stm32f1xx_hal_tim.o
                0x080027f0                HAL_TIM_TriggerCallback
 .text.HAL_TIM_IRQHandler
                0x080027f4      0x174 ./system/src/stm32f1xx/stm32f1xx_hal_tim.o
                0x080027f4                HAL_TIM_IRQHandler
 .text.TIM_Base_SetConfig
                0x08002968       0x68 ./system/src/stm32f1xx/stm32f1xx_hal_tim.o
                0x08002968                TIM_Base_SetConfig
 .text.HAL_TIM_Base_Init
                0x080029d0       0x9c ./system/src/stm32f1xx/stm32f1xx_hal_tim.o
                0x080029d0                HAL_TIM_Base_Init
 .text.HAL_TIM_PWM_Init
                0x08002a6c       0xa4 ./system/src/stm32f1xx/stm32f1xx_hal_tim.o
                0x08002a6c                HAL_TIM_PWM_Init
 .text.TIM_OC2_SetConfig
                0x08002b10       0xa8 ./system/src/stm32f1xx/stm32f1xx_hal_tim.o
                0x08002b10                TIM_OC2_SetConfig
 .text.HAL_TIM_PWM_ConfigChannel
                0x08002bb8      0x1e8 ./system/src/stm32f1xx/stm32f1xx_hal_tim.o
                0x08002bb8                HAL_TIM_PWM_ConfigChannel
 .text.TIM_CCxChannelCmd
                0x08002da0       0x6c ./system/src/stm32f1xx/stm32f1xx_hal_tim.o
                0x08002da0                TIM_CCxChannelCmd
 .text.HAL_TIM_PWM_Start
                0x08002e0c       0x6c ./system/src/stm32f1xx/stm32f1xx_hal_tim.o
                0x08002e0c                HAL_TIM_PWM_Start
 .text.HAL_TIMEx_MasterConfigSynchronization
                0x08002e78       0xc0 ./system/src/stm32f1xx/stm32f1xx_hal_tim_ex.o
                0x08002e78                HAL_TIMEx_MasterConfigSynchronization
 .text.HAL_TIMEx_CommutationCallback
                0x08002f38        0x4 ./system/src/stm32f1xx/stm32f1xx_hal_tim_ex.o
                0x08002f38                HAL_TIMEx_CommutationCallback
 .text.HAL_TIMEx_BreakCallback
                0x08002f3c        0x4 ./system/src/stm32f1xx/stm32f1xx_hal_tim_ex.o
                0x08002f3c                HAL_TIMEx_BreakCallback
 .text.UART_Transmit_IT
                0x08002f40       0x6c ./system/src/stm32f1xx/stm32f1xx_hal_uart.o
 .text.UART_SetConfig
                0x08002fac      0x228 ./system/src/stm32f1xx/stm32f1xx_hal_uart.o
 .text.UART_WaitOnFlagUntilTimeout
                0x080031d4       0xd4 ./system/src/stm32f1xx/stm32f1xx_hal_uart.o
 .text.HAL_UART_Init
                0x080032a8       0xf8 ./system/src/stm32f1xx/stm32f1xx_hal_uart.o
                0x080032a8                HAL_UART_Init
 .text.HAL_UART_Transmit
                0x080033a0       0xec ./system/src/stm32f1xx/stm32f1xx_hal_uart.o
                0x080033a0                HAL_UART_Transmit
 .text.HAL_UART_Receive
                0x0800348c       0xf0 ./system/src/stm32f1xx/stm32f1xx_hal_uart.o
                0x0800348c                HAL_UART_Receive
 .text.HAL_UART_TxCpltCallback
                0x0800357c        0x4 ./system/src/stm32f1xx/stm32f1xx_hal_uart.o
                0x0800357c                HAL_UART_TxCpltCallback
 .text.UART_EndTransmit_IT
                0x08003580       0x2c ./system/src/stm32f1xx/stm32f1xx_hal_uart.o
 .text.HAL_UART_RxCpltCallback
                0x080035ac        0x4 ./system/src/stm32f1xx/stm32f1xx_hal_uart.o
                0x080035ac                HAL_UART_RxCpltCallback
 .text.UART_Receive_IT
                0x080035b0       0xb4 ./system/src/stm32f1xx/stm32f1xx_hal_uart.o
 .text.HAL_UART_ErrorCallback
                0x08003664        0x4 ./system/src/stm32f1xx/stm32f1xx_hal_uart.o
                0x08003664                HAL_UART_ErrorCallback
 .text.HAL_UART_IRQHandler
                0x08003668       0xc4 ./system/src/stm32f1xx/stm32f1xx_hal_uart.o
                0x08003668                HAL_UART_IRQHandler
 .text.USB_CoreInit
                0x0800372c       0x10 ./system/src/stm32f1xx/stm32f1xx_ll_usb.o
                0x0800372c                USB_CoreInit
 .text.USB_EnableGlobalInt
                0x0800373c       0x14 ./system/src/stm32f1xx/stm32f1xx_ll_usb.o
                0x0800373c                USB_EnableGlobalInt
 .text.USB_DisableGlobalInt
                0x08003750       0x14 ./system/src/stm32f1xx/stm32f1xx_ll_usb.o
                0x08003750                USB_DisableGlobalInt
 .text.USB_SetCurrentMode
                0x08003764        0x4 ./system/src/stm32f1xx/stm32f1xx_ll_usb.o
                0x08003764                USB_SetCurrentMode
 .text.USB_DevInit
                0x08003768       0x28 ./system/src/stm32f1xx/stm32f1xx_ll_usb.o
                0x08003768                USB_DevInit
 .text.USB_ActivateEndpoint
                0x08003790      0x33c ./system/src/stm32f1xx/stm32f1xx_ll_usb.o
                0x08003790                USB_ActivateEndpoint
 .text.USB_EPSetStall
                0x08003acc       0x70 ./system/src/stm32f1xx/stm32f1xx_ll_usb.o
                0x08003acc                USB_EPSetStall
 .text.USB_EPClearStall
                0x08003b3c       0x98 ./system/src/stm32f1xx/stm32f1xx_ll_usb.o
                0x08003b3c                USB_EPClearStall
 .text.USB_StopDevice
                0x08003bd4       0x18 ./system/src/stm32f1xx/stm32f1xx_ll_usb.o
                0x08003bd4                USB_StopDevice
 .text.USB_SetDevAddress
                0x08003bec        0xc ./system/src/stm32f1xx/stm32f1xx_ll_usb.o
                0x08003bec                USB_SetDevAddress
 .text.USB_DevConnect
                0x08003bf8        0x4 ./system/src/stm32f1xx/stm32f1xx_ll_usb.o
                0x08003bf8                USB_DevConnect
 .text.USB_DevDisconnect
                0x08003bfc        0x4 ./system/src/stm32f1xx/stm32f1xx_ll_usb.o
                0x08003bfc                USB_DevDisconnect
 .text.USB_ReadInterrupts
                0x08003c00        0x8 ./system/src/stm32f1xx/stm32f1xx_ll_usb.o
                0x08003c00                USB_ReadInterrupts
 .text.USB_EP0_OutStart
                0x08003c08        0x4 ./system/src/stm32f1xx/stm32f1xx_ll_usb.o
                0x08003c08                USB_EP0_OutStart
 .text.USB_WritePMA
                0x08003c0c       0x28 ./system/src/stm32f1xx/stm32f1xx_ll_usb.o
                0x08003c0c                USB_WritePMA
 .text.USB_EPStartXfer
                0x08003c34      0x2e8 ./system/src/stm32f1xx/stm32f1xx_ll_usb.o
                0x08003c34                USB_EPStartXfer
 .text.USB_ReadPMA
                0x08003f1c       0x20 ./system/src/stm32f1xx/stm32f1xx_ll_usb.o
                0x08003f1c                USB_ReadPMA
 .text._exit    0x08003f3c        0x4 ./system/src/newlib/_exit.o
                0x08003f3c                _exit
 .text._sbrk    0x08003f40       0x44 ./system/src/newlib/_sbrk.o
                0x08003f40                _sbrk
 .text.__initialize_args
                0x08003f84       0x10 ./system/src/newlib/_syscalls.o
                0x08003f84                __initialize_args
 .text.trace_printf
                0x08003f94       0x30 ./system/src/diag/Trace.o
                0x08003f94                trace_printf
 .text._trace_write_semihosting_debug
                0x08003fc4       0x64 ./system/src/diag/trace_impl.o
 .text.trace_write
                0x08004028        0x8 ./system/src/diag/trace_impl.o
                0x08004028                trace_write
 .text.__initialize_hardware_early
                0x08004030       0x18 ./system/src/cortexm/_initialize_hardware.o
                0x08004030                __initialize_hardware_early
 .text.__initialize_hardware
                0x08004048        0x8 ./system/src/cortexm/_initialize_hardware.o
                0x08004048                __initialize_hardware
 .text.dumpExceptionStack
                0x08004050       0xf0 ./system/src/cortexm/exception_handlers.o
                0x08004050                dumpExceptionStack
 .text.isSemihosting
                0x08004140       0x20 ./system/src/cortexm/exception_handlers.o
                0x08004140                isSemihosting
 .text.Default_Handler
                0x08004160        0x2 ./system/src/cmsis/startup_stm32f103xb.o
                0x08004160                RTC_Alarm_IRQHandler
                0x08004160                EXTI2_IRQHandler
                0x08004160                TIM1_CC_IRQHandler
                0x08004160                PVD_IRQHandler
                0x08004160                EXTI3_IRQHandler
                0x08004160                I2C2_EV_IRQHandler
                0x08004160                ADC1_2_IRQHandler
                0x08004160                SPI1_IRQHandler
                0x08004160                TAMPER_IRQHandler
                0x08004160                DMA1_Channel4_IRQHandler
                0x08004160                RTC_IRQHandler
                0x08004160                DMA1_Channel7_IRQHandler
                0x08004160                CAN1_RX1_IRQHandler
                0x08004160                TIM4_IRQHandler
                0x08004160                I2C1_EV_IRQHandler
                0x08004160                DMA1_Channel6_IRQHandler
                0x08004160                TIM3_IRQHandler
                0x08004160                RCC_IRQHandler
                0x08004160                TIM1_TRG_COM_IRQHandler
                0x08004160                DMA1_Channel1_IRQHandler
                0x08004160                Default_Handler
                0x08004160                EXTI15_10_IRQHandler
                0x08004160                EXTI9_5_IRQHandler
                0x08004160                SPI2_IRQHandler
                0x08004160                DMA1_Channel5_IRQHandler
                0x08004160                EXTI4_IRQHandler
                0x08004160                USB_HP_CAN1_TX_IRQHandler
                0x08004160                DMA1_Channel3_IRQHandler
                0x08004160                WWDG_IRQHandler
                0x08004160                TIM2_IRQHandler
                0x08004160                TIM1_BRK_IRQHandler
                0x08004160                I2C2_ER_IRQHandler
                0x08004160                DMA1_Channel2_IRQHandler
                0x08004160                CAN1_SCE_IRQHandler
                0x08004160                FLASH_IRQHandler
                0x08004160                USART1_IRQHandler
                0x08004160                I2C1_ER_IRQHandler
                0x08004160                USBWakeUp_IRQHandler
 *fill*         0x08004162        0x2 
 .text.SystemInit
                0x08004164       0x4c ./system/src/cmsis/system_stm32f1xx.o
                0x08004164                SystemInit
 .text.SystemCoreClockUpdate
                0x080041b0       0x94 ./system/src/cmsis/system_stm32f1xx.o
                0x080041b0                SystemCoreClockUpdate
 .text.MX_GPIO_Init
                0x08004244       0xec ./src/main.o
 .text.MX_DMA_Init
                0x08004330       0x44 ./src/main.o
 .text.red_led_task
                0x08004374       0x74 ./src/main.o
                0x08004374                red_led_task
 .text.check_number_task
                0x080043e8      0x12c ./src/main.o
                0x080043e8                check_number_task
 .text.HAL_TIM_PeriodElapsedCallback
                0x08004514       0x14 ./src/main.o
                0x08004514                HAL_TIM_PeriodElapsedCallback
 .text.Error_Handler
                0x08004528        0x4 ./src/main.o
                0x08004528                Error_Handler
 .text.MX_ADC1_Init
                0x0800452c       0x50 ./src/main.o
 .text.MX_CRC_Init
                0x0800457c       0x1c ./src/main.o
 .text.MX_I2C1_Init
                0x08004598       0x38 ./src/main.o
 .text.MX_TIM3_Init
                0x080045d0       0x70 ./src/main.o
 .text.MX_USART2_UART_Init
                0x08004640       0x50 ./src/main.o
 .text.MX_USART3_UART_Init
                0x08004690       0x34 ./src/main.o
 .text.SystemClock_Config
                0x080046c4       0x90 ./src/main.o
                0x080046c4                SystemClock_Config
 .text.main     0x08004754       0xe0 ./src/main.o
                0x08004754                main
 .text.servo_task
                0x08004834       0x84 ./src/main.o
                0x08004834                servo_task
 .text.assert_failed
                0x080048b8        0x4 ./src/main.o
                0x080048b8                assert_failed
 .text.HAL_MspInit
                0x080048bc       0x90 ./src/stm32f1xx_hal_msp.o
                0x080048bc                HAL_MspInit
 .text.HAL_ADC_MspInit
                0x0800494c       0x40 ./src/stm32f1xx_hal_msp.o
                0x0800494c                HAL_ADC_MspInit
 .text.HAL_CRC_MspInit
                0x0800498c       0x28 ./src/stm32f1xx_hal_msp.o
                0x0800498c                HAL_CRC_MspInit
 .text.HAL_I2C_MspInit
                0x080049b4       0x48 ./src/stm32f1xx_hal_msp.o
                0x080049b4                HAL_I2C_MspInit
 .text.HAL_TIM_PWM_MspInit
                0x080049fc       0x28 ./src/stm32f1xx_hal_msp.o
                0x080049fc                HAL_TIM_PWM_MspInit
 .text.HAL_TIM_MspPostInit
                0x08004a24       0x30 ./src/stm32f1xx_hal_msp.o
                0x08004a24                HAL_TIM_MspPostInit
 .text.HAL_UART_MspInit
                0x08004a54      0x108 ./src/stm32f1xx_hal_msp.o
                0x08004a54                HAL_UART_MspInit
 .text.HAL_InitTick
                0x08004b5c       0x78 ./src/stm32f1xx_hal_timebase_TIM.o
                0x08004b5c                HAL_InitTick
 .text.NMI_Handler
                0x08004bd4        0x4 ./src/stm32f1xx_it.o
                0x08004bd4                NMI_Handler
 .text.HardFault_Handler
                0x08004bd8        0x4 ./src/stm32f1xx_it.o
                0x08004bd8                HardFault_Handler
 .text.MemManage_Handler
                0x08004bdc        0x4 ./src/stm32f1xx_it.o
                0x08004bdc                MemManage_Handler
 .text.BusFault_Handler
                0x08004be0        0x4 ./src/stm32f1xx_it.o
                0x08004be0                BusFault_Handler
 .text.UsageFault_Handler
                0x08004be4        0x4 ./src/stm32f1xx_it.o
                0x08004be4                UsageFault_Handler
 .text.DebugMon_Handler
                0x08004be8        0x4 ./src/stm32f1xx_it.o
                0x08004be8                DebugMon_Handler
 .text.SysTick_Handler
                0x08004bec        0x8 ./src/stm32f1xx_it.o
                0x08004bec                SysTick_Handler
 .text.EXTI0_IRQHandler
                0x08004bf4        0xc ./src/stm32f1xx_it.o
                0x08004bf4                EXTI0_IRQHandler
 .text.EXTI1_IRQHandler
                0x08004c00        0xc ./src/stm32f1xx_it.o
                0x08004c00                EXTI1_IRQHandler
 .text.HAL_GPIO_EXTI_Callback
                0x08004c0c        0xc ./src/stm32f1xx_it.o
                0x08004c0c                HAL_GPIO_EXTI_Callback
 .text.USB_LP_CAN1_RX0_IRQHandler
                0x08004c18       0x10 ./src/stm32f1xx_it.o
                0x08004c18                USB_LP_CAN1_RX0_IRQHandler
 .text.TIM1_UP_IRQHandler
                0x08004c28       0x10 ./src/stm32f1xx_it.o
                0x08004c28                TIM1_UP_IRQHandler
 .text.USART2_IRQHandler
                0x08004c38       0x50 ./src/stm32f1xx_it.o
                0x08004c38                USART2_IRQHandler
 .text.USART3_IRQHandler
                0x08004c88       0x10 ./src/stm32f1xx_it.o
                0x08004c88                USART3_IRQHandler
 .text.MX_USB_DEVICE_Init
                0x08004c98       0x38 ./src/usb_device.o
                0x08004c98                MX_USB_DEVICE_Init
 .text.HAL_PCD_MspInit
                0x08004cd0       0x40 ./src/usbd_conf.o
                0x08004cd0                HAL_PCD_MspInit
 .text.HAL_PCD_SetupStageCallback
                0x08004d10       0x10 ./src/usbd_conf.o
                0x08004d10                HAL_PCD_SetupStageCallback
 .text.HAL_PCD_DataOutStageCallback
                0x08004d20       0x14 ./src/usbd_conf.o
                0x08004d20                HAL_PCD_DataOutStageCallback
 .text.HAL_PCD_DataInStageCallback
                0x08004d34       0x14 ./src/usbd_conf.o
                0x08004d34                HAL_PCD_DataInStageCallback
 .text.HAL_PCD_SOFCallback
                0x08004d48        0xc ./src/usbd_conf.o
                0x08004d48                HAL_PCD_SOFCallback
 .text.HAL_PCD_ResetCallback
                0x08004d54       0x18 ./src/usbd_conf.o
                0x08004d54                HAL_PCD_ResetCallback
 .text.HAL_PCD_SuspendCallback
                0x08004d6c       0x20 ./src/usbd_conf.o
                0x08004d6c                HAL_PCD_SuspendCallback
 .text.HAL_PCD_ResumeCallback
                0x08004d8c        0xc ./src/usbd_conf.o
                0x08004d8c                HAL_PCD_ResumeCallback
 .text.USBD_LL_Init
                0x08004d98       0x58 ./src/usbd_conf.o
                0x08004d98                USBD_LL_Init
 .text.USBD_LL_Start
                0x08004df0       0x10 ./src/usbd_conf.o
                0x08004df0                USBD_LL_Start
 .text.USBD_LL_Stop
                0x08004e00       0x10 ./src/usbd_conf.o
                0x08004e00                USBD_LL_Stop
 .text.USBD_LL_OpenEP
                0x08004e10       0x14 ./src/usbd_conf.o
                0x08004e10                USBD_LL_OpenEP
 .text.USBD_LL_StallEP
                0x08004e24       0x10 ./src/usbd_conf.o
                0x08004e24                USBD_LL_StallEP
 .text.USBD_LL_ClearStallEP
                0x08004e34       0x10 ./src/usbd_conf.o
                0x08004e34                USBD_LL_ClearStallEP
 .text.USBD_LL_IsStallEP
                0x08004e44       0x28 ./src/usbd_conf.o
                0x08004e44                USBD_LL_IsStallEP
 .text.USBD_LL_SetUSBAddress
                0x08004e6c       0x10 ./src/usbd_conf.o
                0x08004e6c                USBD_LL_SetUSBAddress
 .text.USBD_LL_Transmit
                0x08004e7c       0x10 ./src/usbd_conf.o
                0x08004e7c                USBD_LL_Transmit
 .text.USBD_LL_PrepareReceive
                0x08004e8c       0x10 ./src/usbd_conf.o
                0x08004e8c                USBD_LL_PrepareReceive
 .text.USBD_static_malloc
                0x08004e9c        0x8 ./src/usbd_conf.o
                0x08004e9c                USBD_static_malloc
 .text.USBD_static_free
                0x08004ea4        0x4 ./src/usbd_conf.o
                0x08004ea4                USBD_static_free
 .text.HAL_PCDEx_SetConnectionState
                0x08004ea8        0x4 ./src/usbd_conf.o
                0x08004ea8                HAL_PCDEx_SetConnectionState
 .text.USBD_FS_DeviceDescriptor
                0x08004eac        0xc ./src/usbd_desc.o
                0x08004eac                USBD_FS_DeviceDescriptor
 .text.USBD_FS_LangIDStrDescriptor
                0x08004eb8        0xc ./src/usbd_desc.o
                0x08004eb8                USBD_FS_LangIDStrDescriptor
 .text.USBD_FS_ProductStrDescriptor
                0x08004ec4       0x24 ./src/usbd_desc.o
                0x08004ec4                USBD_FS_ProductStrDescriptor
 .text.USBD_FS_ManufacturerStrDescriptor
                0x08004ee8       0x1c ./src/usbd_desc.o
                0x08004ee8                USBD_FS_ManufacturerStrDescriptor
 .text.USBD_FS_SerialStrDescriptor
                0x08004f04       0x24 ./src/usbd_desc.o
                0x08004f04                USBD_FS_SerialStrDescriptor
 .text.USBD_FS_ConfigStrDescriptor
                0x08004f28       0x24 ./src/usbd_desc.o
                0x08004f28                USBD_FS_ConfigStrDescriptor
 .text.USBD_FS_InterfaceStrDescriptor
                0x08004f4c       0x24 ./src/usbd_desc.o
                0x08004f4c                USBD_FS_InterfaceStrDescriptor
 .text.MEM_If_Init_FS
                0x08004f70        0x4 ./src/usbd_dfu_if.o
 .text.MEM_If_DeInit_FS
                0x08004f74        0x4 ./src/usbd_dfu_if.o
 .text.MEM_If_Erase_FS
                0x08004f78        0x4 ./src/usbd_dfu_if.o
 .text.MEM_If_Write_FS
                0x08004f7c        0x4 ./src/usbd_dfu_if.o
 .text.MEM_If_Read_FS
                0x08004f80        0x4 ./src/usbd_dfu_if.o
 .text.MEM_If_GetStatus_FS
                0x08004f84        0x4 ./src/usbd_dfu_if.o
 .text.prvHeapInit
                0x08004f88       0x64 ./Middlewares/Third_Party/FreeRTOS/Source/portable/MemMang/heap_4.o
 .text.prvInsertBlockIntoFreeList
                0x08004fec       0x54 ./Middlewares/Third_Party/FreeRTOS/Source/portable/MemMang/heap_4.o
 .text.pvPortMalloc
                0x08005040       0xe0 ./Middlewares/Third_Party/FreeRTOS/Source/portable/MemMang/heap_4.o
                0x08005040                pvPortMalloc
 .text.vPortFree
                0x08005120       0x5c ./Middlewares/Third_Party/FreeRTOS/Source/portable/MemMang/heap_4.o
                0x08005120                vPortFree
 .text.prvPortStartFirstTask
                0x0800517c       0x20 ./Middlewares/Third_Party/FreeRTOS/Source/portable/GCC/ARM_CM3/port.o
 .text.pxPortInitialiseStack
                0x0800519c       0x20 ./Middlewares/Third_Party/FreeRTOS/Source/portable/GCC/ARM_CM3/port.o
                0x0800519c                pxPortInitialiseStack
 .text.SVC_Handler
                0x080051bc       0x24 ./Middlewares/Third_Party/FreeRTOS/Source/portable/GCC/ARM_CM3/port.o
                0x080051bc                SVC_Handler
 .text.vPortYield
                0x080051e0       0x18 ./Middlewares/Third_Party/FreeRTOS/Source/portable/GCC/ARM_CM3/port.o
                0x080051e0                vPortYield
 .text.ulPortSetInterruptMask
                0x080051f8       0x10 ./Middlewares/Third_Party/FreeRTOS/Source/portable/GCC/ARM_CM3/port.o
                0x080051f8                ulPortSetInterruptMask
 .text.prvTaskExitError
                0x08005208       0x1c ./Middlewares/Third_Party/FreeRTOS/Source/portable/GCC/ARM_CM3/port.o
 .text.vPortEnterCritical
                0x08005224       0x34 ./Middlewares/Third_Party/FreeRTOS/Source/portable/GCC/ARM_CM3/port.o
                0x08005224                vPortEnterCritical
 .text.vPortClearInterruptMask
                0x08005258        0x8 ./Middlewares/Third_Party/FreeRTOS/Source/portable/GCC/ARM_CM3/port.o
                0x08005258                vPortClearInterruptMask
 .text.vPortExitCritical
                0x08005260       0x24 ./Middlewares/Third_Party/FreeRTOS/Source/portable/GCC/ARM_CM3/port.o
                0x08005260                vPortExitCritical
 .text.PendSV_Handler
                0x08005284       0x44 ./Middlewares/Third_Party/FreeRTOS/Source/portable/GCC/ARM_CM3/port.o
                0x08005284                PendSV_Handler
 .text.xPortSysTickHandler
                0x080052c8       0x20 ./Middlewares/Third_Party/FreeRTOS/Source/portable/GCC/ARM_CM3/port.o
                0x080052c8                xPortSysTickHandler
 .text.vPortSetupTimerInterrupt
                0x080052e8       0x2c ./Middlewares/Third_Party/FreeRTOS/Source/portable/GCC/ARM_CM3/port.o
                0x080052e8                vPortSetupTimerInterrupt
 .text.xPortStartScheduler
                0x08005314       0x98 ./Middlewares/Third_Party/FreeRTOS/Source/portable/GCC/ARM_CM3/port.o
                0x08005314                xPortStartScheduler
 .text.vPortValidateInterruptPriority
                0x080053ac       0x48 ./Middlewares/Third_Party/FreeRTOS/Source/portable/GCC/ARM_CM3/port.o
                0x080053ac                vPortValidateInterruptPriority
 .text.makeFreeRtosPriority
                0x080053f4        0xc ./Middlewares/Third_Party/FreeRTOS/Source/CMSIS_RTOS/cmsis_os.o
 .text.inHandlerMode
                0x08005400        0xc ./Middlewares/Third_Party/FreeRTOS/Source/CMSIS_RTOS/cmsis_os.o
 .text.osKernelStart
                0x0800540c        0xc ./Middlewares/Third_Party/FreeRTOS/Source/CMSIS_RTOS/cmsis_os.o
                0x0800540c                osKernelStart
 .text.osThreadCreate
                0x08005418       0x3c ./Middlewares/Third_Party/FreeRTOS/Source/CMSIS_RTOS/cmsis_os.o
                0x08005418                osThreadCreate
 .text.osDelay  0x08005454       0x10 ./Middlewares/Third_Party/FreeRTOS/Source/CMSIS_RTOS/cmsis_os.o
                0x08005454                osDelay
 .text.osSemaphoreCreate
                0x08005464       0x28 ./Middlewares/Third_Party/FreeRTOS/Source/CMSIS_RTOS/cmsis_os.o
                0x08005464                osSemaphoreCreate
 .text.osSemaphoreWait
                0x0800548c       0x64 ./Middlewares/Third_Party/FreeRTOS/Source/CMSIS_RTOS/cmsis_os.o
                0x0800548c                osSemaphoreWait
 .text.osSemaphoreRelease
                0x080054f0       0x54 ./Middlewares/Third_Party/FreeRTOS/Source/CMSIS_RTOS/cmsis_os.o
                0x080054f0                osSemaphoreRelease
 .text.osMessageCreate
                0x08005544       0x10 ./Middlewares/Third_Party/FreeRTOS/Source/CMSIS_RTOS/cmsis_os.o
                0x08005544                osMessageCreate
 .text.osSystickHandler
                0x08005554       0x10 ./Middlewares/Third_Party/FreeRTOS/Source/CMSIS_RTOS/cmsis_os.o
                0x08005554                osSystickHandler
 .text.vListInitialise
                0x08005564       0x18 ./Middlewares/Third_Party/FreeRTOS/Source/list.o
                0x08005564                vListInitialise
 .text.vListInitialiseItem
                0x0800557c        0x8 ./Middlewares/Third_Party/FreeRTOS/Source/list.o
                0x0800557c                vListInitialiseItem
 .text.vListInsertEnd
                0x08005584       0x18 ./Middlewares/Third_Party/FreeRTOS/Source/list.o
                0x08005584                vListInsertEnd
 .text.vListInsert
                0x0800559c       0x34 ./Middlewares/Third_Party/FreeRTOS/Source/list.o
                0x0800559c                vListInsert
 .text.uxListRemove
                0x080055d0       0x24 ./Middlewares/Third_Party/FreeRTOS/Source/list.o
                0x080055d0                uxListRemove
 .text.prvIsQueueFull
                0x080055f4       0x20 ./Middlewares/Third_Party/FreeRTOS/Source/queue.o
 .text.prvIsQueueEmpty
                0x08005614       0x1c ./Middlewares/Third_Party/FreeRTOS/Source/queue.o
 .text.prvCopyDataToQueue
                0x08005630       0x7c ./Middlewares/Third_Party/FreeRTOS/Source/queue.o
 .text.prvCopyDataFromQueue
                0x080056ac       0x24 ./Middlewares/Third_Party/FreeRTOS/Source/queue.o
 .text.prvUnlockQueue
                0x080056d0       0x64 ./Middlewares/Third_Party/FreeRTOS/Source/queue.o
 .text.xQueueGenericReset
                0x08005734       0x64 ./Middlewares/Third_Party/FreeRTOS/Source/queue.o
                0x08005734                xQueueGenericReset
 .text.xQueueGenericCreate
                0x08005798       0x50 ./Middlewares/Third_Party/FreeRTOS/Source/queue.o
                0x08005798                xQueueGenericCreate
 .text.xQueueGenericSend
                0x080057e8      0x12c ./Middlewares/Third_Party/FreeRTOS/Source/queue.o
                0x080057e8                xQueueGenericSend
 .text.xQueueGiveFromISR
                0x08005914       0x8c ./Middlewares/Third_Party/FreeRTOS/Source/queue.o
                0x08005914                xQueueGiveFromISR
 .text.xQueueGenericReceive
                0x080059a0      0x13c ./Middlewares/Third_Party/FreeRTOS/Source/queue.o
                0x080059a0                xQueueGenericReceive
 .text.xQueueReceiveFromISR
                0x08005adc       0x84 ./Middlewares/Third_Party/FreeRTOS/Source/queue.o
                0x08005adc                xQueueReceiveFromISR
 .text.uxQueueMessagesWaiting
                0x08005b60       0x1c ./Middlewares/Third_Party/FreeRTOS/Source/queue.o
                0x08005b60                uxQueueMessagesWaiting
 .text.prvResetNextTaskUnblockTime
                0x08005b7c       0x34 ./Middlewares/Third_Party/FreeRTOS/Source/tasks.o
 .text.prvDeleteTCB
                0x08005bb0       0x14 ./Middlewares/Third_Party/FreeRTOS/Source/tasks.o
 .text.prvAllocateTCBAndStack
                0x08005bc4       0x3c ./Middlewares/Third_Party/FreeRTOS/Source/tasks.o
 .text.prvInitialiseTCBVariables
                0x08005c00       0x50 ./Middlewares/Third_Party/FreeRTOS/Source/tasks.o
 .text.prvInitialiseTaskLists
                0x08005c50       0x64 ./Middlewares/Third_Party/FreeRTOS/Source/tasks.o
 .text.prvAddCurrentTaskToDelayedList
                0x08005cb4       0x54 ./Middlewares/Third_Party/FreeRTOS/Source/tasks.o
 .text.xTaskGenericCreate
                0x08005d08      0x10c ./Middlewares/Third_Party/FreeRTOS/Source/tasks.o
                0x08005d08                xTaskGenericCreate
 .text.vTaskStartScheduler
                0x08005e14       0x5c ./Middlewares/Third_Party/FreeRTOS/Source/tasks.o
                0x08005e14                vTaskStartScheduler
 .text.vTaskSuspendAll
                0x08005e70       0x10 ./Middlewares/Third_Party/FreeRTOS/Source/tasks.o
                0x08005e70                vTaskSuspendAll
 .text.xTaskIncrementTick
                0x08005e80      0x11c ./Middlewares/Third_Party/FreeRTOS/Source/tasks.o
                0x08005e80                xTaskIncrementTick
 .text.xTaskResumeAll
                0x08005f9c       0xdc ./Middlewares/Third_Party/FreeRTOS/Source/tasks.o
                0x08005f9c                xTaskResumeAll
 .text.vTaskDelay
                0x08006078       0x64 ./Middlewares/Third_Party/FreeRTOS/Source/tasks.o
                0x08006078                vTaskDelay
 .text.prvCheckTasksWaitingTermination
                0x080060dc       0x54 ./Middlewares/Third_Party/FreeRTOS/Source/tasks.o
 .text.prvIdleTask
                0x08006130       0x18 ./Middlewares/Third_Party/FreeRTOS/Source/tasks.o
 .text.vTaskSwitchContext
                0x08006148       0x88 ./Middlewares/Third_Party/FreeRTOS/Source/tasks.o
                0x08006148                vTaskSwitchContext
 .text.vTaskPlaceOnEventList
                0x080061d0       0x64 ./Middlewares/Third_Party/FreeRTOS/Source/tasks.o
                0x080061d0                vTaskPlaceOnEventList
 .text.xTaskRemoveFromEventList
                0x08006234       0x80 ./Middlewares/Third_Party/FreeRTOS/Source/tasks.o
                0x08006234                xTaskRemoveFromEventList
 .text.vTaskSetTimeOutState
                0x080062b4       0x20 ./Middlewares/Third_Party/FreeRTOS/Source/tasks.o
                0x080062b4                vTaskSetTimeOutState
 .text.xTaskCheckForTimeOut
                0x080062d4       0x68 ./Middlewares/Third_Party/FreeRTOS/Source/tasks.o
                0x080062d4                xTaskCheckForTimeOut
 .text.vTaskMissedYield
                0x0800633c        0xc ./Middlewares/Third_Party/FreeRTOS/Source/tasks.o
                0x0800633c                vTaskMissedYield
 .text.xTaskGetSchedulerState
                0x08006348       0x20 ./Middlewares/Third_Party/FreeRTOS/Source/tasks.o
                0x08006348                xTaskGetSchedulerState
 .text.vTaskPriorityInherit
                0x08006368       0xa8 ./Middlewares/Third_Party/FreeRTOS/Source/tasks.o
                0x08006368                vTaskPriorityInherit
 .text.xTaskPriorityDisinherit
                0x08006410       0x9c ./Middlewares/Third_Party/FreeRTOS/Source/tasks.o
                0x08006410                xTaskPriorityDisinherit
 .text.pvTaskIncrementMutexHeldCount
                0x080064ac       0x1c ./Middlewares/Third_Party/FreeRTOS/Source/tasks.o
                0x080064ac                pvTaskIncrementMutexHeldCount
 .text.USBD_Init
                0x080064c8       0x30 ./Middlewares/ST/STM32_USB_Device_Library/Core/Src/usbd_core.o
                0x080064c8                USBD_Init
 .text.USBD_RegisterClass
                0x080064f8       0x10 ./Middlewares/ST/STM32_USB_Device_Library/Core/Src/usbd_core.o
                0x080064f8                USBD_RegisterClass
 .text.USBD_Start
                0x08006508        0xc ./Middlewares/ST/STM32_USB_Device_Library/Core/Src/usbd_core.o
                0x08006508                USBD_Start
 .text.USBD_Stop
                0x08006514       0x18 ./Middlewares/ST/STM32_USB_Device_Library/Core/Src/usbd_core.o
                0x08006514                USBD_Stop
 .text.USBD_SetClassConfig
                0x0800652c       0x1c ./Middlewares/ST/STM32_USB_Device_Library/Core/Src/usbd_core.o
                0x0800652c                USBD_SetClassConfig
 .text.USBD_ClrClassConfig
                0x08006548       0x10 ./Middlewares/ST/STM32_USB_Device_Library/Core/Src/usbd_core.o
                0x08006548                USBD_ClrClassConfig
 .text.USBD_LL_SetupStage
                0x08006558       0x5c ./Middlewares/ST/STM32_USB_Device_Library/Core/Src/usbd_core.o
                0x08006558                USBD_LL_SetupStage
 .text.USBD_LL_DataOutStage
                0x080065b4       0x68 ./Middlewares/ST/STM32_USB_Device_Library/Core/Src/usbd_core.o
                0x080065b4                USBD_LL_DataOutStage
 .text.USBD_LL_DataInStage
                0x0800661c       0xac ./Middlewares/ST/STM32_USB_Device_Library/Core/Src/usbd_core.o
                0x0800661c                USBD_LL_DataInStage
 .text.USBD_LL_Reset
                0x080066c8       0x40 ./Middlewares/ST/STM32_USB_Device_Library/Core/Src/usbd_core.o
                0x080066c8                USBD_LL_Reset
 .text.USBD_LL_SetSpeed
                0x08006708        0x8 ./Middlewares/ST/STM32_USB_Device_Library/Core/Src/usbd_core.o
                0x08006708                USBD_LL_SetSpeed
 .text.USBD_LL_Suspend
                0x08006710       0x14 ./Middlewares/ST/STM32_USB_Device_Library/Core/Src/usbd_core.o
                0x08006710                USBD_LL_Suspend
 .text.USBD_LL_Resume
                0x08006724        0xc ./Middlewares/ST/STM32_USB_Device_Library/Core/Src/usbd_core.o
                0x08006724                USBD_LL_Resume
 .text.USBD_LL_SOF
                0x08006730       0x18 ./Middlewares/ST/STM32_USB_Device_Library/Core/Src/usbd_core.o
                0x08006730                USBD_LL_SOF
 .text.USBD_GetLen
                0x08006748       0x14 ./Middlewares/ST/STM32_USB_Device_Library/Core/Src/usbd_ctlreq.o
 .text.USBD_SetFeature
                0x0800675c       0x20 ./Middlewares/ST/STM32_USB_Device_Library/Core/Src/usbd_ctlreq.o
 .text.USBD_ParseSetupRequest
                0x0800677c       0x28 ./Middlewares/ST/STM32_USB_Device_Library/Core/Src/usbd_ctlreq.o
                0x0800677c                USBD_ParseSetupRequest
 .text.USBD_CtlError
                0x080067a4       0x14 ./Middlewares/ST/STM32_USB_Device_Library/Core/Src/usbd_ctlreq.o
                0x080067a4                USBD_CtlError
 .text.USBD_GetDescriptor
                0x080067b8      0x134 ./Middlewares/ST/STM32_USB_Device_Library/Core/Src/usbd_ctlreq.o
 .text.USBD_SetAddress
                0x080068ec       0x4c ./Middlewares/ST/STM32_USB_Device_Library/Core/Src/usbd_ctlreq.o
 .text.USBD_SetConfig
                0x08006938       0xa8 ./Middlewares/ST/STM32_USB_Device_Library/Core/Src/usbd_ctlreq.o
 .text.USBD_GetConfig
                0x080069e0       0x3c ./Middlewares/ST/STM32_USB_Device_Library/Core/Src/usbd_ctlreq.o
 .text.USBD_GetStatus
                0x08006a1c       0x2c ./Middlewares/ST/STM32_USB_Device_Library/Core/Src/usbd_ctlreq.o
 .text.USBD_ClrFeature
                0x08006a48       0x30 ./Middlewares/ST/STM32_USB_Device_Library/Core/Src/usbd_ctlreq.o
 .text.USBD_StdDevReq
                0x08006a78       0x48 ./Middlewares/ST/STM32_USB_Device_Library/Core/Src/usbd_ctlreq.o
                0x08006a78                USBD_StdDevReq
 .text.USBD_StdItfReq
                0x08006ac0       0x38 ./Middlewares/ST/STM32_USB_Device_Library/Core/Src/usbd_ctlreq.o
                0x08006ac0                USBD_StdItfReq
 .text.USBD_StdEPReq
                0x08006af8      0x11c ./Middlewares/ST/STM32_USB_Device_Library/Core/Src/usbd_ctlreq.o
                0x08006af8                USBD_StdEPReq
 .text.USBD_GetString
                0x08006c14       0x3c ./Middlewares/ST/STM32_USB_Device_Library/Core/Src/usbd_ctlreq.o
                0x08006c14                USBD_GetString
 .text.USBD_CtlSendData
                0x08006c50       0x1c ./Middlewares/ST/STM32_USB_Device_Library/Core/Src/usbd_ioreq.o
                0x08006c50                USBD_CtlSendData
 .text.USBD_CtlContinueSendData
                0x08006c6c       0x10 ./Middlewares/ST/STM32_USB_Device_Library/Core/Src/usbd_ioreq.o
                0x08006c6c                USBD_CtlContinueSendData
 .text.USBD_CtlPrepareRx
                0x08006c7c       0x20 ./Middlewares/ST/STM32_USB_Device_Library/Core/Src/usbd_ioreq.o
                0x08006c7c                USBD_CtlPrepareRx
 .text.USBD_CtlContinueRx
                0x08006c9c       0x10 ./Middlewares/ST/STM32_USB_Device_Library/Core/Src/usbd_ioreq.o
                0x08006c9c                USBD_CtlContinueRx
 .text.USBD_CtlSendStatus
                0x08006cac       0x18 ./Middlewares/ST/STM32_USB_Device_Library/Core/Src/usbd_ioreq.o
                0x08006cac                USBD_CtlSendStatus
 .text.USBD_CtlReceiveStatus
                0x08006cc4       0x18 ./Middlewares/ST/STM32_USB_Device_Library/Core/Src/usbd_ioreq.o
                0x08006cc4                USBD_CtlReceiveStatus
 .text.USBD_DFU_GetCfgDesc
                0x08006cdc        0xc ./Middlewares/ST/STM32_USB_Device_Library/Class/DFU/Src/usbd_dfu.o
 .text.USBD_DFU_DataIn
                0x08006ce8        0x4 ./Middlewares/ST/STM32_USB_Device_Library/Class/DFU/Src/usbd_dfu.o
 .text.USBD_DFU_EP0_RxReady
                0x08006cec        0x4 ./Middlewares/ST/STM32_USB_Device_Library/Class/DFU/Src/usbd_dfu.o
 .text.USBD_DFU_SOF
                0x08006cf0        0x4 ./Middlewares/ST/STM32_USB_Device_Library/Class/DFU/Src/usbd_dfu.o
 .text.USBD_DFU_IsoINIncomplete
                0x08006cf4        0x4 ./Middlewares/ST/STM32_USB_Device_Library/Class/DFU/Src/usbd_dfu.o
 .text.USBD_DFU_IsoOutIncomplete
                0x08006cf8        0x4 ./Middlewares/ST/STM32_USB_Device_Library/Class/DFU/Src/usbd_dfu.o
 .text.USBD_DFU_DataOut
                0x08006cfc        0x4 ./Middlewares/ST/STM32_USB_Device_Library/Class/DFU/Src/usbd_dfu.o
 .text.USBD_DFU_GetDeviceQualifierDesc
                0x08006d00        0xc ./Middlewares/ST/STM32_USB_Device_Library/Class/DFU/Src/usbd_dfu.o
 .text.DFU_ClearStatus
                0x08006d0c       0x54 ./Middlewares/ST/STM32_USB_Device_Library/Class/DFU/Src/usbd_dfu.o
 .text.DFU_Abort
                0x08006d60       0x48 ./Middlewares/ST/STM32_USB_Device_Library/Class/DFU/Src/usbd_dfu.o
 .text.USBD_DFU_GetUsrStringDesc
                0x08006da8       0x20 ./Middlewares/ST/STM32_USB_Device_Library/Class/DFU/Src/usbd_dfu.o
 .text.DFU_Leave
                0x08006dc8       0x7c ./Middlewares/ST/STM32_USB_Device_Library/Class/DFU/Src/usbd_dfu.o
 .text.USBD_DFU_EP0_TxReady
                0x08006e44       0xf8 ./Middlewares/ST/STM32_USB_Device_Library/Class/DFU/Src/usbd_dfu.o
 .text.DFU_Upload
                0x08006f3c       0xec ./Middlewares/ST/STM32_USB_Device_Library/Class/DFU/Src/usbd_dfu.o
 .text.DFU_GetStatus
                0x08007028       0xdc ./Middlewares/ST/STM32_USB_Device_Library/Class/DFU/Src/usbd_dfu.o
 .text.DFU_GetState
                0x08007104       0x14 ./Middlewares/ST/STM32_USB_Device_Library/Class/DFU/Src/usbd_dfu.o
 .text.DFU_Download
                0x08007118       0x6c ./Middlewares/ST/STM32_USB_Device_Library/Class/DFU/Src/usbd_dfu.o
 .text.DFU_Detach
                0x08007184       0x6c ./Middlewares/ST/STM32_USB_Device_Library/Class/DFU/Src/usbd_dfu.o
 .text.USBD_DFU_Setup
                0x080071f0       0xc4 ./Middlewares/ST/STM32_USB_Device_Library/Class/DFU/Src/usbd_dfu.o
 .text.USBD_DFU_DeInit
                0x080072b4       0x44 ./Middlewares/ST/STM32_USB_Device_Library/Class/DFU/Src/usbd_dfu.o
 .text.USBD_DFU_Init
                0x080072f8       0x60 ./Middlewares/ST/STM32_USB_Device_Library/Class/DFU/Src/usbd_dfu.o
 .text.USBD_DFU_RegisterMedia
                0x08007358        0xc ./Middlewares/ST/STM32_USB_Device_Library/Class/DFU/Src/usbd_dfu.o
                0x08007358                USBD_DFU_RegisterMedia
 .text.__errno  0x08007364        0xc c:/program files (x86)/gnu tools arm embedded/5.4 2016q3/bin/../lib/gcc/arm-none-eabi/5.4.1/../../../../arm-none-eabi/lib/armv7-m\libg_nano.a(lib_a-errno.o)
                0x08007364                __errno
 .text.memcpy   0x08007370       0x16 c:/program files (x86)/gnu tools arm embedded/5.4 2016q3/bin/../lib/gcc/arm-none-eabi/5.4.1/../../../../arm-none-eabi/lib/armv7-m\libg_nano.a(lib_a-memcpy-stub.o)
                0x08007370                memcpy
 .text.memset   0x08007386       0x10 c:/program files (x86)/gnu tools arm embedded/5.4 2016q3/bin/../lib/gcc/arm-none-eabi/5.4.1/../../../../arm-none-eabi/lib/armv7-m\libg_nano.a(lib_a-memset.o)
                0x08007386                memset
 .text._vsnprintf_r
                0x08007396       0x56 c:/program files (x86)/gnu tools arm embedded/5.4 2016q3/bin/../lib/gcc/arm-none-eabi/5.4.1/../../../../arm-none-eabi/lib/armv7-m\libg_nano.a(lib_a-vsnprintf.o)
                0x08007396                _vsniprintf_r
                0x08007396                _vsnprintf_r
 .text.vsnprintf
                0x080073ec       0x1c c:/program files (x86)/gnu tools arm embedded/5.4 2016q3/bin/../lib/gcc/arm-none-eabi/5.4.1/../../../../arm-none-eabi/lib/armv7-m\libg_nano.a(lib_a-vsnprintf.o)
                0x080073ec                vsniprintf
                0x080073ec                vsnprintf
 .text.__ssputs_r
                0x08007408       0xb2 c:/program files (x86)/gnu tools arm embedded/5.4 2016q3/bin/../lib/gcc/arm-none-eabi/5.4.1/../../../../arm-none-eabi/lib/armv7-m\libg_nano.a(lib_a-nano-svfprintf.o)
                0x08007408                __ssputs_r
 *fill*         0x080074ba        0x2 
 .text._svfprintf_r
                0x080074bc      0x1e8 c:/program files (x86)/gnu tools arm embedded/5.4 2016q3/bin/../lib/gcc/arm-none-eabi/5.4.1/../../../../arm-none-eabi/lib/armv7-m\libg_nano.a(lib_a-nano-svfprintf.o)
                0x080074bc                _svfiprintf_r
                0x080074bc                _svfprintf_r
 .text._printf_common
                0x080076a4       0xec c:/program files (x86)/gnu tools arm embedded/5.4 2016q3/bin/../lib/gcc/arm-none-eabi/5.4.1/../../../../arm-none-eabi/lib/armv7-m\libg_nano.a(lib_a-nano-vfprintf_i.o)
                0x080076a4                _printf_common
 .text._printf_i
                0x08007790      0x24c c:/program files (x86)/gnu tools arm embedded/5.4 2016q3/bin/../lib/gcc/arm-none-eabi/5.4.1/../../../../arm-none-eabi/lib/armv7-m\libg_nano.a(lib_a-nano-vfprintf_i.o)
                0x08007790                _printf_i
 .text.memchr   0x080079dc       0x1c c:/program files (x86)/gnu tools arm embedded/5.4 2016q3/bin/../lib/gcc/arm-none-eabi/5.4.1/../../../../arm-none-eabi/lib/armv7-m\libg_nano.a(lib_a-memchr-stub.o)
                0x080079dc                memchr
 .text.memmove  0x080079f8       0x36 c:/program files (x86)/gnu tools arm embedded/5.4 2016q3/bin/../lib/gcc/arm-none-eabi/5.4.1/../../../../arm-none-eabi/lib/armv7-m\libg_nano.a(lib_a-memmove.o)
                0x080079f8                memmove
 *fill*         0x08007a2e        0x2 
 .text._free_r  0x08007a30       0x98 c:/program files (x86)/gnu tools arm embedded/5.4 2016q3/bin/../lib/gcc/arm-none-eabi/5.4.1/../../../../arm-none-eabi/lib/armv7-m\libg_nano.a(lib_a-nano-freer.o)
                0x08007a30                _free_r
 .text._malloc_r
                0x08007ac8       0xbc c:/program files (x86)/gnu tools arm embedded/5.4 2016q3/bin/../lib/gcc/arm-none-eabi/5.4.1/../../../../arm-none-eabi/lib/armv7-m\libg_nano.a(lib_a-nano-mallocr.o)
                0x08007ac8                _malloc_r
 .text._realloc_r
                0x08007b84       0x4c c:/program files (x86)/gnu tools arm embedded/5.4 2016q3/bin/../lib/gcc/arm-none-eabi/5.4.1/../../../../arm-none-eabi/lib/armv7-m\libg_nano.a(lib_a-nano-reallocr.o)
                0x08007b84                _realloc_r
 .text._sbrk_r  0x08007bd0       0x20 c:/program files (x86)/gnu tools arm embedded/5.4 2016q3/bin/../lib/gcc/arm-none-eabi/5.4.1/../../../../arm-none-eabi/lib/armv7-m\libg_nano.a(lib_a-sbrkr.o)
                0x08007bd0                _sbrk_r
 .text.__malloc_lock
                0x08007bf0        0x2 c:/program files (x86)/gnu tools arm embedded/5.4 2016q3/bin/../lib/gcc/arm-none-eabi/5.4.1/../../../../arm-none-eabi/lib/armv7-m\libg_nano.a(lib_a-mlock.o)
                0x08007bf0                __malloc_lock
 .text.__malloc_unlock
                0x08007bf2        0x2 c:/program files (x86)/gnu tools arm embedded/5.4 2016q3/bin/../lib/gcc/arm-none-eabi/5.4.1/../../../../arm-none-eabi/lib/armv7-m\libg_nano.a(lib_a-mlock.o)
                0x08007bf2                __malloc_unlock
 .text._malloc_usable_size_r
                0x08007bf4       0x14 c:/program files (x86)/gnu tools arm embedded/5.4 2016q3/bin/../lib/gcc/arm-none-eabi/5.4.1/../../../../arm-none-eabi/lib/armv7-m\libg_nano.a(lib_a-nano-msizer.o)
                0x08007bf4                _malloc_usable_size_r
 *(.rodata .rodata.* .constdata .constdata.*)
 .rodata.str1.4
                0x08007c08       0x2c ./system/src/stm32f1xx/stm32f1xx_hal_adc.o
 .rodata.str1.4
                0x08007c34       0x2f ./system/src/stm32f1xx/stm32f1xx_hal_cortex.o
 *fill*         0x08007c63        0x1 
 .rodata.str1.4
                0x08007c64       0x2c ./system/src/stm32f1xx/stm32f1xx_hal_crc.o
 .rodata.str1.4
                0x08007c90       0x2c ./system/src/stm32f1xx/stm32f1xx_hal_dma.o
 .rodata.str1.4
                0x08007cbc       0x2d ./system/src/stm32f1xx/stm32f1xx_hal_gpio.o
 *fill*         0x08007ce9        0x3 
 .rodata.str1.4
                0x08007cec       0x2c ./system/src/stm32f1xx/stm32f1xx_hal_i2c.o
 .rodata.str1.4
                0x08007d18       0x2c ./system/src/stm32f1xx/stm32f1xx_hal_pcd.o
 .rodata        0x08007d44       0x12 ./system/src/stm32f1xx/stm32f1xx_hal_rcc.o
 *fill*         0x08007d56        0x2 
 .rodata.str1.4
                0x08007d58       0x2c ./system/src/stm32f1xx/stm32f1xx_hal_rcc.o
 .rodata.str1.4
                0x08007d84       0x2f ./system/src/stm32f1xx/stm32f1xx_hal_rcc_ex.o
 *fill*         0x08007db3        0x1 
 .rodata.str1.4
                0x08007db4       0x2c ./system/src/stm32f1xx/stm32f1xx_hal_tim.o
 .rodata.str1.4
                0x08007de0       0x2f ./system/src/stm32f1xx/stm32f1xx_hal_tim_ex.o
 *fill*         0x08007e0f        0x1 
 .rodata.str1.4
                0x08007e10       0x2d ./system/src/stm32f1xx/stm32f1xx_hal_uart.o
 *fill*         0x08007e3d        0x3 
 .rodata.str1.4
                0x08007e40      0x146 ./system/src/cortexm/exception_handlers.o
 *fill*         0x08007f86        0x2 
 .rodata.AHBPrescTable
                0x08007f88       0x10 ./system/src/cmsis/system_stm32f1xx.o
                0x08007f88                AHBPrescTable
 .rodata.APBPrescTable
                0x08007f98        0x8 ./system/src/cmsis/system_stm32f1xx.o
                0x08007f98                APBPrescTable
 .rodata        0x08007fa0       0x4c ./src/main.o
 .rodata.str1.4
                0x08007fec       0x1d ./src/main.o
 *fill*         0x08008009        0x3 
 .rodata.str1.4
                0x0800800c       0x5e ./src/usbd_desc.o
 *fill*         0x0800806a        0x2 
 .rodata.str1.4
                0x0800806c       0x5d ./src/usbd_dfu_if.o
 *fill*         0x080080c9        0x3 
 .rodata.str1.4
                0x080080cc        0x8 ./Middlewares/Third_Party/FreeRTOS/Source/tasks.o
                                  0x5 (size before relaxing)
 .rodata.str1.1
                0x080080d4       0x11 c:/program files (x86)/gnu tools arm embedded/5.4 2016q3/bin/../lib/gcc/arm-none-eabi/5.4.1/../../../../arm-none-eabi/lib/armv7-m\libg_nano.a(lib_a-nano-svfprintf.o)
 .rodata.str1.1
                0x080080e5       0x22 c:/program files (x86)/gnu tools arm embedded/5.4 2016q3/bin/../lib/gcc/arm-none-eabi/5.4.1/../../../../arm-none-eabi/lib/armv7-m\libg_nano.a(lib_a-nano-vfprintf_i.o)
 *(vtable)
 *(.eh_frame*)
 *(.glue_7)
 .glue_7        0x08008107        0x0 linker stubs
 *(.glue_7t)
 .glue_7t       0x08008107        0x0 linker stubs

.vfp11_veneer   0x08008108        0x0
 .vfp11_veneer  0x08008108        0x0 linker stubs

.v4_bx          0x08008108        0x0
 .v4_bx         0x08008108        0x0 linker stubs

.iplt           0x08008108        0x0
 .iplt          0x08008108        0x0 ./system/src/stm32f1xx/stm32f1xx_hal.o

.rel.dyn        0x08008108        0x0
 .rel.iplt      0x08008108        0x0 ./system/src/stm32f1xx/stm32f1xx_hal.o

.ARM.extab
 *(.ARM.extab* .gnu.linkonce.armextab.*)
                0x08008108                . = ALIGN (0x4)
                0x08008108                __exidx_start = .

.ARM.exidx
 *(.ARM.exidx* .gnu.linkonce.armexidx.*)
                0x08008108                __exidx_end = .
                0x08008108                . = ALIGN (0x4)
                0x08008108                _etext = .
                0x08008108                __etext = .

.data_CCMRAM    0x00000000        0x0 load address 0x08008108
 FILL mask 0xff
 *(.data.CCMRAM .data.CCMRAM.*)
                0x00000000                . = ALIGN (0x4)
                0x08008108                _sidata = LOADADDR (.data)

.data           0x20000000      0x130 load address 0x08008108
 FILL mask 0xff
                0x20000000                _sdata = .
                0x20000000                __data_start__ = .
 *(.data_begin .data_begin.*)
 .data_begin    0x20000000        0x4 ./system/src/newlib/_startup.o
 *(.data .data.*)
 .data.argv.4290
                0x20000004        0x8 ./system/src/newlib/_syscalls.o
 .data.SystemCoreClock
                0x2000000c        0x4 ./system/src/cmsis/system_stm32f1xx.o
                0x2000000c                SystemCoreClock
 .data.FS_Desc  0x20000010       0x1c ./src/usbd_desc.o
                0x20000010                FS_Desc
 .data.USBD_LangIDDesc
                0x2000002c        0x4 ./src/usbd_desc.o
                0x2000002c                USBD_LangIDDesc
 .data.USBD_FS_DeviceDesc
                0x20000030       0x12 ./src/usbd_desc.o
                0x20000030                USBD_FS_DeviceDesc
 *fill*         0x20000042        0x2 ff
 .data.USBD_DFU_fops_FS
                0x20000044       0x1c ./src/usbd_dfu_if.o
                0x20000044                USBD_DFU_fops_FS
 .data.uxCriticalNesting
                0x20000060        0x4 ./Middlewares/Third_Party/FreeRTOS/Source/portable/GCC/ARM_CM3/port.o
 .data.USBD_DFU_DeviceQualifierDesc
                0x20000064        0xa ./Middlewares/ST/STM32_USB_Device_Library/Class/DFU/Src/usbd_dfu.o
 *fill*         0x2000006e        0x2 ff
 .data.USBD_DFU_CfgDesc
                0x20000070       0x1b ./Middlewares/ST/STM32_USB_Device_Library/Class/DFU/Src/usbd_dfu.o
 *fill*         0x2000008b        0x1 ff
 .data.USBD_DFU
                0x2000008c       0x3c ./Middlewares/ST/STM32_USB_Device_Library/Class/DFU/Src/usbd_dfu.o
                0x2000008c                USBD_DFU
 .data.impure_data
                0x200000c8       0x60 c:/program files (x86)/gnu tools arm embedded/5.4 2016q3/bin/../lib/gcc/arm-none-eabi/5.4.1/../../../../arm-none-eabi/lib/armv7-m\libg_nano.a(lib_a-impure.o)
 .data._impure_ptr
                0x20000128        0x4 c:/program files (x86)/gnu tools arm embedded/5.4 2016q3/bin/../lib/gcc/arm-none-eabi/5.4.1/../../../../arm-none-eabi/lib/armv7-m\libg_nano.a(lib_a-impure.o)
                0x20000128                _impure_ptr
 *(.data_end .data_end.*)
 .data_end      0x2000012c        0x4 ./system/src/newlib/_startup.o
                0x20000130                . = ALIGN (0x4)
                0x20000130                _edata = .
                0x20000130                __data_end__ = .

.igot.plt       0x20000130        0x0 load address 0x08008238
 .igot.plt      0x20000130        0x0 ./system/src/stm32f1xx/stm32f1xx_hal.o

.bss_CCMRAM     0x00000000        0x0
 *(.bss.CCMRAM .bss.CCMRAM.*)

.bss            0x20000130     0x214c
                0x20000130                __bss_start__ = .
                0x20000130                _sbss = .
 *(.bss_begin .bss_begin.*)
 .bss_begin     0x20000130        0x4 ./system/src/newlib/_startup.o
 *(.bss .bss.*)
 .bss.uwTick    0x20000134        0x4 ./system/src/stm32f1xx/stm32f1xx_hal.o
 .bss.current_heap_end.3974
                0x20000138        0x4 ./system/src/newlib/_sbrk.o
 .bss.name.4289
                0x2000013c        0x1 ./system/src/newlib/_syscalls.o
 *fill*         0x2000013d        0x3 
 .bss.buf.5179  0x20000140       0x80 ./system/src/diag/Trace.o
 .bss.mem.8033  0x200001c0      0x41c ./src/usbd_conf.o
 .bss.xFreeBytesRemaining
                0x200005dc        0x4 ./Middlewares/Third_Party/FreeRTOS/Source/portable/MemMang/heap_4.o
 .bss.pxEnd     0x200005e0        0x4 ./Middlewares/Third_Party/FreeRTOS/Source/portable/MemMang/heap_4.o
 .bss.xStart    0x200005e4        0x8 ./Middlewares/Third_Party/FreeRTOS/Source/portable/MemMang/heap_4.o
 .bss.ucHeap    0x200005ec     0x1000 ./Middlewares/Third_Party/FreeRTOS/Source/portable/MemMang/heap_4.o
 .bss.xBlockAllocatedBit
                0x200015ec        0x4 ./Middlewares/Third_Party/FreeRTOS/Source/portable/MemMang/heap_4.o
 .bss.xMinimumEverFreeBytesRemaining
                0x200015f0        0x4 ./Middlewares/Third_Party/FreeRTOS/Source/portable/MemMang/heap_4.o
 .bss.ucMaxSysCallPriority
                0x200015f4        0x1 ./Middlewares/Third_Party/FreeRTOS/Source/portable/GCC/ARM_CM3/port.o
 *fill*         0x200015f5        0x3 
 .bss.ulMaxPRIGROUPValue
                0x200015f8        0x4 ./Middlewares/Third_Party/FreeRTOS/Source/portable/GCC/ARM_CM3/port.o
 .bss.pxDelayedTaskList
                0x200015fc        0x4 ./Middlewares/Third_Party/FreeRTOS/Source/tasks.o
 .bss.xSchedulerRunning
                0x20001600        0x4 ./Middlewares/Third_Party/FreeRTOS/Source/tasks.o
 .bss.uxTasksDeleted
                0x20001604        0x4 ./Middlewares/Third_Party/FreeRTOS/Source/tasks.o
 .bss.xTasksWaitingTermination
                0x20001608       0x14 ./Middlewares/Third_Party/FreeRTOS/Source/tasks.o
 .bss.uxPendedTicks
                0x2000161c        0x4 ./Middlewares/Third_Party/FreeRTOS/Source/tasks.o
 .bss.pxReadyTasksLists
                0x20001620       0x8c ./Middlewares/Third_Party/FreeRTOS/Source/tasks.o
 .bss.uxSchedulerSuspended
                0x200016ac        0x4 ./Middlewares/Third_Party/FreeRTOS/Source/tasks.o
 .bss.uxCurrentNumberOfTasks
                0x200016b0        0x4 ./Middlewares/Third_Party/FreeRTOS/Source/tasks.o
 .bss.pxCurrentTCB
                0x200016b4        0x4 ./Middlewares/Third_Party/FreeRTOS/Source/tasks.o
                0x200016b4                pxCurrentTCB
 .bss.xNextTaskUnblockTime
                0x200016b8        0x4 ./Middlewares/Third_Party/FreeRTOS/Source/tasks.o
 .bss.xNumOfOverflows
                0x200016bc        0x4 ./Middlewares/Third_Party/FreeRTOS/Source/tasks.o
 .bss.xTickCount
                0x200016c0        0x4 ./Middlewares/Third_Party/FreeRTOS/Source/tasks.o
 .bss.pxOverflowDelayedTaskList
                0x200016c4        0x4 ./Middlewares/Third_Party/FreeRTOS/Source/tasks.o
 .bss.xPendingReadyList
                0x200016c8       0x14 ./Middlewares/Third_Party/FreeRTOS/Source/tasks.o
 .bss.uxTaskNumber
                0x200016dc        0x4 ./Middlewares/Third_Party/FreeRTOS/Source/tasks.o
 .bss.xDelayedTaskList1
                0x200016e0       0x14 ./Middlewares/Third_Party/FreeRTOS/Source/tasks.o
 .bss.xDelayedTaskList2
                0x200016f4       0x14 ./Middlewares/Third_Party/FreeRTOS/Source/tasks.o
 .bss.xSuspendedTaskList
                0x20001708       0x14 ./Middlewares/Third_Party/FreeRTOS/Source/tasks.o
 .bss.uxTopReadyPriority
                0x2000171c        0x4 ./Middlewares/Third_Party/FreeRTOS/Source/tasks.o
 .bss.xYieldPending
                0x20001720        0x4 ./Middlewares/Third_Party/FreeRTOS/Source/tasks.o
 .bss.cfgidx.7964
                0x20001724        0x1 ./Middlewares/ST/STM32_USB_Device_Library/Core/Src/usbd_ctlreq.o
 *fill*         0x20001725        0x3 
 .bss.USBD_StrDesc.8046
                0x20001728       0xff ./Middlewares/ST/STM32_USB_Device_Library/Class/DFU/Src/usbd_dfu.o
 *fill*         0x20001827        0x1 
 .bss.__malloc_sbrk_start
                0x20001828        0x4 c:/program files (x86)/gnu tools arm embedded/5.4 2016q3/bin/../lib/gcc/arm-none-eabi/5.4.1/../../../../arm-none-eabi/lib/armv7-m\libg_nano.a(lib_a-nano-mallocr.o)
                0x20001828                __malloc_sbrk_start
 .bss.__malloc_free_list
                0x2000182c        0x4 c:/program files (x86)/gnu tools arm embedded/5.4 2016q3/bin/../lib/gcc/arm-none-eabi/5.4.1/../../../../arm-none-eabi/lib/armv7-m\libg_nano.a(lib_a-nano-mallocr.o)
                0x2000182c                __malloc_free_list
 *(COMMON)
 COMMON         0x20001830        0x4 ./system/src/newlib/_syscalls.o
                0x20001830                errno
 COMMON         0x20001834      0x1c4 ./src/main.o
                0x20001834                hdma_usart2_rx
                0x2000186c                hdma_usart3_rx
                0x200018a4                huart3
                0x200018e4                isr_pos
                0x200018e8                hi2c1
                0x20001924                hcrc
                0x2000192c                serial_key_number
                0x20001930                servo_task_handle
                0x20001934                red_led_task_handle
                0x20001938                htim3
                0x20001974                authorized_card_handle
                0x20001978                hadc1
                0x200019a8                number_check_handle
                0x200019ac                RFID_received_handle
                0x200019b0                button_pressed
                0x200019b4                led_queue_handle
                0x200019b8                huart2
 COMMON         0x200019f8       0x3c ./src/stm32f1xx_hal_timebase_TIM.o
                0x200019f8                htim1
 COMMON         0x20001a34      0x224 ./src/usb_device.o
                0x20001a34                hUsbDeviceFS
 COMMON         0x20001c58      0x420 ./src/usbd_conf.o
                0x20001c58                hpcd_USB_FS
 COMMON         0x20002078      0x200 ./src/usbd_desc.o
                0x20002078                USBD_StrDesc
 *(.bss_end .bss_end.*)
 .bss_end       0x20002278        0x4 ./system/src/newlib/_startup.o
                0x2000227c                . = ALIGN (0x4)
                0x2000227c                __bss_end__ = .
                0x2000227c                _ebss = .

.noinit_CCMRAM
 *(.noinit.CCMRAM .noinit.CCMRAM.*)

.noinit         0x2000227c        0x0
                0x2000227c                _noinit = .
 *(.noinit .noinit.*)
                0x2000227c                . = ALIGN (0x4)
                0x2000227c                _end_noinit = .
                [!provide]                PROVIDE (end, _end_noinit)
                [!provide]                PROVIDE (_end, _end_noinit)
                [!provide]                PROVIDE (__end, _end_noinit)
                [!provide]                PROVIDE (__end__, _end_noinit)

._check_stack   0x2000227c      0x100
                0x2000237c                . = (. + _Minimum_Stack_Size)
 *fill*         0x2000227c      0x100 

.b1text
 *(.b1text)
 *(.b1rodata)
 *(.b1rodata.*)

.eb0text
 *(.eb0text)
 *(.eb0rodata)
 *(.eb0rodata.*)

.eb1text
 *(.eb1text)
 *(.eb1rodata)
 *(.eb1rodata.*)

.eb2text
 *(.eb2text)
 *(.eb2rodata)
 *(.eb2rodata.*)

.eb3text
 *(.eb3text)
 *(.eb3rodata)
 *(.eb3rodata.*)

.stab
 *(.stab)

.stabstr
 *(.stabstr)

.stab.excl
 *(.stab.excl)

.stab.exclstr
 *(.stab.exclstr)

.stab.index
 *(.stab.index)

.stab.indexstr
 *(.stab.indexstr)

.comment        0x00000000       0x6e
 *(.comment)
 .comment       0x00000000       0x6e ./system/src/stm32f1xx/stm32f1xx_hal.o
                                 0x6f (size before relaxing)
 .comment       0x0000006e       0x6f ./system/src/stm32f1xx/stm32f1xx_hal_adc.o
 .comment       0x0000006e       0x6f ./system/src/stm32f1xx/stm32f1xx_hal_cortex.o
 .comment       0x0000006e       0x6f ./system/src/stm32f1xx/stm32f1xx_hal_crc.o
 .comment       0x0000006e       0x6f ./system/src/stm32f1xx/stm32f1xx_hal_dma.o
 .comment       0x0000006e       0x6f ./system/src/stm32f1xx/stm32f1xx_hal_gpio.o
 .comment       0x0000006e       0x6f ./system/src/stm32f1xx/stm32f1xx_hal_i2c.o
 .comment       0x0000006e       0x6f ./system/src/stm32f1xx/stm32f1xx_hal_pcd.o
 .comment       0x0000006e       0x6f ./system/src/stm32f1xx/stm32f1xx_hal_pcd_ex.o
 .comment       0x0000006e       0x6f ./system/src/stm32f1xx/stm32f1xx_hal_rcc.o
 .comment       0x0000006e       0x6f ./system/src/stm32f1xx/stm32f1xx_hal_rcc_ex.o
 .comment       0x0000006e       0x6f ./system/src/stm32f1xx/stm32f1xx_hal_tim.o
 .comment       0x0000006e       0x6f ./system/src/stm32f1xx/stm32f1xx_hal_tim_ex.o
 .comment       0x0000006e       0x6f ./system/src/stm32f1xx/stm32f1xx_hal_uart.o
 .comment       0x0000006e       0x6f ./system/src/stm32f1xx/stm32f1xx_ll_usb.o
 .comment       0x0000006e       0x6f ./system/src/newlib/_exit.o
 .comment       0x0000006e       0x6f ./system/src/newlib/_sbrk.o
 .comment       0x0000006e       0x6f ./system/src/newlib/_startup.o
 .comment       0x0000006e       0x6f ./system/src/newlib/_syscalls.o
 .comment       0x0000006e       0x6f ./system/src/diag/Trace.o
 .comment       0x0000006e       0x6f ./system/src/diag/trace_impl.o
 .comment       0x0000006e       0x6f ./system/src/cortexm/_initialize_hardware.o
 .comment       0x0000006e       0x6f ./system/src/cortexm/exception_handlers.o
 .comment       0x0000006e       0x6f ./system/src/cmsis/system_stm32f1xx.o
 .comment       0x0000006e       0x6f ./src/main.o
 .comment       0x0000006e       0x6f ./src/stm32f1xx_hal_msp.o
 .comment       0x0000006e       0x6f ./src/stm32f1xx_hal_timebase_TIM.o
 .comment       0x0000006e       0x6f ./src/stm32f1xx_it.o
 .comment       0x0000006e       0x6f ./src/usb_device.o
 .comment       0x0000006e       0x6f ./src/usbd_conf.o
 .comment       0x0000006e       0x6f ./src/usbd_desc.o
 .comment       0x0000006e       0x6f ./src/usbd_dfu_if.o
 .comment       0x0000006e       0x6f ./Middlewares/Third_Party/FreeRTOS/Source/portable/MemMang/heap_4.o
 .comment       0x0000006e       0x6f ./Middlewares/Third_Party/FreeRTOS/Source/portable/GCC/ARM_CM3/port.o
 .comment       0x0000006e       0x6f ./Middlewares/Third_Party/FreeRTOS/Source/CMSIS_RTOS/cmsis_os.o
 .comment       0x0000006e       0x6f ./Middlewares/Third_Party/FreeRTOS/Source/list.o
 .comment       0x0000006e       0x6f ./Middlewares/Third_Party/FreeRTOS/Source/queue.o
 .comment       0x0000006e       0x6f ./Middlewares/Third_Party/FreeRTOS/Source/tasks.o
 .comment       0x0000006e       0x6f ./Middlewares/ST/STM32_USB_Device_Library/Core/Src/usbd_core.o
 .comment       0x0000006e       0x6f ./Middlewares/ST/STM32_USB_Device_Library/Core/Src/usbd_ctlreq.o
 .comment       0x0000006e       0x6f ./Middlewares/ST/STM32_USB_Device_Library/Core/Src/usbd_ioreq.o
 .comment       0x0000006e       0x6f ./Middlewares/ST/STM32_USB_Device_Library/Class/DFU/Src/usbd_dfu.o

.ARM.attributes
                0x00000000       0x31
 .ARM.attributes
                0x00000000       0x33 ./system/src/stm32f1xx/stm32f1xx_hal.o
 .ARM.attributes
                0x00000033       0x33 ./system/src/stm32f1xx/stm32f1xx_hal_adc.o
 .ARM.attributes
                0x00000066       0x33 ./system/src/stm32f1xx/stm32f1xx_hal_cortex.o
 .ARM.attributes
                0x00000099       0x33 ./system/src/stm32f1xx/stm32f1xx_hal_crc.o
 .ARM.attributes
                0x000000cc       0x33 ./system/src/stm32f1xx/stm32f1xx_hal_dma.o
 .ARM.attributes
                0x000000ff       0x33 ./system/src/stm32f1xx/stm32f1xx_hal_gpio.o
 .ARM.attributes
                0x00000132       0x33 ./system/src/stm32f1xx/stm32f1xx_hal_i2c.o
 .ARM.attributes
                0x00000165       0x33 ./system/src/stm32f1xx/stm32f1xx_hal_pcd.o
 .ARM.attributes
                0x00000198       0x33 ./system/src/stm32f1xx/stm32f1xx_hal_pcd_ex.o
 .ARM.attributes
                0x000001cb       0x33 ./system/src/stm32f1xx/stm32f1xx_hal_rcc.o
 .ARM.attributes
                0x000001fe       0x33 ./system/src/stm32f1xx/stm32f1xx_hal_rcc_ex.o
 .ARM.attributes
                0x00000231       0x33 ./system/src/stm32f1xx/stm32f1xx_hal_tim.o
 .ARM.attributes
                0x00000264       0x33 ./system/src/stm32f1xx/stm32f1xx_hal_tim_ex.o
 .ARM.attributes
                0x00000297       0x33 ./system/src/stm32f1xx/stm32f1xx_hal_uart.o
 .ARM.attributes
                0x000002ca       0x33 ./system/src/stm32f1xx/stm32f1xx_ll_usb.o
 .ARM.attributes
                0x000002fd       0x33 ./system/src/newlib/_exit.o
 .ARM.attributes
                0x00000330       0x33 ./system/src/newlib/_sbrk.o
 .ARM.attributes
                0x00000363       0x33 ./system/src/newlib/_startup.o
 .ARM.attributes
                0x00000396       0x33 ./system/src/newlib/_syscalls.o
 .ARM.attributes
                0x000003c9       0x33 ./system/src/diag/Trace.o
 .ARM.attributes
                0x000003fc       0x33 ./system/src/diag/trace_impl.o
 .ARM.attributes
                0x0000042f       0x33 ./system/src/cortexm/_initialize_hardware.o
 .ARM.attributes
                0x00000462       0x33 ./system/src/cortexm/exception_handlers.o
 .ARM.attributes
                0x00000495       0x21 ./system/src/cmsis/startup_stm32f103xb.o
 .ARM.attributes
                0x000004b6       0x33 ./system/src/cmsis/system_stm32f1xx.o
 .ARM.attributes
                0x000004e9       0x33 ./src/main.o
 .ARM.attributes
                0x0000051c       0x33 ./src/stm32f1xx_hal_msp.o
 .ARM.attributes
                0x0000054f       0x33 ./src/stm32f1xx_hal_timebase_TIM.o
 .ARM.attributes
                0x00000582       0x33 ./src/stm32f1xx_it.o
 .ARM.attributes
                0x000005b5       0x33 ./src/usb_device.o
 .ARM.attributes
                0x000005e8       0x33 ./src/usbd_conf.o
 .ARM.attributes
                0x0000061b       0x33 ./src/usbd_desc.o
 .ARM.attributes
                0x0000064e       0x33 ./src/usbd_dfu_if.o
 .ARM.attributes
                0x00000681       0x33 ./Middlewares/Third_Party/FreeRTOS/Source/portable/MemMang/heap_4.o
 .ARM.attributes
                0x000006b4       0x33 ./Middlewares/Third_Party/FreeRTOS/Source/portable/GCC/ARM_CM3/port.o
 .ARM.attributes
                0x000006e7       0x33 ./Middlewares/Third_Party/FreeRTOS/Source/CMSIS_RTOS/cmsis_os.o
 .ARM.attributes
                0x0000071a       0x33 ./Middlewares/Third_Party/FreeRTOS/Source/list.o
 .ARM.attributes
                0x0000074d       0x33 ./Middlewares/Third_Party/FreeRTOS/Source/queue.o
 .ARM.attributes
                0x00000780       0x33 ./Middlewares/Third_Party/FreeRTOS/Source/tasks.o
 .ARM.attributes
                0x000007b3       0x33 ./Middlewares/ST/STM32_USB_Device_Library/Core/Src/usbd_core.o
 .ARM.attributes
                0x000007e6       0x33 ./Middlewares/ST/STM32_USB_Device_Library/Core/Src/usbd_ctlreq.o
 .ARM.attributes
                0x00000819       0x33 ./Middlewares/ST/STM32_USB_Device_Library/Core/Src/usbd_ioreq.o
 .ARM.attributes
                0x0000084c       0x33 ./Middlewares/ST/STM32_USB_Device_Library/Class/DFU/Src/usbd_dfu.o
 .ARM.attributes
                0x0000087f       0x2d c:/program files (x86)/gnu tools arm embedded/5.4 2016q3/bin/../lib/gcc/arm-none-eabi/5.4.1/../../../../arm-none-eabi/lib/armv7-m\libg_nano.a(lib_a-errno.o)
 .ARM.attributes
                0x000008ac       0x2d c:/program files (x86)/gnu tools arm embedded/5.4 2016q3/bin/../lib/gcc/arm-none-eabi/5.4.1/../../../../arm-none-eabi/lib/armv7-m\libg_nano.a(lib_a-impure.o)
 .ARM.attributes
                0x000008d9       0x2d c:/program files (x86)/gnu tools arm embedded/5.4 2016q3/bin/../lib/gcc/arm-none-eabi/5.4.1/../../../../arm-none-eabi/lib/armv7-m\libg_nano.a(lib_a-memcpy-stub.o)
 .ARM.attributes
                0x00000906       0x2d c:/program files (x86)/gnu tools arm embedded/5.4 2016q3/bin/../lib/gcc/arm-none-eabi/5.4.1/../../../../arm-none-eabi/lib/armv7-m\libg_nano.a(lib_a-memset.o)
 .ARM.attributes
                0x00000933       0x2d c:/program files (x86)/gnu tools arm embedded/5.4 2016q3/bin/../lib/gcc/arm-none-eabi/5.4.1/../../../../arm-none-eabi/lib/armv7-m\libg_nano.a(lib_a-vsnprintf.o)
 .ARM.attributes
                0x00000960       0x2d c:/program files (x86)/gnu tools arm embedded/5.4 2016q3/bin/../lib/gcc/arm-none-eabi/5.4.1/../../../../arm-none-eabi/lib/armv7-m\libg_nano.a(lib_a-nano-svfprintf.o)
 .ARM.attributes
                0x0000098d       0x2d c:/program files (x86)/gnu tools arm embedded/5.4 2016q3/bin/../lib/gcc/arm-none-eabi/5.4.1/../../../../arm-none-eabi/lib/armv7-m\libg_nano.a(lib_a-nano-vfprintf_i.o)
 .ARM.attributes
                0x000009ba       0x2d c:/program files (x86)/gnu tools arm embedded/5.4 2016q3/bin/../lib/gcc/arm-none-eabi/5.4.1/../../../../arm-none-eabi/lib/armv7-m\libg_nano.a(lib_a-memchr-stub.o)
 .ARM.attributes
                0x000009e7       0x2d c:/program files (x86)/gnu tools arm embedded/5.4 2016q3/bin/../lib/gcc/arm-none-eabi/5.4.1/../../../../arm-none-eabi/lib/armv7-m\libg_nano.a(lib_a-memmove.o)
 .ARM.attributes
                0x00000a14       0x2d c:/program files (x86)/gnu tools arm embedded/5.4 2016q3/bin/../lib/gcc/arm-none-eabi/5.4.1/../../../../arm-none-eabi/lib/armv7-m\libg_nano.a(lib_a-nano-freer.o)
 .ARM.attributes
                0x00000a41       0x2d c:/program files (x86)/gnu tools arm embedded/5.4 2016q3/bin/../lib/gcc/arm-none-eabi/5.4.1/../../../../arm-none-eabi/lib/armv7-m\libg_nano.a(lib_a-nano-mallocr.o)
 .ARM.attributes
                0x00000a6e       0x2d c:/program files (x86)/gnu tools arm embedded/5.4 2016q3/bin/../lib/gcc/arm-none-eabi/5.4.1/../../../../arm-none-eabi/lib/armv7-m\libg_nano.a(lib_a-nano-reallocr.o)
 .ARM.attributes
                0x00000a9b       0x2d c:/program files (x86)/gnu tools arm embedded/5.4 2016q3/bin/../lib/gcc/arm-none-eabi/5.4.1/../../../../arm-none-eabi/lib/armv7-m\libg_nano.a(lib_a-sbrkr.o)
 .ARM.attributes
                0x00000ac8       0x2d c:/program files (x86)/gnu tools arm embedded/5.4 2016q3/bin/../lib/gcc/arm-none-eabi/5.4.1/../../../../arm-none-eabi/lib/armv7-m\libg_nano.a(lib_a-mlock.o)
 .ARM.attributes
                0x00000af5       0x2d c:/program files (x86)/gnu tools arm embedded/5.4 2016q3/bin/../lib/gcc/arm-none-eabi/5.4.1/../../../../arm-none-eabi/lib/armv7-m\libg_nano.a(lib_a-nano-msizer.o)

.debug
 *(.debug)

.line
 *(.line)

.debug_srcinfo
 *(.debug_srcinfo)

.debug_sfnames
 *(.debug_sfnames)

.debug_aranges  0x00000000     0x1bb8
 *(.debug_aranges)
 .debug_aranges
                0x00000000       0xb0 ./system/src/stm32f1xx/stm32f1xx_hal.o
 .debug_aranges
                0x000000b0       0xf0 ./system/src/stm32f1xx/stm32f1xx_hal_adc.o
 .debug_aranges
                0x000001a0       0x90 ./system/src/stm32f1xx/stm32f1xx_hal_cortex.o
 .debug_aranges
                0x00000230       0x50 ./system/src/stm32f1xx/stm32f1xx_hal_crc.o
 .debug_aranges
                0x00000280       0x68 ./system/src/stm32f1xx/stm32f1xx_hal_dma.o
 .debug_aranges
                0x000002e8       0x58 ./system/src/stm32f1xx/stm32f1xx_hal_gpio.o
 .debug_aranges
                0x00000340      0x218 ./system/src/stm32f1xx/stm32f1xx_hal_i2c.o
 .debug_aranges
                0x00000558      0x120 ./system/src/stm32f1xx/stm32f1xx_hal_pcd.o
 .debug_aranges
                0x00000678       0x28 ./system/src/stm32f1xx/stm32f1xx_hal_pcd_ex.o
 .debug_aranges
                0x000006a0       0x88 ./system/src/stm32f1xx/stm32f1xx_hal_rcc.o
 .debug_aranges
                0x00000728       0x30 ./system/src/stm32f1xx/stm32f1xx_hal_rcc_ex.o
 .debug_aranges
                0x00000758      0x368 ./system/src/stm32f1xx/stm32f1xx_hal_tim.o
 .debug_aranges
                0x00000ac0      0x138 ./system/src/stm32f1xx/stm32f1xx_hal_tim_ex.o
 .debug_aranges
                0x00000bf8      0x150 ./system/src/stm32f1xx/stm32f1xx_hal_uart.o
 .debug_aranges
                0x00000d48      0x100 ./system/src/stm32f1xx/stm32f1xx_ll_usb.o
 .debug_aranges
                0x00000e48       0x28 ./system/src/newlib/_exit.o
 .debug_aranges
                0x00000e70       0x20 ./system/src/newlib/_sbrk.o
 .debug_aranges
                0x00000e90       0x40 ./system/src/newlib/_startup.o
 .debug_aranges
                0x00000ed0       0x30 ./system/src/newlib/_syscalls.o
 .debug_aranges
                0x00000f00       0x38 ./system/src/diag/Trace.o
 .debug_aranges
                0x00000f38       0x30 ./system/src/diag/trace_impl.o
 .debug_aranges
                0x00000f68       0x28 ./system/src/cortexm/_initialize_hardware.o
 .debug_aranges
                0x00000f90       0x90 ./system/src/cortexm/exception_handlers.o
 .debug_aranges
                0x00001020       0x28 ./system/src/cmsis/startup_stm32f103xb.o
 .debug_aranges
                0x00001048       0x28 ./system/src/cmsis/system_stm32f1xx.o
 .debug_aranges
                0x00001070       0x98 ./src/main.o
 .debug_aranges
                0x00001108       0x78 ./src/stm32f1xx_hal_msp.o
 .debug_aranges
                0x00001180       0x30 ./src/stm32f1xx_hal_timebase_TIM.o
 .debug_aranges
                0x000011b0       0x88 ./src/stm32f1xx_it.o
 .debug_aranges
                0x00001238       0x20 ./src/usb_device.o
 .debug_aranges
                0x00001258      0x110 ./src/usbd_conf.o
 .debug_aranges
                0x00001368       0x50 ./src/usbd_desc.o
 .debug_aranges
                0x000013b8       0x48 ./src/usbd_dfu_if.o
 .debug_aranges
                0x00001400       0x50 ./Middlewares/Third_Party/FreeRTOS/Source/portable/MemMang/heap_4.o
 .debug_aranges
                0x00001450       0x90 ./Middlewares/Third_Party/FreeRTOS/Source/portable/GCC/ARM_CM3/port.o
 .debug_aranges
                0x000014e0      0x1b0 ./Middlewares/Third_Party/FreeRTOS/Source/CMSIS_RTOS/cmsis_os.o
 .debug_aranges
                0x00001690       0x40 ./Middlewares/Third_Party/FreeRTOS/Source/list.o
 .debug_aranges
                0x000016d0       0xe0 ./Middlewares/Third_Party/FreeRTOS/Source/queue.o
 .debug_aranges
                0x000017b0      0x1b0 ./Middlewares/Third_Party/FreeRTOS/Source/tasks.o
 .debug_aranges
                0x00001960       0xb8 ./Middlewares/ST/STM32_USB_Device_Library/Core/Src/usbd_core.o
 .debug_aranges
                0x00001a18       0x88 ./Middlewares/ST/STM32_USB_Device_Library/Core/Src/usbd_ctlreq.o
 .debug_aranges
                0x00001aa0       0x50 ./Middlewares/ST/STM32_USB_Device_Library/Core/Src/usbd_ioreq.o
 .debug_aranges
                0x00001af0       0xc8 ./Middlewares/ST/STM32_USB_Device_Library/Class/DFU/Src/usbd_dfu.o

.debug_pubnames
 *(.debug_pubnames)

.debug_info     0x00000000    0x22c05
 *(.debug_info .gnu.linkonce.wi.*)
 .debug_info    0x00000000      0x683 ./system/src/stm32f1xx/stm32f1xx_hal.o
 .debug_info    0x00000683     0x1383 ./system/src/stm32f1xx/stm32f1xx_hal_adc.o
 .debug_info    0x00001a06      0xced ./system/src/stm32f1xx/stm32f1xx_hal_cortex.o
 .debug_info    0x000026f3      0x3cc ./system/src/stm32f1xx/stm32f1xx_hal_crc.o
 .debug_info    0x00002abf      0x779 ./system/src/stm32f1xx/stm32f1xx_hal_dma.o
 .debug_info    0x00003238      0x7f2 ./system/src/stm32f1xx/stm32f1xx_hal_gpio.o
 .debug_info    0x00003a2a     0x2c7a ./system/src/stm32f1xx/stm32f1xx_hal_i2c.o
 .debug_info    0x000066a4     0x1183 ./system/src/stm32f1xx/stm32f1xx_hal_pcd.o
 .debug_info    0x00007827      0x57d ./system/src/stm32f1xx/stm32f1xx_hal_pcd_ex.o
 .debug_info    0x00007da4     0x155d ./system/src/stm32f1xx/stm32f1xx_hal_rcc.o
 .debug_info    0x00009301      0x601 ./system/src/stm32f1xx/stm32f1xx_hal_rcc_ex.o
 .debug_info    0x00009902     0x4303 ./system/src/stm32f1xx/stm32f1xx_hal_tim.o
 .debug_info    0x0000dc05     0x1775 ./system/src/stm32f1xx/stm32f1xx_hal_tim_ex.o
 .debug_info    0x0000f37a     0x13b7 ./system/src/stm32f1xx/stm32f1xx_hal_uart.o
 .debug_info    0x00010731      0xec1 ./system/src/stm32f1xx/stm32f1xx_ll_usb.o
 .debug_info    0x000115f2       0xef ./system/src/newlib/_exit.o
 .debug_info    0x000116e1      0x11f ./system/src/newlib/_sbrk.o
 .debug_info    0x00011800      0x454 ./system/src/newlib/_startup.o
 .debug_info    0x00011c54      0x1c7 ./system/src/newlib/_syscalls.o
 .debug_info    0x00011e1b      0x2e7 ./system/src/diag/Trace.o
 .debug_info    0x00012102      0x30a ./system/src/diag/trace_impl.o
 .debug_info    0x0001240c      0x2b1 ./system/src/cortexm/_initialize_hardware.o
 .debug_info    0x000126bd      0x8da ./system/src/cortexm/exception_handlers.o
 .debug_info    0x00012f97       0x98 ./system/src/cmsis/startup_stm32f103xb.o
 .debug_info    0x0001302f      0x3bc ./system/src/cmsis/system_stm32f1xx.o
 .debug_info    0x000133eb     0x1f75 ./src/main.o
 .debug_info    0x00015360     0x1402 ./src/stm32f1xx_hal_msp.o
 .debug_info    0x00016762      0x8bb ./src/stm32f1xx_hal_timebase_TIM.o
 .debug_info    0x0001701d      0xd04 ./src/stm32f1xx_it.o
 .debug_info    0x00017d21      0x65d ./src/usb_device.o
 .debug_info    0x0001837e     0x1614 ./src/usbd_conf.o
 .debug_info    0x00019992      0x4c3 ./src/usbd_desc.o
 .debug_info    0x00019e55      0x330 ./src/usbd_dfu_if.o
 .debug_info    0x0001a185      0x3a1 ./Middlewares/Third_Party/FreeRTOS/Source/portable/MemMang/heap_4.o
 .debug_info    0x0001a526      0x3d7 ./Middlewares/Third_Party/FreeRTOS/Source/portable/GCC/ARM_CM3/port.o
 .debug_info    0x0001a8fd     0x1961 ./Middlewares/Third_Party/FreeRTOS/Source/CMSIS_RTOS/cmsis_os.o
 .debug_info    0x0001c25e      0x29a ./Middlewares/Third_Party/FreeRTOS/Source/list.o
 .debug_info    0x0001c4f8     0x12ae ./Middlewares/Third_Party/FreeRTOS/Source/queue.o
 .debug_info    0x0001d7a6     0x2116 ./Middlewares/Third_Party/FreeRTOS/Source/tasks.o
 .debug_info    0x0001f8bc      0xc42 ./Middlewares/ST/STM32_USB_Device_Library/Core/Src/usbd_core.o
 .debug_info    0x000204fe      0xe28 ./Middlewares/ST/STM32_USB_Device_Library/Core/Src/usbd_ctlreq.o
 .debug_info    0x00021326      0x790 ./Middlewares/ST/STM32_USB_Device_Library/Core/Src/usbd_ioreq.o
 .debug_info    0x00021ab6     0x114f ./Middlewares/ST/STM32_USB_Device_Library/Class/DFU/Src/usbd_dfu.o

.debug_abbrev   0x00000000     0x4eef
 *(.debug_abbrev)
 .debug_abbrev  0x00000000      0x21f ./system/src/stm32f1xx/stm32f1xx_hal.o