Archive member included to satisfy reference by file (symbol)

c:/program files (x86)/gnu tools arm embedded/5.4 2016q3/bin/../lib/gcc/arm-none-eabi/5.4.1/../../../../arm-none-eabi/lib/armv7-m\libg_nano.a(lib_a-errno.o)
                              ./system/src/newlib/_sbrk.o (__errno)
c:/program files (x86)/gnu tools arm embedded/5.4 2016q3/bin/../lib/gcc/arm-none-eabi/5.4.1/../../../../arm-none-eabi/lib/armv7-m\libg_nano.a(lib_a-impure.o)
                              c:/program files (x86)/gnu tools arm embedded/5.4 2016q3/bin/../lib/gcc/arm-none-eabi/5.4.1/../../../../arm-none-eabi/lib/armv7-m\libg_nano.a(lib_a-errno.o) (_impure_ptr)
c:/program files (x86)/gnu tools arm embedded/5.4 2016q3/bin/../lib/gcc/arm-none-eabi/5.4.1/../../../../arm-none-eabi/lib/armv7-m\libg_nano.a(lib_a-init.o)
                              ./system/src/cmsis/startup_stm32f103xb.o (__libc_init_array)
c:/program files (x86)/gnu tools arm embedded/5.4 2016q3/bin/../lib/gcc/arm-none-eabi/5.4.1/../../../../arm-none-eabi/lib/armv7-m\libg_nano.a(lib_a-memcpy-stub.o)
                              ./Middlewares/Third_Party/FreeRTOS/Source/queue.o (memcpy)
c:/program files (x86)/gnu tools arm embedded/5.4 2016q3/bin/../lib/gcc/arm-none-eabi/5.4.1/../../../../arm-none-eabi/lib/armv7-m\libg_nano.a(lib_a-memset.o)
                              ./Middlewares/Third_Party/FreeRTOS/Source/CMSIS_RTOS/cmsis_os.o (memset)
c:/program files (x86)/gnu tools arm embedded/5.4 2016q3/bin/../lib/gcc/arm-none-eabi/5.4.1/../../../../arm-none-eabi/lib/armv7-m\libg_nano.a(lib_a-strlen.o)
                              ./system/src/diag/Trace.o (strlen)
c:/program files (x86)/gnu tools arm embedded/5.4 2016q3/bin/../lib/gcc/arm-none-eabi/5.4.1/../../../../arm-none-eabi/lib/armv7-m\libg_nano.a(lib_a-vsnprintf.o)
                              ./system/src/diag/Trace.o (vsnprintf)
c:/program files (x86)/gnu tools arm embedded/5.4 2016q3/bin/../lib/gcc/arm-none-eabi/5.4.1/../../../../arm-none-eabi/lib/armv7-m\libg_nano.a(lib_a-nano-svfprintf.o)
                              c:/program files (x86)/gnu tools arm embedded/5.4 2016q3/bin/../lib/gcc/arm-none-eabi/5.4.1/../../../../arm-none-eabi/lib/armv7-m\libg_nano.a(lib_a-vsnprintf.o) (_svfprintf_r)
c:/program files (x86)/gnu tools arm embedded/5.4 2016q3/bin/../lib/gcc/arm-none-eabi/5.4.1/../../../../arm-none-eabi/lib/armv7-m\libg_nano.a(lib_a-nano-vfprintf_i.o)
                              c:/program files (x86)/gnu tools arm embedded/5.4 2016q3/bin/../lib/gcc/arm-none-eabi/5.4.1/../../../../arm-none-eabi/lib/armv7-m\libg_nano.a(lib_a-nano-svfprintf.o) (_printf_i)
c:/program files (x86)/gnu tools arm embedded/5.4 2016q3/bin/../lib/gcc/arm-none-eabi/5.4.1/../../../../arm-none-eabi/lib/armv7-m\libg_nano.a(lib_a-memchr-stub.o)
                              c:/program files (x86)/gnu tools arm embedded/5.4 2016q3/bin/../lib/gcc/arm-none-eabi/5.4.1/../../../../arm-none-eabi/lib/armv7-m\libg_nano.a(lib_a-nano-svfprintf.o) (memchr)
c:/program files (x86)/gnu tools arm embedded/5.4 2016q3/bin/../lib/gcc/arm-none-eabi/5.4.1/../../../../arm-none-eabi/lib/armv7-m\libg_nano.a(lib_a-memmove.o)
                              c:/program files (x86)/gnu tools arm embedded/5.4 2016q3/bin/../lib/gcc/arm-none-eabi/5.4.1/../../../../arm-none-eabi/lib/armv7-m\libg_nano.a(lib_a-nano-svfprintf.o) (memmove)
c:/program files (x86)/gnu tools arm embedded/5.4 2016q3/bin/../lib/gcc/arm-none-eabi/5.4.1/../../../../arm-none-eabi/lib/armv7-m\libg_nano.a(lib_a-nano-freer.o)
                              c:/program files (x86)/gnu tools arm embedded/5.4 2016q3/bin/../lib/gcc/arm-none-eabi/5.4.1/../../../../arm-none-eabi/lib/armv7-m\libg_nano.a(lib_a-nano-svfprintf.o) (_free_r)
c:/program files (x86)/gnu tools arm embedded/5.4 2016q3/bin/../lib/gcc/arm-none-eabi/5.4.1/../../../../arm-none-eabi/lib/armv7-m\libg_nano.a(lib_a-nano-mallocr.o)
                              c:/program files (x86)/gnu tools arm embedded/5.4 2016q3/bin/../lib/gcc/arm-none-eabi/5.4.1/../../../../arm-none-eabi/lib/armv7-m\libg_nano.a(lib_a-nano-svfprintf.o) (_malloc_r)
c:/program files (x86)/gnu tools arm embedded/5.4 2016q3/bin/../lib/gcc/arm-none-eabi/5.4.1/../../../../arm-none-eabi/lib/armv7-m\libg_nano.a(lib_a-nano-reallocr.o)
                              c:/program files (x86)/gnu tools arm embedded/5.4 2016q3/bin/../lib/gcc/arm-none-eabi/5.4.1/../../../../arm-none-eabi/lib/armv7-m\libg_nano.a(lib_a-nano-svfprintf.o) (_realloc_r)
c:/program files (x86)/gnu tools arm embedded/5.4 2016q3/bin/../lib/gcc/arm-none-eabi/5.4.1/../../../../arm-none-eabi/lib/armv7-m\libg_nano.a(lib_a-sbrkr.o)
                              c:/program files (x86)/gnu tools arm embedded/5.4 2016q3/bin/../lib/gcc/arm-none-eabi/5.4.1/../../../../arm-none-eabi/lib/armv7-m\libg_nano.a(lib_a-nano-mallocr.o) (_sbrk_r)
c:/program files (x86)/gnu tools arm embedded/5.4 2016q3/bin/../lib/gcc/arm-none-eabi/5.4.1/../../../../arm-none-eabi/lib/armv7-m\libg_nano.a(lib_a-mlock.o)
[...]
Memory Configuration

Name             Origin             Length             Attributes
RAM              0x20000000         0x00005000         xrw
CCMRAM           0x00000000         0x00000000         xrw
FLASH            0x08000000         0x00010000         xr
FLASHB1          0x00000000         0x00000000         xr
EXTMEMB0         0x00000000         0x00000000         xr
EXTMEMB1         0x00000000         0x00000000         xr
EXTMEMB2         0x00000000         0x00000000         xr
EXTMEMB3         0x00000000         0x00000000         xr
MEMORY_ARRAY     0x00000000         0x00000000         xrw
*default*        0x00000000         0xffffffff

Linker script and memory map

LOAD ./system/src/stm32f1xx/stm32f1xx_hal.o
LOAD ./system/src/stm32f1xx/stm32f1xx_hal_adc.o
LOAD ./system/src/stm32f1xx/stm32f1xx_hal_adc_ex.o
LOAD ./system/src/stm32f1xx/stm32f1xx_hal_cortex.o
LOAD ./system/src/stm32f1xx/stm32f1xx_hal_crc.o
LOAD ./system/src/stm32f1xx/stm32f1xx_hal_dma.o
LOAD ./system/src/stm32f1xx/stm32f1xx_hal_flash.o
LOAD ./system/src/stm32f1xx/stm32f1xx_hal_flash_ex.o
LOAD ./system/src/stm32f1xx/stm32f1xx_hal_gpio.o
LOAD ./system/src/stm32f1xx/stm32f1xx_hal_gpio_ex.o
LOAD ./system/src/stm32f1xx/stm32f1xx_hal_i2c.o
LOAD ./system/src/stm32f1xx/stm32f1xx_hal_pcd.o
LOAD ./system/src/stm32f1xx/stm32f1xx_hal_pcd_ex.o
LOAD ./system/src/stm32f1xx/stm32f1xx_hal_pwr.o
LOAD ./system/src/stm32f1xx/stm32f1xx_hal_rcc.o
LOAD ./system/src/stm32f1xx/stm32f1xx_hal_rcc_ex.o
LOAD ./system/src/stm32f1xx/stm32f1xx_hal_tim.o
LOAD ./system/src/stm32f1xx/stm32f1xx_hal_tim_ex.o
LOAD ./system/src/stm32f1xx/stm32f1xx_hal_uart.o
LOAD ./system/src/stm32f1xx/stm32f1xx_ll_usb.o
LOAD ./system/src/newlib/_cxx.o
LOAD ./system/src/newlib/_exit.o
LOAD ./system/src/newlib/_sbrk.o
LOAD ./system/src/newlib/_startup.o
LOAD ./system/src/newlib/_syscalls.o
LOAD ./system/src/newlib/assert.o
LOAD ./system/src/diag/Trace.o
LOAD ./system/src/diag/trace_impl.o
LOAD ./system/src/cortexm/_initialize_hardware.o
LOAD ./system/src/cortexm/_reset_hardware.o
LOAD ./system/src/cortexm/exception_handlers.o
LOAD ./system/src/cmsis/startup_stm32f103xb.o
LOAD ./system/src/cmsis/system_stm32f1xx.o
LOAD ./src/freertos.o
LOAD ./src/main.o
LOAD ./src/stm32f1xx_hal_msp.o
LOAD ./src/stm32f1xx_hal_timebase_TIM.o
LOAD ./src/stm32f1xx_it.o
LOAD ./src/usb_device.o
LOAD ./src/usbd_conf.o
LOAD ./src/usbd_desc.o
LOAD ./src/usbd_dfu_if.o
LOAD ./Middlewares/Third_Party/FreeRTOS/Source/portable/MemMang/heap_4.o
LOAD ./Middlewares/Third_Party/FreeRTOS/Source/portable/GCC/ARM_CM3/port.o
LOAD ./Middlewares/Third_Party/FreeRTOS/Source/CMSIS_RTOS/cmsis_os.o
LOAD ./Middlewares/Third_Party/FreeRTOS/Source/croutine.o
LOAD ./Middlewares/Third_Party/FreeRTOS/Source/event_groups.o
LOAD ./Middlewares/Third_Party/FreeRTOS/Source/list.o
LOAD ./Middlewares/Third_Party/FreeRTOS/Source/queue.o
LOAD ./Middlewares/Third_Party/FreeRTOS/Source/tasks.o
LOAD ./Middlewares/Third_Party/FreeRTOS/Source/timers.o
LOAD ./Middlewares/ST/STM32_USB_Device_Library/Core/Src/usbd_core.o
LOAD ./Middlewares/ST/STM32_USB_Device_Library/Core/Src/usbd_ctlreq.o
LOAD ./Middlewares/ST/STM32_USB_Device_Library/Core/Src/usbd_ioreq.o
LOAD ./Middlewares/ST/STM32_USB_Device_Library/Class/DFU/Src/usbd_dfu.o
LOAD c:/program files (x86)/gnu tools arm embedded/5.4 2016q3/bin/../lib/gcc/arm-none-eabi/5.4.1/../../../../arm-none-eabi/lib/armv7-m\libstdc++_nano.a
LOAD c:/program files (x86)/gnu tools arm embedded/5.4 2016q3/bin/../lib/gcc/arm-none-eabi/5.4.1/../../../../arm-none-eabi/lib/armv7-m\libm.a
START GROUP
LOAD c:/program files (x86)/gnu tools arm embedded/5.4 2016q3/bin/../lib/gcc/arm-none-eabi/5.4.1/armv7-m\libgcc.a
LOAD c:/program files (x86)/gnu tools arm embedded/5.4 2016q3/bin/../lib/gcc/arm-none-eabi/5.4.1/../../../../arm-none-eabi/lib/armv7-m\libg_nano.a
LOAD c:/program files (x86)/gnu tools arm embedded/5.4 2016q3/bin/../lib/gcc/arm-none-eabi/5.4.1/../../../../arm-none-eabi/lib/armv7-m\libc_nano.a
END GROUP
START GROUP
LOAD c:/program files (x86)/gnu tools arm embedded/5.4 2016q3/bin/../lib/gcc/arm-none-eabi/5.4.1/armv7-m\libgcc.a
LOAD c:/program files (x86)/gnu tools arm embedded/5.4 2016q3/bin/../lib/gcc/arm-none-eabi/5.4.1/../../../../arm-none-eabi/lib/armv7-m\libc_nano.a
END GROUP
                0x20005000                __stack = (ORIGIN (RAM) + LENGTH (RAM))
                0x20005000                _estack = __stack
                0x00000400                __Main_Stack_Size = 0x400
                [!provide]                PROVIDE (_Main_Stack_Size, __Main_Stack_Size)
                0x20004c00                __Main_Stack_Limit = (__stack - __Main_Stack_Size)
                [!provide]                PROVIDE (_Main_Stack_Limit, __Main_Stack_Limit)
                0x00000100                _Minimum_Stack_Size = 0x100
                0x20001e64                PROVIDE (_Heap_Begin, _end_noinit)
                0x20004c00                PROVIDE (_Heap_Limit, (__stack - __Main_Stack_Size))

.isr_vector     0x08000000      0x350
 FILL mask 0xff
                0x08000000                __vectors_start = ABSOLUTE (.)
                0x08000000                __vectors_start__ = ABSOLUTE (.)
 *(.isr_vector)
 .isr_vector    0x08000000      0x10c ./system/src/cmsis/startup_stm32f103xb.o
                0x08000000                g_pfnVectors
 *(.cfmconfig)
 *(.after_vectors .after_vectors.*)
 .after_vectors
                0x0800010c      0x114 ./system/src/newlib/_startup.o
                0x0800010c                _start
 .after_vectors
                0x08000220      0x130 ./system/src/cortexm/exception_handlers.o
                0x08000220                Reset_Handler
                0x08000240                HardFault_Handler_C
                0x080002b8                BusFault_Handler_C
                0x08000300                UsageFault_Handler_C

.inits          0x08000350       0x28
                0x08000350                __data_regions_array_start = .
                0x08000350        0x4 LONG 0x800720c LOADADDR (.data)
                0x08000354        0x4 LONG 0x20000000 ADDR (.data)
                0x08000358        0x4 LONG 0x20000130 (ADDR (.data) + SIZEOF (.data))
                0x0800035c        0x4 LONG 0x800720c LOADADDR (.data_CCMRAM)
                0x08000360        0x4 LONG 0x0 ADDR (.data_CCMRAM)
                0x08000364        0x4 LONG 0x0 (ADDR (.data_CCMRAM) + SIZEOF (.data_CCMRAM))
                0x08000368                __data_regions_array_end = .
                0x08000368                __bss_regions_array_start = .
                0x08000368        0x4 LONG 0x20000130 ADDR (.bss)
                0x0800036c        0x4 LONG 0x20001e64 (ADDR (.bss) + SIZEOF (.bss))
                0x08000370        0x4 LONG 0x0 ADDR (.bss_CCMRAM)
                0x08000374        0x4 LONG 0x0 (ADDR (.bss_CCMRAM) + SIZEOF (.bss_CCMRAM))
                0x08000378                __bss_regions_array_end = .
 *(.init)
 *(.fini)
                0x08000378                . = ALIGN (0x4)
                0x08000378                PROVIDE (__preinit_array_start, .)
 *(.preinit_array_sysinit .preinit_array_sysinit.*)
 *(.preinit_array_platform .preinit_array_platform.*)
 *(.preinit_array .preinit_array.*)
                0x08000378                PROVIDE (__preinit_array_end, .)
                0x08000378                . = ALIGN (0x4)
                0x08000378                PROVIDE (__init_array_start, .)
 *(SORT(.init_array.*))
 *(.init_array)
                0x08000378                PROVIDE (__init_array_end, .)
                0x08000378                . = ALIGN (0x4)
                0x08000378                PROVIDE (__fini_array_start, .)
 *(SORT(.fini_array.*))
 *(.fini_array)
                0x08000378                PROVIDE (__fini_array_end, .)

.flashtext
 *(.flashtext .flashtext.*)

.text           0x08000378     0x6e93
 *(.text .text.*)
 .text.HAL_Init
                0x08000378       0x24 ./system/src/stm32f1xx/stm32f1xx_hal.o
                0x08000378                HAL_Init
 .text.HAL_IncTick
                0x0800039c       0x10 ./system/src/stm32f1xx/stm32f1xx_hal.o
                0x0800039c                HAL_IncTick
 .text.HAL_GetTick
                0x080003ac        0xc ./system/src/stm32f1xx/stm32f1xx_hal.o
                0x080003ac                HAL_GetTick
 .text.HAL_Delay
                0x080003b8       0x1c ./system/src/stm32f1xx/stm32f1xx_hal.o
                0x080003b8                HAL_Delay
 .text.HAL_ADC_ConfigChannel
                0x080003d4      0x208 ./system/src/stm32f1xx/stm32f1xx_hal_adc.o
                0x080003d4                HAL_ADC_ConfigChannel
 .text.ADC_ConversionStop_Disable
                0x080005dc       0x50 ./system/src/stm32f1xx/stm32f1xx_hal_adc.o
                0x080005dc                ADC_ConversionStop_Disable
 .text.HAL_ADC_Init
                0x0800062c      0x200 ./system/src/stm32f1xx/stm32f1xx_hal_adc.o
                0x0800062c                HAL_ADC_Init
 .text.HAL_NVIC_SetPriorityGrouping
                0x0800082c       0x3c ./system/src/stm32f1xx/stm32f1xx_hal_cortex.o
                0x0800082c                HAL_NVIC_SetPriorityGrouping
 .text.HAL_NVIC_SetPriority
                0x08000868       0x84 ./system/src/stm32f1xx/stm32f1xx_hal_cortex.o
                0x08000868                HAL_NVIC_SetPriority
 .text.HAL_NVIC_EnableIRQ
                0x080008ec       0x2c ./system/src/stm32f1xx/stm32f1xx_hal_cortex.o
                0x080008ec                HAL_NVIC_EnableIRQ
 .text.HAL_SYSTICK_Config
                0x08000918       0x2c ./system/src/stm32f1xx/stm32f1xx_hal_cortex.o
                0x08000918                HAL_SYSTICK_Config
 .text.HAL_SYSTICK_CLKSourceConfig
                0x08000944       0x38 ./system/src/stm32f1xx/stm32f1xx_hal_cortex.o
                0x08000944                HAL_SYSTICK_CLKSourceConfig
 .text.HAL_CRC_Init
                0x0800097c       0x3c ./system/src/stm32f1xx/stm32f1xx_hal_crc.o
                0x0800097c                HAL_CRC_Init
 .text.HAL_DMA_Init
                0x080009b8      0x124 ./system/src/stm32f1xx/stm32f1xx_hal_dma.o
                0x080009b8                HAL_DMA_Init
 .text.HAL_DMA_IRQHandler
                0x08000adc      0x270 ./system/src/stm32f1xx/stm32f1xx_hal_dma.o
                0x08000adc                HAL_DMA_IRQHandler
 .text.HAL_GPIO_Init
                0x08000d4c      0x300 ./system/src/stm32f1xx/stm32f1xx_hal_gpio.o
                0x08000d4c                HAL_GPIO_Init
 .text.HAL_GPIO_WritePin
                0x0800104c       0x34 ./system/src/stm32f1xx/stm32f1xx_hal_gpio.o
                0x0800104c                HAL_GPIO_WritePin
 .text.I2C_Configure_Speed
                0x08001080       0x4c ./system/src/stm32f1xx/stm32f1xx_hal_i2c.o
 .text.HAL_I2C_Init
                0x080010cc      0x178 ./system/src/stm32f1xx/stm32f1xx_hal_i2c.o
                0x080010cc                HAL_I2C_Init
 .text.HAL_PCD_Init
                0x08001244       0xf8 ./system/src/stm32f1xx/stm32f1xx_hal_pcd.o
                0x08001244                HAL_PCD_Init
 .text.HAL_PCD_Start
                0x0800133c       0x30 ./system/src/stm32f1xx/stm32f1xx_hal_pcd.o
                0x0800133c                HAL_PCD_Start
 .text.HAL_PCD_Stop
                0x0800136c       0x30 ./system/src/stm32f1xx/stm32f1xx_hal_pcd.o
                0x0800136c                HAL_PCD_Stop
 .text.HAL_PCD_SetAddress
                0x0800139c       0x28 ./system/src/stm32f1xx/stm32f1xx_hal_pcd.o
                0x0800139c                HAL_PCD_SetAddress
 .text.HAL_PCD_EP_Open
                0x080013c4       0x54 ./system/src/stm32f1xx/stm32f1xx_hal_pcd.o
                0x080013c4                HAL_PCD_EP_Open
 .text.HAL_PCD_EP_Receive
                0x08001418       0x58 ./system/src/stm32f1xx/stm32f1xx_hal_pcd.o
                0x08001418                HAL_PCD_EP_Receive
 .text.HAL_PCD_EP_Transmit
                0x08001470       0x54 ./system/src/stm32f1xx/stm32f1xx_hal_pcd.o
                0x08001470                HAL_PCD_EP_Transmit
 .text.PCD_EP_ISR_Handler
                0x080014c4      0x45c ./system/src/stm32f1xx/stm32f1xx_hal_pcd.o
 .text.HAL_PCD_IRQHandler
                0x08001920      0x154 ./system/src/stm32f1xx/stm32f1xx_hal_pcd.o
                0x08001920                HAL_PCD_IRQHandler
 .text.HAL_PCD_EP_SetStall
                0x08001a74       0x5c ./system/src/stm32f1xx/stm32f1xx_hal_pcd.o
                0x08001a74                HAL_PCD_EP_SetStall
 .text.HAL_PCD_EP_ClrStall
                0x08001ad0       0x50 ./system/src/stm32f1xx/stm32f1xx_hal_pcd.o
                0x08001ad0                HAL_PCD_EP_ClrStall
 .text.HAL_PCDEx_PMAConfig
                0x08001b20       0x38 ./system/src/stm32f1xx/stm32f1xx_hal_pcd_ex.o
                0x08001b20                HAL_PCDEx_PMAConfig
 .text.HAL_RCC_OscConfig
                0x08001b58      0x71c ./system/src/stm32f1xx/stm32f1xx_hal_rcc.o
                0x08001b58                HAL_RCC_OscConfig
 .text.HAL_RCC_GetSysClockFreq
                0x08002274       0x94 ./system/src/stm32f1xx/stm32f1xx_hal_rcc.o
                0x08002274                HAL_RCC_GetSysClockFreq
 .text.HAL_RCC_ClockConfig
                0x08002308      0x2a4 ./system/src/stm32f1xx/stm32f1xx_hal_rcc.o
                0x08002308                HAL_RCC_ClockConfig
 .text.HAL_RCC_GetHCLKFreq
                0x080025ac        0xc ./system/src/stm32f1xx/stm32f1xx_hal_rcc.o
                0x080025ac                HAL_RCC_GetHCLKFreq
 .text.HAL_RCC_GetPCLK1Freq
                0x080025b8       0x30 ./system/src/stm32f1xx/stm32f1xx_hal_rcc.o
                0x080025b8                HAL_RCC_GetPCLK1Freq
 .text.HAL_RCC_GetPCLK2Freq
                0x080025e8       0x30 ./system/src/stm32f1xx/stm32f1xx_hal_rcc.o
                0x080025e8                HAL_RCC_GetPCLK2Freq
 .text.HAL_RCC_GetClockConfig
                0x08002618       0x60 ./system/src/stm32f1xx/stm32f1xx_hal_rcc.o
                0x08002618                HAL_RCC_GetClockConfig
 .text.HAL_RCCEx_PeriphCLKConfig
                0x08002678      0x1a0 ./system/src/stm32f1xx/stm32f1xx_hal_rcc_ex.o
                0x08002678                HAL_RCCEx_PeriphCLKConfig
 .text.TIM_OC1_SetConfig
                0x08002818       0xa4 ./system/src/stm32f1xx/stm32f1xx_hal_tim.o
 .text.TIM_OC3_SetConfig
                0x080028bc       0xa8 ./system/src/stm32f1xx/stm32f1xx_hal_tim.o
 .text.TIM_OC4_SetConfig
                0x08002964       0x68 ./system/src/stm32f1xx/stm32f1xx_hal_tim.o
 .text.HAL_TIM_Base_MspInit
                0x080029cc        0x4 ./system/src/stm32f1xx/stm32f1xx_hal_tim.o
                0x080029cc                HAL_TIM_Base_MspInit
 .text.HAL_TIM_Base_Start_IT
                0x080029d0       0x4c ./system/src/stm32f1xx/stm32f1xx_hal_tim.o
                0x080029d0                HAL_TIM_Base_Start_IT
 .text.HAL_TIM_OC_DelayElapsedCallback
                0x08002a1c        0x4 ./system/src/stm32f1xx/stm32f1xx_hal_tim.o
                0x08002a1c                HAL_TIM_OC_DelayElapsedCallback
 .text.HAL_TIM_IC_CaptureCallback
                0x08002a20        0x4 ./system/src/stm32f1xx/stm32f1xx_hal_tim.o
                0x08002a20                HAL_TIM_IC_CaptureCallback
 .text.HAL_TIM_PWM_PulseFinishedCallback
                0x08002a24        0x4 ./system/src/stm32f1xx/stm32f1xx_hal_tim.o
                0x08002a24                HAL_TIM_PWM_PulseFinishedCallback
 .text.HAL_TIM_TriggerCallback
                0x08002a28        0x4 ./system/src/stm32f1xx/stm32f1xx_hal_tim.o
                0x08002a28                HAL_TIM_TriggerCallback
 .text.HAL_TIM_IRQHandler
                0x08002a2c      0x174 ./system/src/stm32f1xx/stm32f1xx_hal_tim.o
                0x08002a2c                HAL_TIM_IRQHandler
 .text.TIM_Base_SetConfig
                0x08002ba0       0x68 ./system/src/stm32f1xx/stm32f1xx_hal_tim.o
                0x08002ba0                TIM_Base_SetConfig
 .text.HAL_TIM_Base_Init
                0x08002c08       0x9c ./system/src/stm32f1xx/stm32f1xx_hal_tim.o
                0x08002c08                HAL_TIM_Base_Init
 .text.HAL_TIM_PWM_Init
                0x08002ca4       0xa4 ./system/src/stm32f1xx/stm32f1xx_hal_tim.o
                0x08002ca4                HAL_TIM_PWM_Init
 .text.TIM_OC2_SetConfig
                0x08002d48       0xa8 ./system/src/stm32f1xx/stm32f1xx_hal_tim.o
                0x08002d48                TIM_OC2_SetConfig
 .text.HAL_TIM_PWM_ConfigChannel
                0x08002df0      0x1e8 ./system/src/stm32f1xx/stm32f1xx_hal_tim.o
                0x08002df0                HAL_TIM_PWM_ConfigChannel
 .text.HAL_TIMEx_MasterConfigSynchronization
                0x08002fd8       0xc0 ./system/src/stm32f1xx/stm32f1xx_hal_tim_ex.o
                0x08002fd8                HAL_TIMEx_MasterConfigSynchronization
 .text.HAL_TIMEx_CommutationCallback
                0x08003098        0x4 ./system/src/stm32f1xx/stm32f1xx_hal_tim_ex.o
                0x08003098                HAL_TIMEx_CommutationCallback
 .text.HAL_TIMEx_BreakCallback
                0x0800309c        0x4 ./system/src/stm32f1xx/stm32f1xx_hal_tim_ex.o
                0x0800309c                HAL_TIMEx_BreakCallback
 .text.UART_SetConfig
                0x080030a0      0x228 ./system/src/stm32f1xx/stm32f1xx_hal_uart.o
 .text.HAL_UART_Init
                0x080032c8       0xf8 ./system/src/stm32f1xx/stm32f1xx_hal_uart.o
                0x080032c8                HAL_UART_Init
 .text.USB_CoreInit
                0x080033c0       0x10 ./system/src/stm32f1xx/stm32f1xx_ll_usb.o
                0x080033c0                USB_CoreInit
 .text.USB_EnableGlobalInt
                0x080033d0       0x14 ./system/src/stm32f1xx/stm32f1xx_ll_usb.o
                0x080033d0                USB_EnableGlobalInt
 .text.USB_DisableGlobalInt
                0x080033e4       0x14 ./system/src/stm32f1xx/stm32f1xx_ll_usb.o
                0x080033e4                USB_DisableGlobalInt
 .text.USB_SetCurrentMode
                0x080033f8        0x4 ./system/src/stm32f1xx/stm32f1xx_ll_usb.o
                0x080033f8                USB_SetCurrentMode
 .text.USB_DevInit
                0x080033fc       0x28 ./system/src/stm32f1xx/stm32f1xx_ll_usb.o
                0x080033fc                USB_DevInit
 .text.USB_ActivateEndpoint
                0x08003424      0x33c ./system/src/stm32f1xx/stm32f1xx_ll_usb.o
                0x08003424                USB_ActivateEndpoint
 .text.USB_EPSetStall
                0x08003760       0x70 ./system/src/stm32f1xx/stm32f1xx_ll_usb.o
                0x08003760                USB_EPSetStall
 .text.USB_EPClearStall
                0x080037d0       0x98 ./system/src/stm32f1xx/stm32f1xx_ll_usb.o
                0x080037d0                USB_EPClearStall
 .text.USB_StopDevice
                0x08003868       0x18 ./system/src/stm32f1xx/stm32f1xx_ll_usb.o
                0x08003868                USB_StopDevice
 .text.USB_SetDevAddress
                0x08003880        0xc ./system/src/stm32f1xx/stm32f1xx_ll_usb.o
                0x08003880                USB_SetDevAddress
 .text.USB_DevConnect
                0x0800388c        0x4 ./system/src/stm32f1xx/stm32f1xx_ll_usb.o
                0x0800388c                USB_DevConnect
 .text.USB_DevDisconnect
                0x08003890        0x4 ./system/src/stm32f1xx/stm32f1xx_ll_usb.o
                0x08003890                USB_DevDisconnect
 .text.USB_ReadInterrupts
                0x08003894        0x8 ./system/src/stm32f1xx/stm32f1xx_ll_usb.o
                0x08003894                USB_ReadInterrupts
 .text.USB_EP0_OutStart
                0x0800389c        0x4 ./system/src/stm32f1xx/stm32f1xx_ll_usb.o
                0x0800389c                USB_EP0_OutStart
 .text.USB_WritePMA
                0x080038a0       0x28 ./system/src/stm32f1xx/stm32f1xx_ll_usb.o
                0x080038a0                USB_WritePMA
 .text.USB_EPStartXfer
                0x080038c8      0x2e8 ./system/src/stm32f1xx/stm32f1xx_ll_usb.o
                0x080038c8                USB_EPStartXfer
 .text.USB_ReadPMA
                0x08003bb0       0x20 ./system/src/stm32f1xx/stm32f1xx_ll_usb.o
                0x08003bb0                USB_ReadPMA
 .text._exit    0x08003bd0        0x4 ./system/src/newlib/_exit.o
                0x08003bd0                _exit
 .text._sbrk    0x08003bd4       0x44 ./system/src/newlib/_sbrk.o
                0x08003bd4                _sbrk
 .text.__initialize_args
                0x08003c18       0x10 ./system/src/newlib/_syscalls.o
                0x08003c18                __initialize_args
 .text.trace_printf
                0x08003c28       0x30 ./system/src/diag/Trace.o
                0x08003c28                trace_printf
 .text._trace_write_semihosting_debug
                0x08003c58       0x64 ./system/src/diag/trace_impl.o
 .text.trace_write
                0x08003cbc        0x8 ./system/src/diag/trace_impl.o
                0x08003cbc                trace_write
 .text.__initialize_hardware_early
                0x08003cc4       0x18 ./system/src/cortexm/_initialize_hardware.o
                0x08003cc4                __initialize_hardware_early
 .text.__initialize_hardware
                0x08003cdc        0x8 ./system/src/cortexm/_initialize_hardware.o
                0x08003cdc                __initialize_hardware
 .text.dumpExceptionStack
                0x08003ce4       0xf0 ./system/src/cortexm/exception_handlers.o
                0x08003ce4                dumpExceptionStack
 .text.isSemihosting
                0x08003dd4       0x20 ./system/src/cortexm/exception_handlers.o
                0x08003dd4                isSemihosting
 .text.Default_Handler
                0x08003df4        0x2 ./system/src/cmsis/startup_stm32f103xb.o
                0x08003df4                RTC_Alarm_IRQHandler
                0x08003df4                EXTI2_IRQHandler
                0x08003df4                TIM1_CC_IRQHandler
                0x08003df4                PVD_IRQHandler
                0x08003df4                EXTI3_IRQHandler
                0x08003df4                EXTI0_IRQHandler
                0x08003df4                I2C2_EV_IRQHandler
                0x08003df4                ADC1_2_IRQHandler
                0x08003df4                SPI1_IRQHandler
                0x08003df4                TAMPER_IRQHandler
                0x08003df4                DMA1_Channel4_IRQHandler
                0x08003df4                USART3_IRQHandler
                0x08003df4                RTC_IRQHandler
                0x08003df4                DMA1_Channel7_IRQHandler
                0x08003df4                CAN1_RX1_IRQHandler
                0x08003df4                TIM4_IRQHandler
                0x08003df4                I2C1_EV_IRQHandler
                0x08003df4                TIM3_IRQHandler
                0x08003df4                RCC_IRQHandler
                0x08003df4                TIM1_TRG_COM_IRQHandler
                0x08003df4                DMA1_Channel1_IRQHandler
                0x08003df4                Default_Handler
                0x08003df4                EXTI15_10_IRQHandler
                0x08003df4                EXTI9_5_IRQHandler
                0x08003df4                SPI2_IRQHandler
                0x08003df4                DMA1_Channel5_IRQHandler
                0x08003df4                EXTI4_IRQHandler
                0x08003df4                USB_HP_CAN1_TX_IRQHandler
                0x08003df4                WWDG_IRQHandler
                0x08003df4                TIM2_IRQHandler
                0x08003df4                TIM1_BRK_IRQHandler
                0x08003df4                EXTI1_IRQHandler
                0x08003df4                USART2_IRQHandler
                0x08003df4                I2C2_ER_IRQHandler
                0x08003df4                DMA1_Channel2_IRQHandler
                0x08003df4                CAN1_SCE_IRQHandler
                0x08003df4                FLASH_IRQHandler
                0x08003df4                USART1_IRQHandler
                0x08003df4                I2C1_ER_IRQHandler
                0x08003df4                USBWakeUp_IRQHandler
 *fill*         0x08003df6        0x2 
 .text.SystemInit
                0x08003df8       0x4c ./system/src/cmsis/system_stm32f1xx.o
                0x08003df8                SystemInit
 .text.SystemCoreClockUpdate
                0x08003e44       0x94 ./system/src/cmsis/system_stm32f1xx.o
                0x08003e44                SystemCoreClockUpdate
 .text.MX_GPIO_Init
                0x08003ed8       0xcc ./src/main.o
 .text.MX_DMA_Init
                0x08003fa4       0x44 ./src/main.o
 .text.StartDefaultTask
                0x08003fe8       0x10 ./src/main.o
                0x08003fe8                StartDefaultTask
 .text.StartTask02
                0x08003ff8        0xc ./src/main.o
                0x08003ff8                StartTask02
 .text.HAL_TIM_PeriodElapsedCallback
                0x08004004       0x14 ./src/main.o
                0x08004004                HAL_TIM_PeriodElapsedCallback
 .text.Error_Handler
                0x08004018        0x4 ./src/main.o
                0x08004018                Error_Handler
 .text.MX_ADC1_Init
                0x0800401c       0x50 ./src/main.o
 .text.MX_CRC_Init
                0x0800406c       0x1c ./src/main.o
 .text.MX_I2C1_Init
                0x08004088       0x38 ./src/main.o
 .text.MX_TIM3_Init
                0x080040c0       0x60 ./src/main.o
 .text.MX_USART2_UART_Init
                0x08004120       0x34 ./src/main.o
 .text.MX_USART3_UART_Init
                0x08004154       0x34 ./src/main.o
 .text.SystemClock_Config
                0x08004188       0x90 ./src/main.o
                0x08004188                SystemClock_Config
 .text.main     0x08004218       0x8c ./src/main.o
                0x08004218                main
 .text.assert_failed
                0x080042a4        0x4 ./src/main.o
                0x080042a4                assert_failed
 .text.HAL_MspInit
                0x080042a8       0x90 ./src/stm32f1xx_hal_msp.o
                0x080042a8                HAL_MspInit
 .text.HAL_ADC_MspInit
                0x08004338       0x40 ./src/stm32f1xx_hal_msp.o
                0x08004338                HAL_ADC_MspInit
 .text.HAL_CRC_MspInit
                0x08004378       0x28 ./src/stm32f1xx_hal_msp.o
                0x08004378                HAL_CRC_MspInit
 .text.HAL_I2C_MspInit
                0x080043a0       0x48 ./src/stm32f1xx_hal_msp.o
                0x080043a0                HAL_I2C_MspInit
 .text.HAL_TIM_PWM_MspInit
                0x080043e8       0x28 ./src/stm32f1xx_hal_msp.o
                0x080043e8                HAL_TIM_PWM_MspInit
 .text.HAL_TIM_MspPostInit
                0x08004410       0x30 ./src/stm32f1xx_hal_msp.o
                0x08004410                HAL_TIM_MspPostInit
 .text.HAL_UART_MspInit
                0x08004440      0x108 ./src/stm32f1xx_hal_msp.o
                0x08004440                HAL_UART_MspInit
 .text.HAL_InitTick
                0x08004548       0x78 ./src/stm32f1xx_hal_timebase_TIM.o
                0x08004548                HAL_InitTick
 .text.NMI_Handler
                0x080045c0        0x4 ./src/stm32f1xx_it.o
                0x080045c0                NMI_Handler
 .text.HardFault_Handler
                0x080045c4        0x4 ./src/stm32f1xx_it.o
                0x080045c4                HardFault_Handler
 .text.MemManage_Handler
                0x080045c8        0x4 ./src/stm32f1xx_it.o
                0x080045c8                MemManage_Handler
 .text.BusFault_Handler
                0x080045cc        0x4 ./src/stm32f1xx_it.o
                0x080045cc                BusFault_Handler
 .text.UsageFault_Handler
                0x080045d0        0x4 ./src/stm32f1xx_it.o
                0x080045d0                UsageFault_Handler
 .text.DebugMon_Handler
                0x080045d4        0x4 ./src/stm32f1xx_it.o
                0x080045d4                DebugMon_Handler
 .text.SysTick_Handler
                0x080045d8        0x8 ./src/stm32f1xx_it.o
                0x080045d8                SysTick_Handler
 .text.DMA1_Channel3_IRQHandler
                0x080045e0       0x10 ./src/stm32f1xx_it.o
                0x080045e0                DMA1_Channel3_IRQHandler
 .text.DMA1_Channel6_IRQHandler
                0x080045f0       0x10 ./src/stm32f1xx_it.o
                0x080045f0                DMA1_Channel6_IRQHandler
 .text.USB_LP_CAN1_RX0_IRQHandler
                0x08004600       0x10 ./src/stm32f1xx_it.o
                0x08004600                USB_LP_CAN1_RX0_IRQHandler
 .text.TIM1_UP_IRQHandler
                0x08004610       0x10 ./src/stm32f1xx_it.o
                0x08004610                TIM1_UP_IRQHandler
 .text.MX_USB_DEVICE_Init
                0x08004620       0x38 ./src/usb_device.o
                0x08004620                MX_USB_DEVICE_Init
 .text.HAL_PCD_MspInit
                0x08004658       0x40 ./src/usbd_conf.o
                0x08004658                HAL_PCD_MspInit
 .text.HAL_PCD_SetupStageCallback
                0x08004698       0x10 ./src/usbd_conf.o
                0x08004698                HAL_PCD_SetupStageCallback
 .text.HAL_PCD_DataOutStageCallback
                0x080046a8       0x14 ./src/usbd_conf.o
                0x080046a8                HAL_PCD_DataOutStageCallback
 .text.HAL_PCD_DataInStageCallback
                0x080046bc       0x14 ./src/usbd_conf.o
                0x080046bc                HAL_PCD_DataInStageCallback
 .text.HAL_PCD_SOFCallback
                0x080046d0        0xc ./src/usbd_conf.o
                0x080046d0                HAL_PCD_SOFCallback
 .text.HAL_PCD_ResetCallback
                0x080046dc       0x18 ./src/usbd_conf.o
                0x080046dc                HAL_PCD_ResetCallback
 .text.HAL_PCD_SuspendCallback
                0x080046f4       0x20 ./src/usbd_conf.o
                0x080046f4                HAL_PCD_SuspendCallback
 .text.HAL_PCD_ResumeCallback
                0x08004714        0xc ./src/usbd_conf.o
                0x08004714                HAL_PCD_ResumeCallback
 .text.USBD_LL_Init
                0x08004720       0x58 ./src/usbd_conf.o
                0x08004720                USBD_LL_Init
 .text.USBD_LL_Start
                0x08004778       0x10 ./src/usbd_conf.o
                0x08004778                USBD_LL_Start
 .text.USBD_LL_Stop
                0x08004788       0x10 ./src/usbd_conf.o
                0x08004788                USBD_LL_Stop
 .text.USBD_LL_OpenEP
                0x08004798       0x14 ./src/usbd_conf.o
                0x08004798                USBD_LL_OpenEP
 .text.USBD_LL_StallEP
                0x080047ac       0x10 ./src/usbd_conf.o
                0x080047ac                USBD_LL_StallEP
 .text.USBD_LL_ClearStallEP
                0x080047bc       0x10 ./src/usbd_conf.o
                0x080047bc                USBD_LL_ClearStallEP
 .text.USBD_LL_IsStallEP
                0x080047cc       0x28 ./src/usbd_conf.o
                0x080047cc                USBD_LL_IsStallEP
 .text.USBD_LL_SetUSBAddress
                0x080047f4       0x10 ./src/usbd_conf.o
                0x080047f4                USBD_LL_SetUSBAddress
 .text.USBD_LL_Transmit
                0x08004804       0x10 ./src/usbd_conf.o
                0x08004804                USBD_LL_Transmit
 .text.USBD_LL_PrepareReceive
                0x08004814       0x10 ./src/usbd_conf.o
                0x08004814                USBD_LL_PrepareReceive
 .text.USBD_static_malloc
                0x08004824        0x8 ./src/usbd_conf.o
                0x08004824                USBD_static_malloc
 .text.USBD_static_free
                0x0800482c        0x4 ./src/usbd_conf.o
                0x0800482c                USBD_static_free
 .text.HAL_PCDEx_SetConnectionState
                0x08004830        0x4 ./src/usbd_conf.o
                0x08004830                HAL_PCDEx_SetConnectionState
 .text.USBD_FS_DeviceDescriptor
                0x08004834        0xc ./src/usbd_desc.o
                0x08004834                USBD_FS_DeviceDescriptor
 .text.USBD_FS_LangIDStrDescriptor
                0x08004840        0xc ./src/usbd_desc.o
                0x08004840                USBD_FS_LangIDStrDescriptor
 .text.USBD_FS_ProductStrDescriptor
                0x0800484c       0x24 ./src/usbd_desc.o
                0x0800484c                USBD_FS_ProductStrDescriptor
 .text.USBD_FS_ManufacturerStrDescriptor
                0x08004870       0x1c ./src/usbd_desc.o
                0x08004870                USBD_FS_ManufacturerStrDescriptor
 .text.USBD_FS_SerialStrDescriptor
                0x0800488c       0x24 ./src/usbd_desc.o
                0x0800488c                USBD_FS_SerialStrDescriptor
 .text.USBD_FS_ConfigStrDescriptor
                0x080048b0       0x24 ./src/usbd_desc.o
                0x080048b0                USBD_FS_ConfigStrDescriptor
 .text.USBD_FS_InterfaceStrDescriptor
                0x080048d4       0x24 ./src/usbd_desc.o
                0x080048d4                USBD_FS_InterfaceStrDescriptor
 .text.MEM_If_Init_FS
                0x080048f8        0x4 ./src/usbd_dfu_if.o
 .text.MEM_If_DeInit_FS
                0x080048fc        0x4 ./src/usbd_dfu_if.o
 .text.MEM_If_Erase_FS
                0x08004900        0x4 ./src/usbd_dfu_if.o
 .text.MEM_If_Write_FS
                0x08004904        0x4 ./src/usbd_dfu_if.o
 .text.MEM_If_Read_FS
                0x08004908        0x4 ./src/usbd_dfu_if.o
 .text.MEM_If_GetStatus_FS
                0x0800490c        0x4 ./src/usbd_dfu_if.o
 .text.prvHeapInit
                0x08004910       0x64 ./Middlewares/Third_Party/FreeRTOS/Source/portable/MemMang/heap_4.o
 .text.prvInsertBlockIntoFreeList
                0x08004974       0x54 ./Middlewares/Third_Party/FreeRTOS/Source/portable/MemMang/heap_4.o
 .text.pvPortMalloc
                0x080049c8       0xe0 ./Middlewares/Third_Party/FreeRTOS/Source/portable/MemMang/heap_4.o
                0x080049c8                pvPortMalloc
 .text.vPortFree
                0x08004aa8       0x5c ./Middlewares/Third_Party/FreeRTOS/Source/portable/MemMang/heap_4.o
                0x08004aa8                vPortFree
 .text.prvPortStartFirstTask
                0x08004b04       0x20 ./Middlewares/Third_Party/FreeRTOS/Source/portable/GCC/ARM_CM3/port.o
 .text.pxPortInitialiseStack
                0x08004b24       0x20 ./Middlewares/Third_Party/FreeRTOS/Source/portable/GCC/ARM_CM3/port.o
                0x08004b24                pxPortInitialiseStack
 .text.SVC_Handler
                0x08004b44       0x24 ./Middlewares/Third_Party/FreeRTOS/Source/portable/GCC/ARM_CM3/port.o
                0x08004b44                SVC_Handler
 .text.vPortYield
                0x08004b68       0x18 ./Middlewares/Third_Party/FreeRTOS/Source/portable/GCC/ARM_CM3/port.o
                0x08004b68                vPortYield
 .text.ulPortSetInterruptMask
                0x08004b80       0x10 ./Middlewares/Third_Party/FreeRTOS/Source/portable/GCC/ARM_CM3/port.o
                0x08004b80                ulPortSetInterruptMask
 .text.prvTaskExitError
                0x08004b90       0x1c ./Middlewares/Third_Party/FreeRTOS/Source/portable/GCC/ARM_CM3/port.o
 .text.vPortEnterCritical
                0x08004bac       0x34 ./Middlewares/Third_Party/FreeRTOS/Source/portable/GCC/ARM_CM3/port.o
                0x08004bac                vPortEnterCritical
 .text.vPortClearInterruptMask
                0x08004be0        0x8 ./Middlewares/Third_Party/FreeRTOS/Source/portable/GCC/ARM_CM3/port.o
                0x08004be0                vPortClearInterruptMask
 .text.vPortExitCritical
                0x08004be8       0x24 ./Middlewares/Third_Party/FreeRTOS/Source/portable/GCC/ARM_CM3/port.o
                0x08004be8                vPortExitCritical
 .text.PendSV_Handler
                0x08004c0c       0x44 ./Middlewares/Third_Party/FreeRTOS/Source/portable/GCC/ARM_CM3/port.o
                0x08004c0c                PendSV_Handler
 .text.xPortSysTickHandler
                0x08004c50       0x20 ./Middlewares/Third_Party/FreeRTOS/Source/portable/GCC/ARM_CM3/port.o
                0x08004c50                xPortSysTickHandler
 .text.vPortSetupTimerInterrupt
                0x08004c70       0x2c ./Middlewares/Third_Party/FreeRTOS/Source/portable/GCC/ARM_CM3/port.o
                0x08004c70                vPortSetupTimerInterrupt
 .text.xPortStartScheduler
                0x08004c9c       0x98 ./Middlewares/Third_Party/FreeRTOS/Source/portable/GCC/ARM_CM3/port.o
                0x08004c9c                xPortStartScheduler
 .text.makeFreeRtosPriority
                0x08004d34        0xc ./Middlewares/Third_Party/FreeRTOS/Source/CMSIS_RTOS/cmsis_os.o
 .text.osKernelStart
                0x08004d40        0xc ./Middlewares/Third_Party/FreeRTOS/Source/CMSIS_RTOS/cmsis_os.o
                0x08004d40                osKernelStart
 .text.osThreadCreate
                0x08004d4c       0x3c ./Middlewares/Third_Party/FreeRTOS/Source/CMSIS_RTOS/cmsis_os.o
                0x08004d4c                osThreadCreate
 .text.osDelay  0x08004d88       0x10 ./Middlewares/Third_Party/FreeRTOS/Source/CMSIS_RTOS/cmsis_os.o
                0x08004d88                osDelay
 .text.osMessageCreate
                0x08004d98       0x10 ./Middlewares/Third_Party/FreeRTOS/Source/CMSIS_RTOS/cmsis_os.o
                0x08004d98                osMessageCreate
 .text.osSystickHandler
                0x08004da8       0x10 ./Middlewares/Third_Party/FreeRTOS/Source/CMSIS_RTOS/cmsis_os.o
                0x08004da8                osSystickHandler
 .text.vListInitialise
                0x08004db8       0x18 ./Middlewares/Third_Party/FreeRTOS/Source/list.o
                0x08004db8                vListInitialise
 .text.vListInitialiseItem
                0x08004dd0        0x8 ./Middlewares/Third_Party/FreeRTOS/Source/list.o
                0x08004dd0                vListInitialiseItem
 .text.vListInsertEnd
                0x08004dd8       0x18 ./Middlewares/Third_Party/FreeRTOS/Source/list.o
                0x08004dd8                vListInsertEnd
 .text.vListInsert
                0x08004df0       0x34 ./Middlewares/Third_Party/FreeRTOS/Source/list.o
                0x08004df0                vListInsert
 .text.uxListRemove
                0x08004e24       0x24 ./Middlewares/Third_Party/FreeRTOS/Source/list.o
                0x08004e24                uxListRemove
 .text.xQueueGenericReset
                0x08004e48       0x64 ./Middlewares/Third_Party/FreeRTOS/Source/queue.o
                0x08004e48                xQueueGenericReset
 .text.xQueueGenericCreate
                0x08004eac       0x50 ./Middlewares/Third_Party/FreeRTOS/Source/queue.o
                0x08004eac                xQueueGenericCreate
 .text.prvResetNextTaskUnblockTime
                0x08004efc       0x34 ./Middlewares/Third_Party/FreeRTOS/Source/tasks.o
 .text.prvDeleteTCB
                0x08004f30       0x14 ./Middlewares/Third_Party/FreeRTOS/Source/tasks.o
 .text.prvAllocateTCBAndStack
                0x08004f44       0x3c ./Middlewares/Third_Party/FreeRTOS/Source/tasks.o
 .text.prvInitialiseTCBVariables
                0x08004f80       0x50 ./Middlewares/Third_Party/FreeRTOS/Source/tasks.o
 .text.prvInitialiseTaskLists
                0x08004fd0       0x64 ./Middlewares/Third_Party/FreeRTOS/Source/tasks.o
 .text.prvAddCurrentTaskToDelayedList
                0x08005034       0x54 ./Middlewares/Third_Party/FreeRTOS/Source/tasks.o
 .text.xTaskGenericCreate
                0x08005088      0x10c ./Middlewares/Third_Party/FreeRTOS/Source/tasks.o
                0x08005088                xTaskGenericCreate
 .text.vTaskStartScheduler
                0x08005194       0x5c ./Middlewares/Third_Party/FreeRTOS/Source/tasks.o
                0x08005194                vTaskStartScheduler
 .text.vTaskSuspendAll
                0x080051f0       0x10 ./Middlewares/Third_Party/FreeRTOS/Source/tasks.o
                0x080051f0                vTaskSuspendAll
 .text.xTaskIncrementTick
                0x08005200      0x11c ./Middlewares/Third_Party/FreeRTOS/Source/tasks.o
                0x08005200                xTaskIncrementTick
 .text.xTaskResumeAll
                0x0800531c       0xdc ./Middlewares/Third_Party/FreeRTOS/Source/tasks.o
                0x0800531c                xTaskResumeAll
 .text.vTaskDelay
                0x080053f8       0x64 ./Middlewares/Third_Party/FreeRTOS/Source/tasks.o
                0x080053f8                vTaskDelay
 .text.prvCheckTasksWaitingTermination
                0x0800545c       0x54 ./Middlewares/Third_Party/FreeRTOS/Source/tasks.o
 .text.prvIdleTask
                0x080054b0       0x18 ./Middlewares/Third_Party/FreeRTOS/Source/tasks.o
 .text.vTaskSwitchContext
                0x080054c8       0x88 ./Middlewares/Third_Party/FreeRTOS/Source/tasks.o
                0x080054c8                vTaskSwitchContext
 .text.xTaskRemoveFromEventList
                0x08005550       0x80 ./Middlewares/Third_Party/FreeRTOS/Source/tasks.o
                0x08005550                xTaskRemoveFromEventList
 .text.xTaskGetSchedulerState
                0x080055d0       0x20 ./Middlewares/Third_Party/FreeRTOS/Source/tasks.o
                0x080055d0                xTaskGetSchedulerState
 .text.USBD_Init
                0x080055f0       0x30 ./Middlewares/ST/STM32_USB_Device_Library/Core/Src/usbd_core.o
                0x080055f0                USBD_Init
 .text.USBD_RegisterClass
                0x08005620       0x10 ./Middlewares/ST/STM32_USB_Device_Library/Core/Src/usbd_core.o
                0x08005620                USBD_RegisterClass
 .text.USBD_Start
                0x08005630        0xc ./Middlewares/ST/STM32_USB_Device_Library/Core/Src/usbd_core.o
                0x08005630                USBD_Start
 .text.USBD_Stop
                0x0800563c       0x18 ./Middlewares/ST/STM32_USB_Device_Library/Core/Src/usbd_core.o
                0x0800563c                USBD_Stop
 .text.USBD_SetClassConfig
                0x08005654       0x1c ./Middlewares/ST/STM32_USB_Device_Library/Core/Src/usbd_core.o
                0x08005654                USBD_SetClassConfig
 .text.USBD_ClrClassConfig
                0x08005670       0x10 ./Middlewares/ST/STM32_USB_Device_Library/Core/Src/usbd_core.o
                0x08005670                USBD_ClrClassConfig
 .text.USBD_LL_SetupStage
                0x08005680       0x5c ./Middlewares/ST/STM32_USB_Device_Library/Core/Src/usbd_core.o
                0x08005680                USBD_LL_SetupStage
 .text.USBD_LL_DataOutStage
                0x080056dc       0x68 ./Middlewares/ST/STM32_USB_Device_Library/Core/Src/usbd_core.o
                0x080056dc                USBD_LL_DataOutStage
 .text.USBD_LL_DataInStage
                0x08005744       0xac ./Middlewares/ST/STM32_USB_Device_Library/Core/Src/usbd_core.o
                0x08005744                USBD_LL_DataInStage
 .text.USBD_LL_Reset
                0x080057f0       0x40 ./Middlewares/ST/STM32_USB_Device_Library/Core/Src/usbd_core.o
                0x080057f0                USBD_LL_Reset
 .text.USBD_LL_SetSpeed
                0x08005830        0x8 ./Middlewares/ST/STM32_USB_Device_Library/Core/Src/usbd_core.o
                0x08005830                USBD_LL_SetSpeed
 .text.USBD_LL_Suspend
                0x08005838       0x14 ./Middlewares/ST/STM32_USB_Device_Library/Core/Src/usbd_core.o
                0x08005838                USBD_LL_Suspend
 .text.USBD_LL_Resume
                0x0800584c        0xc ./Middlewares/ST/STM32_USB_Device_Library/Core/Src/usbd_core.o
                0x0800584c                USBD_LL_Resume
 .text.USBD_LL_SOF
                0x08005858       0x18 ./Middlewares/ST/STM32_USB_Device_Library/Core/Src/usbd_core.o
                0x08005858                USBD_LL_SOF
 .text.USBD_GetLen
                0x08005870       0x14 ./Middlewares/ST/STM32_USB_Device_Library/Core/Src/usbd_ctlreq.o
 .text.USBD_SetFeature
                0x08005884       0x20 ./Middlewares/ST/STM32_USB_Device_Library/Core/Src/usbd_ctlreq.o
 .text.USBD_ParseSetupRequest
                0x080058a4       0x28 ./Middlewares/ST/STM32_USB_Device_Library/Core/Src/usbd_ctlreq.o
                0x080058a4                USBD_ParseSetupRequest
 .text.USBD_CtlError
                0x080058cc       0x14 ./Middlewares/ST/STM32_USB_Device_Library/Core/Src/usbd_ctlreq.o
                0x080058cc                USBD_CtlError
 .text.USBD_GetDescriptor
                0x080058e0      0x134 ./Middlewares/ST/STM32_USB_Device_Library/Core/Src/usbd_ctlreq.o
 .text.USBD_SetAddress
                0x08005a14       0x4c ./Middlewares/ST/STM32_USB_Device_Library/Core/Src/usbd_ctlreq.o
 .text.USBD_SetConfig
                0x08005a60       0xa8 ./Middlewares/ST/STM32_USB_Device_Library/Core/Src/usbd_ctlreq.o
 .text.USBD_GetConfig
                0x08005b08       0x3c ./Middlewares/ST/STM32_USB_Device_Library/Core/Src/usbd_ctlreq.o
 .text.USBD_GetStatus
                0x08005b44       0x2c ./Middlewares/ST/STM32_USB_Device_Library/Core/Src/usbd_ctlreq.o
 .text.USBD_ClrFeature
                0x08005b70       0x30 ./Middlewares/ST/STM32_USB_Device_Library/Core/Src/usbd_ctlreq.o
 .text.USBD_StdDevReq
                0x08005ba0       0x48 ./Middlewares/ST/STM32_USB_Device_Library/Core/Src/usbd_ctlreq.o
                0x08005ba0                USBD_StdDevReq
 .text.USBD_StdItfReq
                0x08005be8       0x38 ./Middlewares/ST/STM32_USB_Device_Library/Core/Src/usbd_ctlreq.o
                0x08005be8                USBD_StdItfReq
 .text.USBD_StdEPReq
                0x08005c20      0x11c ./Middlewares/ST/STM32_USB_Device_Library/Core/Src/usbd_ctlreq.o
                0x08005c20                USBD_StdEPReq
 .text.USBD_GetString
                0x08005d3c       0x3c ./Middlewares/ST/STM32_USB_Device_Library/Core/Src/usbd_ctlreq.o
                0x08005d3c                USBD_GetString
 .text.USBD_CtlSendData
                0x08005d78       0x1c ./Middlewares/ST/STM32_USB_Device_Library/Core/Src/usbd_ioreq.o
                0x08005d78                USBD_CtlSendData
 .text.USBD_CtlContinueSendData
                0x08005d94       0x10 ./Middlewares/ST/STM32_USB_Device_Library/Core/Src/usbd_ioreq.o
                0x08005d94                USBD_CtlContinueSendData
 .text.USBD_CtlPrepareRx
                0x08005da4       0x20 ./Middlewares/ST/STM32_USB_Device_Library/Core/Src/usbd_ioreq.o
                0x08005da4                USBD_CtlPrepareRx
 .text.USBD_CtlContinueRx
                0x08005dc4       0x10 ./Middlewares/ST/STM32_USB_Device_Library/Core/Src/usbd_ioreq.o
                0x08005dc4                USBD_CtlContinueRx
 .text.USBD_CtlSendStatus
                0x08005dd4       0x18 ./Middlewares/ST/STM32_USB_Device_Library/Core/Src/usbd_ioreq.o
                0x08005dd4                USBD_CtlSendStatus
 .text.USBD_CtlReceiveStatus
                0x08005dec       0x18 ./Middlewares/ST/STM32_USB_Device_Library/Core/Src/usbd_ioreq.o
                0x08005dec                USBD_CtlReceiveStatus
 .text.USBD_DFU_GetCfgDesc
                0x08005e04        0xc ./Middlewares/ST/STM32_USB_Device_Library/Class/DFU/Src/usbd_dfu.o
 .text.USBD_DFU_DataIn
                0x08005e10        0x4 ./Middlewares/ST/STM32_USB_Device_Library/Class/DFU/Src/usbd_dfu.o
 .text.USBD_DFU_EP0_RxReady
                0x08005e14        0x4 ./Middlewares/ST/STM32_USB_Device_Library/Class/DFU/Src/usbd_dfu.o
 .text.USBD_DFU_SOF
                0x08005e18        0x4 ./Middlewares/ST/STM32_USB_Device_Library/Class/DFU/Src/usbd_dfu.o
 .text.USBD_DFU_IsoINIncomplete
                0x08005e1c        0x4 ./Middlewares/ST/STM32_USB_Device_Library/Class/DFU/Src/usbd_dfu.o
 .text.USBD_DFU_IsoOutIncomplete
                0x08005e20        0x4 ./Middlewares/ST/STM32_USB_Device_Library/Class/DFU/Src/usbd_dfu.o
 .text.USBD_DFU_DataOut
                0x08005e24        0x4 ./Middlewares/ST/STM32_USB_Device_Library/Class/DFU/Src/usbd_dfu.o
 .text.USBD_DFU_GetDeviceQualifierDesc
                0x08005e28        0xc ./Middlewares/ST/STM32_USB_Device_Library/Class/DFU/Src/usbd_dfu.o
 .text.DFU_ClearStatus
                0x08005e34       0x54 ./Middlewares/ST/STM32_USB_Device_Library/Class/DFU/Src/usbd_dfu.o
 .text.DFU_Abort
                0x08005e88       0x48 ./Middlewares/ST/STM32_USB_Device_Library/Class/DFU/Src/usbd_dfu.o
 .text.USBD_DFU_GetUsrStringDesc
                0x08005ed0       0x20 ./Middlewares/ST/STM32_USB_Device_Library/Class/DFU/Src/usbd_dfu.o
 .text.DFU_Leave
                0x08005ef0       0x7c ./Middlewares/ST/STM32_USB_Device_Library/Class/DFU/Src/usbd_dfu.o
 .text.USBD_DFU_EP0_TxReady
                0x08005f6c       0xf8 ./Middlewares/ST/STM32_USB_Device_Library/Class/DFU/Src/usbd_dfu.o
 .text.DFU_Upload
                0x08006064       0xec ./Middlewares/ST/STM32_USB_Device_Library/Class/DFU/Src/usbd_dfu.o
 .text.DFU_GetStatus
                0x08006150       0xdc ./Middlewares/ST/STM32_USB_Device_Library/Class/DFU/Src/usbd_dfu.o
 .text.DFU_GetState
                0x0800622c       0x14 ./Middlewares/ST/STM32_USB_Device_Library/Class/DFU/Src/usbd_dfu.o
 .text.DFU_Download
                0x08006240       0x6c ./Middlewares/ST/STM32_USB_Device_Library/Class/DFU/Src/usbd_dfu.o
 .text.DFU_Detach
                0x080062ac       0x6c ./Middlewares/ST/STM32_USB_Device_Library/Class/DFU/Src/usbd_dfu.o
 .text.USBD_DFU_Setup
                0x08006318       0xc4 ./Middlewares/ST/STM32_USB_Device_Library/Class/DFU/Src/usbd_dfu.o
 .text.USBD_DFU_DeInit
                0x080063dc       0x44 ./Middlewares/ST/STM32_USB_Device_Library/Class/DFU/Src/usbd_dfu.o
 .text.USBD_DFU_Init
                0x08006420       0x60 ./Middlewares/ST/STM32_USB_Device_Library/Class/DFU/Src/usbd_dfu.o
 .text.USBD_DFU_RegisterMedia
                0x08006480        0xc ./Middlewares/ST/STM32_USB_Device_Library/Class/DFU/Src/usbd_dfu.o
                0x08006480                USBD_DFU_RegisterMedia
 .text.__errno  0x0800648c        0xc c:/program files (x86)/gnu tools arm embedded/5.4 2016q3/bin/../lib/gcc/arm-none-eabi/5.4.1/../../../../arm-none-eabi/lib/armv7-m\libg_nano.a(lib_a-errno.o)
                0x0800648c                __errno
 .text.memcpy   0x08006498       0x16 c:/program files (x86)/gnu tools arm embedded/5.4 2016q3/bin/../lib/gcc/arm-none-eabi/5.4.1/../../../../arm-none-eabi/lib/armv7-m\libg_nano.a(lib_a-memcpy-stub.o)
                0x08006498                memcpy
 .text.memset   0x080064ae       0x10 c:/program files (x86)/gnu tools arm embedded/5.4 2016q3/bin/../lib/gcc/arm-none-eabi/5.4.1/../../../../arm-none-eabi/lib/armv7-m\libg_nano.a(lib_a-memset.o)
                0x080064ae                memset
 .text._vsnprintf_r
                0x080064be       0x56 c:/program files (x86)/gnu tools arm embedded/5.4 2016q3/bin/../lib/gcc/arm-none-eabi/5.4.1/../../../../arm-none-eabi/lib/armv7-m\libg_nano.a(lib_a-vsnprintf.o)
                0x080064be                _vsniprintf_r
                0x080064be                _vsnprintf_r
 .text.vsnprintf
                0x08006514       0x1c c:/program files (x86)/gnu tools arm embedded/5.4 2016q3/bin/../lib/gcc/arm-none-eabi/5.4.1/../../../../arm-none-eabi/lib/armv7-m\libg_nano.a(lib_a-vsnprintf.o)
                0x08006514                vsniprintf
                0x08006514                vsnprintf
 .text.__ssputs_r
                0x08006530       0xb2 c:/program files (x86)/gnu tools arm embedded/5.4 2016q3/bin/../lib/gcc/arm-none-eabi/5.4.1/../../../../arm-none-eabi/lib/armv7-m\libg_nano.a(lib_a-nano-svfprintf.o)
                0x08006530                __ssputs_r
 *fill*         0x080065e2        0x2 
 .text._svfprintf_r
                0x080065e4      0x1e8 c:/program files (x86)/gnu tools arm embedded/5.4 2016q3/bin/../lib/gcc/arm-none-eabi/5.4.1/../../../../arm-none-eabi/lib/armv7-m\libg_nano.a(lib_a-nano-svfprintf.o)
                0x080065e4                _svfiprintf_r
                0x080065e4                _svfprintf_r
 .text._printf_common
                0x080067cc       0xec c:/program files (x86)/gnu tools arm embedded/5.4 2016q3/bin/../lib/gcc/arm-none-eabi/5.4.1/../../../../arm-none-eabi/lib/armv7-m\libg_nano.a(lib_a-nano-vfprintf_i.o)
                0x080067cc                _printf_common
 .text._printf_i
                0x080068b8      0x24c c:/program files (x86)/gnu tools arm embedded/5.4 2016q3/bin/../lib/gcc/arm-none-eabi/5.4.1/../../../../arm-none-eabi/lib/armv7-m\libg_nano.a(lib_a-nano-vfprintf_i.o)
                0x080068b8                _printf_i
 .text.memchr   0x08006b04       0x1c c:/program files (x86)/gnu tools arm embedded/5.4 2016q3/bin/../lib/gcc/arm-none-eabi/5.4.1/../../../../arm-none-eabi/lib/armv7-m\libg_nano.a(lib_a-memchr-stub.o)
                0x08006b04                memchr
 .text.memmove  0x08006b20       0x36 c:/program files (x86)/gnu tools arm embedded/5.4 2016q3/bin/../lib/gcc/arm-none-eabi/5.4.1/../../../../arm-none-eabi/lib/armv7-m\libg_nano.a(lib_a-memmove.o)
                0x08006b20                memmove
 *fill*         0x08006b56        0x2 
 .text._free_r  0x08006b58       0x98 c:/program files (x86)/gnu tools arm embedded/5.4 2016q3/bin/../lib/gcc/arm-none-eabi/5.4.1/../../../../arm-none-eabi/lib/armv7-m\libg_nano.a(lib_a-nano-freer.o)
                0x08006b58                _free_r
 .text._malloc_r
                0x08006bf0       0xbc c:/program files (x86)/gnu tools arm embedded/5.4 2016q3/bin/../lib/gcc/arm-none-eabi/5.4.1/../../../../arm-none-eabi/lib/armv7-m\libg_nano.a(lib_a-nano-mallocr.o)
                0x08006bf0                _malloc_r
 .text._realloc_r
                0x08006cac       0x4c c:/program files (x86)/gnu tools arm embedded/5.4 2016q3/bin/../lib/gcc/arm-none-eabi/5.4.1/../../../../arm-none-eabi/lib/armv7-m\libg_nano.a(lib_a-nano-reallocr.o)
                0x08006cac                _realloc_r
 .text._sbrk_r  0x08006cf8       0x20 c:/program files (x86)/gnu tools arm embedded/5.4 2016q3/bin/../lib/gcc/arm-none-eabi/5.4.1/../../../../arm-none-eabi/lib/armv7-m\libg_nano.a(lib_a-sbrkr.o)
                0x08006cf8                _sbrk_r
 .text.__malloc_lock
                0x08006d18        0x2 c:/program files (x86)/gnu tools arm embedded/5.4 2016q3/bin/../lib/gcc/arm-none-eabi/5.4.1/../../../../arm-none-eabi/lib/armv7-m\libg_nano.a(lib_a-mlock.o)
                0x08006d18                __malloc_lock
 .text.__malloc_unlock
                0x08006d1a        0x2 c:/program files (x86)/gnu tools arm embedded/5.4 2016q3/bin/../lib/gcc/arm-none-eabi/5.4.1/../../../../arm-none-eabi/lib/armv7-m\libg_nano.a(lib_a-mlock.o)
                0x08006d1a                __malloc_unlock
 .text._malloc_usable_size_r
                0x08006d1c       0x14 c:/program files (x86)/gnu tools arm embedded/5.4 2016q3/bin/../lib/gcc/arm-none-eabi/5.4.1/../../../../arm-none-eabi/lib/armv7-m\libg_nano.a(lib_a-nano-msizer.o)
                0x08006d1c                _malloc_usable_size_r
 *(.rodata .rodata.* .constdata .constdata.*)
 .rodata.str1.4
                0x08006d30       0x2c ./system/src/stm32f1xx/stm32f1xx_hal_adc.o
 .rodata.str1.4
                0x08006d5c       0x2f ./system/src/stm32f1xx/stm32f1xx_hal_cortex.o
 *fill*         0x08006d8b        0x1 
 .rodata.str1.4
                0x08006d8c       0x2c ./system/src/stm32f1xx/stm32f1xx_hal_crc.o
 .rodata.str1.4
                0x08006db8       0x2c ./system/src/stm32f1xx/stm32f1xx_hal_dma.o
 .rodata.str1.4
                0x08006de4       0x2d ./system/src/stm32f1xx/stm32f1xx_hal_gpio.o
 *fill*         0x08006e11        0x3 
 .rodata.str1.4
                0x08006e14       0x2c ./system/src/stm32f1xx/stm32f1xx_hal_i2c.o
 .rodata.str1.4
                0x08006e40       0x2c ./system/src/stm32f1xx/stm32f1xx_hal_pcd.o
 .rodata        0x08006e6c       0x12 ./system/src/stm32f1xx/stm32f1xx_hal_rcc.o
 *fill*         0x08006e7e        0x2 
 .rodata.str1.4
                0x08006e80       0x2c ./system/src/stm32f1xx/stm32f1xx_hal_rcc.o
 .rodata.str1.4
                0x08006eac       0x2f ./system/src/stm32f1xx/stm32f1xx_hal_rcc_ex.o
 *fill*         0x08006edb        0x1 
 .rodata.str1.4
                0x08006edc       0x2c ./system/src/stm32f1xx/stm32f1xx_hal_tim.o
 .rodata.str1.4
                0x08006f08       0x2f ./system/src/stm32f1xx/stm32f1xx_hal_tim_ex.o
 *fill*         0x08006f37        0x1 
 .rodata.str1.4
                0x08006f38       0x2d ./system/src/stm32f1xx/stm32f1xx_hal_uart.o
 *fill*         0x08006f65        0x3 
 .rodata.str1.4
                0x08006f68      0x146 ./system/src/cortexm/exception_handlers.o
 *fill*         0x080070ae        0x2 
 .rodata.AHBPrescTable
                0x080070b0       0x10 ./system/src/cmsis/system_stm32f1xx.o
                0x080070b0                AHBPrescTable
 .rodata.APBPrescTable
                0x080070c0        0x8 ./system/src/cmsis/system_stm32f1xx.o
                0x080070c0                APBPrescTable
 .rodata        0x080070c8       0x30 ./src/main.o
 .rodata.str1.4
                0x080070f8       0x18 ./src/main.o
 .rodata.str1.4
                0x08007110       0x5e ./src/usbd_desc.o
 *fill*         0x0800716e        0x2 
 .rodata.str1.4
                0x08007170       0x5d ./src/usbd_dfu_if.o
 *fill*         0x080071cd        0x3 
 .rodata.str1.4
                0x080071d0        0x8 ./Middlewares/Third_Party/FreeRTOS/Source/tasks.o
                                  0x5 (size before relaxing)
 .rodata.str1.1
                0x080071d8       0x11 c:/program files (x86)/gnu tools arm embedded/5.4 2016q3/bin/../lib/gcc/arm-none-eabi/5.4.1/../../../../arm-none-eabi/lib/armv7-m\libg_nano.a(lib_a-nano-svfprintf.o)
 .rodata.str1.1
                0x080071e9       0x22 c:/program files (x86)/gnu tools arm embedded/5.4 2016q3/bin/../lib/gcc/arm-none-eabi/5.4.1/../../../../arm-none-eabi/lib/armv7-m\libg_nano.a(lib_a-nano-vfprintf_i.o)
 *(vtable)
 *(.eh_frame*)
 *(.glue_7)
 .glue_7        0x0800720b        0x0 linker stubs
 *(.glue_7t)
 .glue_7t       0x0800720b        0x0 linker stubs

.vfp11_veneer   0x0800720c        0x0
 .vfp11_veneer  0x0800720c        0x0 linker stubs

.v4_bx          0x0800720c        0x0
 .v4_bx         0x0800720c        0x0 linker stubs

.iplt           0x0800720c        0x0
 .iplt          0x0800720c        0x0 ./system/src/stm32f1xx/stm32f1xx_hal.o

.rel.dyn        0x0800720c        0x0
 .rel.iplt      0x0800720c        0x0 ./system/src/stm32f1xx/stm32f1xx_hal.o

.ARM.extab
 *(.ARM.extab* .gnu.linkonce.armextab.*)
                0x0800720c                . = ALIGN (0x4)
                0x0800720c                __exidx_start = .

.ARM.exidx
 *(.ARM.exidx* .gnu.linkonce.armexidx.*)
                0x0800720c                __exidx_end = .
                0x0800720c                . = ALIGN (0x4)
                0x0800720c                _etext = .
                0x0800720c                __etext = .

.data_CCMRAM    0x00000000        0x0 load address 0x0800720c
 FILL mask 0xff
 *(.data.CCMRAM .data.CCMRAM.*)
                0x00000000                . = ALIGN (0x4)
                0x0800720c                _sidata = LOADADDR (.data)

.data           0x20000000      0x130 load address 0x0800720c
 FILL mask 0xff
                0x20000000                _sdata = .
                0x20000000                __data_start__ = .
 *(.data_begin .data_begin.*)
 .data_begin    0x20000000        0x4 ./system/src/newlib/_startup.o
 *(.data .data.*)
 .data.argv.4290
                0x20000004        0x8 ./system/src/newlib/_syscalls.o
 .data.SystemCoreClock
                0x2000000c        0x4 ./system/src/cmsis/system_stm32f1xx.o
                0x2000000c                SystemCoreClock
 .data.FS_Desc  0x20000010       0x1c ./src/usbd_desc.o
                0x20000010                FS_Desc
 .data.USBD_LangIDDesc
                0x2000002c        0x4 ./src/usbd_desc.o
                0x2000002c                USBD_LangIDDesc
 .data.USBD_FS_DeviceDesc
                0x20000030       0x12 ./src/usbd_desc.o
                0x20000030                USBD_FS_DeviceDesc
 *fill*         0x20000042        0x2 ff
 .data.USBD_DFU_fops_FS
                0x20000044       0x1c ./src/usbd_dfu_if.o
                0x20000044                USBD_DFU_fops_FS
 .data.uxCriticalNesting
                0x20000060        0x4 ./Middlewares/Third_Party/FreeRTOS/Source/portable/GCC/ARM_CM3/port.o
 .data.USBD_DFU_DeviceQualifierDesc
                0x20000064        0xa ./Middlewares/ST/STM32_USB_Device_Library/Class/DFU/Src/usbd_dfu.o
 *fill*         0x2000006e        0x2 ff
 .data.USBD_DFU_CfgDesc
                0x20000070       0x1b ./Middlewares/ST/STM32_USB_Device_Library/Class/DFU/Src/usbd_dfu.o
 *fill*         0x2000008b        0x1 ff
 .data.USBD_DFU
                0x2000008c       0x3c ./Middlewares/ST/STM32_USB_Device_Library/Class/DFU/Src/usbd_dfu.o
                0x2000008c                USBD_DFU
 .data.impure_data
                0x200000c8       0x60 c:/program files (x86)/gnu tools arm embedded/5.4 2016q3/bin/../lib/gcc/arm-none-eabi/5.4.1/../../../../arm-none-eabi/lib/armv7-m\libg_nano.a(lib_a-impure.o)
 .data._impure_ptr
                0x20000128        0x4 c:/program files (x86)/gnu tools arm embedded/5.4 2016q3/bin/../lib/gcc/arm-none-eabi/5.4.1/../../../../arm-none-eabi/lib/armv7-m\libg_nano.a(lib_a-impure.o)
                0x20000128                _impure_ptr
 *(.data_end .data_end.*)
 .data_end      0x2000012c        0x4 ./system/src/newlib/_startup.o
                0x20000130                . = ALIGN (0x4)
                0x20000130                _edata = .
                0x20000130                __data_end__ = .

.igot.plt       0x20000130        0x0 load address 0x0800733c
 .igot.plt      0x20000130        0x0 ./system/src/stm32f1xx/stm32f1xx_hal.o

.bss_CCMRAM     0x00000000        0x0
 *(.bss.CCMRAM .bss.CCMRAM.*)

.bss            0x20000130     0x1d34
                0x20000130                __bss_start__ = .
                0x20000130                _sbss = .
 *(.bss_begin .bss_begin.*)
 .bss_begin     0x20000130        0x4 ./system/src/newlib/_startup.o
 *(.bss .bss.*)
 .bss.uwTick    0x20000134        0x4 ./system/src/stm32f1xx/stm32f1xx_hal.o
 .bss.current_heap_end.3974
                0x20000138        0x4 ./system/src/newlib/_sbrk.o
 .bss.name.4289
                0x2000013c        0x1 ./system/src/newlib/_syscalls.o
 *fill*         0x2000013d        0x3 
 .bss.buf.5179  0x20000140       0x80 ./system/src/diag/Trace.o
 .bss.mem.8033  0x200001c0      0x41c ./src/usbd_conf.o
 .bss.xFreeBytesRemaining
                0x200005dc        0x4 ./Middlewares/Third_Party/FreeRTOS/Source/portable/MemMang/heap_4.o
 .bss.pxEnd     0x200005e0        0x4 ./Middlewares/Third_Party/FreeRTOS/Source/portable/MemMang/heap_4.o
 .bss.xStart    0x200005e4        0x8 ./Middlewares/Third_Party/FreeRTOS/Source/portable/MemMang/heap_4.o
 .bss.ucHeap    0x200005ec      0xc00 ./Middlewares/Third_Party/FreeRTOS/Source/portable/MemMang/heap_4.o
 .bss.xBlockAllocatedBit
                0x200011ec        0x4 ./Middlewares/Third_Party/FreeRTOS/Source/portable/MemMang/heap_4.o
 .bss.xMinimumEverFreeBytesRemaining
                0x200011f0        0x4 ./Middlewares/Third_Party/FreeRTOS/Source/portable/MemMang/heap_4.o
 .bss.ucMaxSysCallPriority
                0x200011f4        0x1 ./Middlewares/Third_Party/FreeRTOS/Source/portable/GCC/ARM_CM3/port.o
 *fill*         0x200011f5        0x3 
 .bss.ulMaxPRIGROUPValue
                0x200011f8        0x4 ./Middlewares/Third_Party/FreeRTOS/Source/portable/GCC/ARM_CM3/port.o
 .bss.pxDelayedTaskList
                0x200011fc        0x4 ./Middlewares/Third_Party/FreeRTOS/Source/tasks.o
 .bss.xSchedulerRunning
                0x20001200        0x4 ./Middlewares/Third_Party/FreeRTOS/Source/tasks.o
 .bss.uxTasksDeleted
                0x20001204        0x4 ./Middlewares/Third_Party/FreeRTOS/Source/tasks.o
 .bss.xTasksWaitingTermination
                0x20001208       0x14 ./Middlewares/Third_Party/FreeRTOS/Source/tasks.o
 .bss.uxPendedTicks
                0x2000121c        0x4 ./Middlewares/Third_Party/FreeRTOS/Source/tasks.o
 .bss.pxReadyTasksLists
                0x20001220       0x8c ./Middlewares/Third_Party/FreeRTOS/Source/tasks.o
 .bss.uxSchedulerSuspended
                0x200012ac        0x4 ./Middlewares/Third_Party/FreeRTOS/Source/tasks.o
 .bss.uxCurrentNumberOfTasks
                0x200012b0        0x4 ./Middlewares/Third_Party/FreeRTOS/Source/tasks.o
 .bss.pxCurrentTCB
                0x200012b4        0x4 ./Middlewares/Third_Party/FreeRTOS/Source/tasks.o
                0x200012b4                pxCurrentTCB
 .bss.xNextTaskUnblockTime
                0x200012b8        0x4 ./Middlewares/Third_Party/FreeRTOS/Source/tasks.o
 .bss.xNumOfOverflows
                0x200012bc        0x4 ./Middlewares/Third_Party/FreeRTOS/Source/tasks.o
 .bss.xTickCount
                0x200012c0        0x4 ./Middlewares/Third_Party/FreeRTOS/Source/tasks.o
 .bss.pxOverflowDelayedTaskList
                0x200012c4        0x4 ./Middlewares/Third_Party/FreeRTOS/Source/tasks.o
 .bss.xPendingReadyList
                0x200012c8       0x14 ./Middlewares/Third_Party/FreeRTOS/Source/tasks.o
 .bss.uxTaskNumber
                0x200012dc        0x4 ./Middlewares/Third_Party/FreeRTOS/Source/tasks.o
 .bss.xDelayedTaskList1
                0x200012e0       0x14 ./Middlewares/Third_Party/FreeRTOS/Source/tasks.o
 .bss.xDelayedTaskList2
                0x200012f4       0x14 ./Middlewares/Third_Party/FreeRTOS/Source/tasks.o
 .bss.xSuspendedTaskList
                0x20001308       0x14 ./Middlewares/Third_Party/FreeRTOS/Source/tasks.o
 .bss.uxTopReadyPriority
                0x2000131c        0x4 ./Middlewares/Third_Party/FreeRTOS/Source/tasks.o
 .bss.xYieldPending
                0x20001320        0x4 ./Middlewares/Third_Party/FreeRTOS/Source/tasks.o
 .bss.cfgidx.7964
                0x20001324        0x1 ./Middlewares/ST/STM32_USB_Device_Library/Core/Src/usbd_ctlreq.o
 *fill*         0x20001325        0x3 
 .bss.USBD_StrDesc.8046
                0x20001328       0xff ./Middlewares/ST/STM32_USB_Device_Library/Class/DFU/Src/usbd_dfu.o
 *fill*         0x20001427        0x1 
 .bss.__malloc_sbrk_start
                0x20001428        0x4 c:/program files (x86)/gnu tools arm embedded/5.4 2016q3/bin/../lib/gcc/arm-none-eabi/5.4.1/../../../../arm-none-eabi/lib/armv7-m\libg_nano.a(lib_a-nano-mallocr.o)
                0x20001428                __malloc_sbrk_start
 .bss.__malloc_free_list
                0x2000142c        0x4 c:/program files (x86)/gnu tools arm embedded/5.4 2016q3/bin/../lib/gcc/arm-none-eabi/5.4.1/../../../../arm-none-eabi/lib/armv7-m\libg_nano.a(lib_a-nano-mallocr.o)
                0x2000142c                __malloc_free_list
 *(COMMON)
 COMMON         0x20001430        0x4 ./system/src/newlib/_syscalls.o
                0x20001430                errno
 COMMON         0x20001434      0x1ac ./src/main.o
                0x20001434                defaultTaskHandle
                0x20001438                hdma_usart2_rx
                0x20001470                hdma_usart3_rx
                0x200014a8                huart3
                0x200014e8                hi2c1
                0x20001524                hcrc
                0x2000152c                htim3
                0x20001568                hadc1
                0x20001598                myTask02Handle
                0x2000159c                myQueue01Handle
                0x200015a0                huart2
 COMMON         0x200015e0       0x3c ./src/stm32f1xx_hal_timebase_TIM.o
                0x200015e0                htim1
 COMMON         0x2000161c      0x224 ./src/usb_device.o
                0x2000161c                hUsbDeviceFS
 COMMON         0x20001840      0x420 ./src/usbd_conf.o
                0x20001840                hpcd_USB_FS
 COMMON         0x20001c60      0x200 ./src/usbd_desc.o
                0x20001c60                USBD_StrDesc
 *(.bss_end .bss_end.*)
 .bss_end       0x20001e60        0x4 ./system/src/newlib/_startup.o
                0x20001e64                . = ALIGN (0x4)
                0x20001e64                __bss_end__ = .
                0x20001e64                _ebss = .

.noinit_CCMRAM
 *(.noinit.CCMRAM .noinit.CCMRAM.*)

.noinit         0x20001e64        0x0
                0x20001e64                _noinit = .
 *(.noinit .noinit.*)
                0x20001e64                . = ALIGN (0x4)
                0x20001e64                _end_noinit = .
                [!provide]                PROVIDE (end, _end_noinit)
                [!provide]                PROVIDE (_end, _end_noinit)
                [!provide]                PROVIDE (__end, _end_noinit)
                [!provide]                PROVIDE (__end__, _end_noinit)

._check_stack   0x20001e64      0x100
                0x20001f64                . = (. + _Minimum_Stack_Size)
 *fill*         0x20001e64      0x100 

.b1text
 *(.b1text)
 *(.b1rodata)
 *(.b1rodata.*)

.eb0text
 *(.eb0text)
 *(.eb0rodata)
 *(.eb0rodata.*)

.eb1text
 *(.eb1text)
 *(.eb1rodata)
 *(.eb1rodata.*)

.eb2text
 *(.eb2text)
 *(.eb2rodata)
 *(.eb2rodata.*)

.eb3text
 *(.eb3text)
 *(.eb3rodata)
 *(.eb3rodata.*)

.stab
 *(.stab)

.stabstr
 *(.stabstr)

.stab.excl
 *(.stab.excl)

.stab.exclstr
 *(.stab.exclstr)

.stab.index
 *(.stab.index)

.stab.indexstr
 *(.stab.indexstr)

.comment        0x00000000       0x6e
 *(.comment)
 .comment       0x00000000       0x6e ./system/src/stm32f1xx/stm32f1xx_hal.o
                                 0x6f (size before relaxing)
 .comment       0x0000006e       0x6f ./system/src/stm32f1xx/stm32f1xx_hal_adc.o
 .comment       0x0000006e       0x6f ./system/src/stm32f1xx/stm32f1xx_hal_cortex.o
 .comment       0x0000006e       0x6f ./system/src/stm32f1xx/stm32f1xx_hal_crc.o
 .comment       0x0000006e       0x6f ./system/src/stm32f1xx/stm32f1xx_hal_dma.o
 .comment       0x0000006e       0x6f ./system/src/stm32f1xx/stm32f1xx_hal_gpio.o
 .comment       0x0000006e       0x6f ./system/src/stm32f1xx/stm32f1xx_hal_i2c.o
 .comment       0x0000006e       0x6f ./system/src/stm32f1xx/stm32f1xx_hal_pcd.o
 .comment       0x0000006e       0x6f ./system/src/stm32f1xx/stm32f1xx_hal_pcd_ex.o
 .comment       0x0000006e       0x6f ./system/src/stm32f1xx/stm32f1xx_hal_rcc.o
 .comment       0x0000006e       0x6f ./system/src/stm32f1xx/stm32f1xx_hal_rcc_ex.o
 .comment       0x0000006e       0x6f ./system/src/stm32f1xx/stm32f1xx_hal_tim.o
 .comment       0x0000006e       0x6f ./system/src/stm32f1xx/stm32f1xx_hal_tim_ex.o
 .comment       0x0000006e       0x6f ./system/src/stm32f1xx/stm32f1xx_hal_uart.o
 .comment       0x0000006e       0x6f ./system/src/stm32f1xx/stm32f1xx_ll_usb.o
 .comment       0x0000006e       0x6f ./system/src/newlib/_exit.o
 .comment       0x0000006e       0x6f ./system/src/newlib/_sbrk.o
 .comment       0x0000006e       0x6f ./system/src/newlib/_startup.o
 .comment       0x0000006e       0x6f ./system/src/newlib/_syscalls.o
 .comment       0x0000006e       0x6f ./system/src/diag/Trace.o
 .comment       0x0000006e       0x6f ./system/src/diag/trace_impl.o
 .comment       0x0000006e       0x6f ./system/src/cortexm/_initialize_hardware.o
 .comment       0x0000006e       0x6f ./system/src/cortexm/exception_handlers.o
 .comment       0x0000006e       0x6f ./system/src/cmsis/system_stm32f1xx.o
 .comment       0x0000006e       0x6f ./src/main.o
 .comment       0x0000006e       0x6f ./src/stm32f1xx_hal_msp.o
 .comment       0x0000006e       0x6f ./src/stm32f1xx_hal_timebase_TIM.o
 .comment       0x0000006e       0x6f ./src/stm32f1xx_it.o
 .comment       0x0000006e       0x6f ./src/usb_device.o
 .comment       0x0000006e       0x6f ./src/usbd_conf.o
 .comment       0x0000006e       0x6f ./src/usbd_desc.o
 .comment       0x0000006e       0x6f ./src/usbd_dfu_if.o
 .comment       0x0000006e       0x6f ./Middlewares/Third_Party/FreeRTOS/Source/portable/MemMang/heap_4.o
 .comment       0x0000006e       0x6f ./Middlewares/Third_Party/FreeRTOS/Source/portable/GCC/ARM_CM3/port.o
 .comment       0x0000006e       0x6f ./Middlewares/Third_Party/FreeRTOS/Source/CMSIS_RTOS/cmsis_os.o
 .comment       0x0000006e       0x6f ./Middlewares/Third_Party/FreeRTOS/Source/list.o
 .comment       0x0000006e       0x6f ./Middlewares/Third_Party/FreeRTOS/Source/queue.o
 .comment       0x0000006e       0x6f ./Middlewares/Third_Party/FreeRTOS/Source/tasks.o
 .comment       0x0000006e       0x6f ./Middlewares/ST/STM32_USB_Device_Library/Core/Src/usbd_core.o
 .comment       0x0000006e       0x6f ./Middlewares/ST/STM32_USB_Device_Library/Core/Src/usbd_ctlreq.o
 .comment       0x0000006e       0x6f ./Middlewares/ST/STM32_USB_Device_Library/Core/Src/usbd_ioreq.o
 .comment       0x0000006e       0x6f ./Middlewares/ST/STM32_USB_Device_Library/Class/DFU/Src/usbd_dfu.o

.ARM.attributes
                0x00000000       0x31
 .ARM.attributes
                0x00000000       0x33 ./system/src/stm32f1xx/stm32f1xx_hal.o
 .ARM.attributes
                0x00000033       0x33 ./system/src/stm32f1xx/stm32f1xx_hal_adc.o
 .ARM.attributes
                0x00000066       0x33 ./system/src/stm32f1xx/stm32f1xx_hal_cortex.o
 .ARM.attributes
                0x00000099       0x33 ./system/src/stm32f1xx/stm32f1xx_hal_crc.o
 .ARM.attributes
                0x000000cc       0x33 ./system/src/stm32f1xx/stm32f1xx_hal_dma.o
 .ARM.attributes
                0x000000ff       0x33 ./system/src/stm32f1xx/stm32f1xx_hal_gpio.o
 .ARM.attributes
                0x00000132       0x33 ./system/src/stm32f1xx/stm32f1xx_hal_i2c.o
 .ARM.attributes
                0x00000165       0x33 ./system/src/stm32f1xx/stm32f1xx_hal_pcd.o
 .ARM.attributes
                0x00000198       0x33 ./system/src/stm32f1xx/stm32f1xx_hal_pcd_ex.o
 .ARM.attributes
                0x000001cb       0x33 ./system/src/stm32f1xx/stm32f1xx_hal_rcc.o
 .ARM.attributes
                0x000001fe       0x33 ./system/src/stm32f1xx/stm32f1xx_hal_rcc_ex.o
 .ARM.attributes
                0x00000231       0x33 ./system/src/stm32f1xx/stm32f1xx_hal_tim.o
 .ARM.attributes
                0x00000264       0x33 ./system/src/stm32f1xx/stm32f1xx_hal_tim_ex.o
 .ARM.attributes
                0x00000297       0x33 ./system/src/stm32f1xx/stm32f1xx_hal_uart.o
 .ARM.attributes
                0x000002ca       0x33 ./system/src/stm32f1xx/stm32f1xx_ll_usb.o
 .ARM.attributes
                0x000002fd       0x33 ./system/src/newlib/_exit.o
 .ARM.attributes
                0x00000330       0x33 ./system/src/newlib/_sbrk.o
 .ARM.attributes
                0x00000363       0x33 ./system/src/newlib/_startup.o
 .ARM.attributes
                0x00000396       0x33 ./system/src/newlib/_syscalls.o
 .ARM.attributes
                0x000003c9       0x33 ./system/src/diag/Trace.o
 .ARM.attributes
                0x000003fc       0x33 ./system/src/diag/trace_impl.o
 .ARM.attributes
                0x0000042f       0x33 ./system/src/cortexm/_initialize_hardware.o
 .ARM.attributes
                0x00000462       0x33 ./system/src/cortexm/exception_handlers.o
 .ARM.attributes
                0x00000495       0x21 ./system/src/cmsis/startup_stm32f103xb.o
 .ARM.attributes
                0x000004b6       0x33 ./system/src/cmsis/system_stm32f1xx.o
 .ARM.attributes
                0x000004e9       0x33 ./src/main.o
 .ARM.attributes
                0x0000051c       0x33 ./src/stm32f1xx_hal_msp.o
 .ARM.attributes
                0x0000054f       0x33 ./src/stm32f1xx_hal_timebase_TIM.o
 .ARM.attributes
                0x00000582       0x33 ./src/stm32f1xx_it.o
 .ARM.attributes
                0x000005b5       0x33 ./src/usb_device.o
 .ARM.attributes
                0x000005e8       0x33 ./src/usbd_conf.o
 .ARM.attributes
                0x0000061b       0x33 ./src/usbd_desc.o
 .ARM.attributes
                0x0000064e       0x33 ./src/usbd_dfu_if.o
 .ARM.attributes
                0x00000681       0x33 ./Middlewares/Third_Party/FreeRTOS/Source/portable/MemMang/heap_4.o
 .ARM.attributes
                0x000006b4       0x33 ./Middlewares/Third_Party/FreeRTOS/Source/portable/GCC/ARM_CM3/port.o
 .ARM.attributes
                0x000006e7       0x33 ./Middlewares/Third_Party/FreeRTOS/Source/CMSIS_RTOS/cmsis_os.o
 .ARM.attributes
                0x0000071a       0x33 ./Middlewares/Third_Party/FreeRTOS/Source/list.o
 .ARM.attributes
                0x0000074d       0x33 ./Middlewares/Third_Party/FreeRTOS/Source/queue.o
 .ARM.attributes
                0x00000780       0x33 ./Middlewares/Third_Party/FreeRTOS/Source/tasks.o
 .ARM.attributes
                0x000007b3       0x33 ./Middlewares/ST/STM32_USB_Device_Library/Core/Src/usbd_core.o
 .ARM.attributes
                0x000007e6       0x33 ./Middlewares/ST/STM32_USB_Device_Library/Core/Src/usbd_ctlreq.o
 .ARM.attributes
                0x00000819       0x33 ./Middlewares/ST/STM32_USB_Device_Library/Core/Src/usbd_ioreq.o
 .ARM.attributes
                0x0000084c       0x33 ./Middlewares/ST/STM32_USB_Device_Library/Class/DFU/Src/usbd_dfu.o
 .ARM.attributes
                0x0000087f       0x2d c:/program files (x86)/gnu tools arm embedded/5.4 2016q3/bin/../lib/gcc/arm-none-eabi/5.4.1/../../../../arm-none-eabi/lib/armv7-m\libg_nano.a(lib_a-errno.o)
 .ARM.attributes
                0x000008ac       0x2d c:/program files (x86)/gnu tools arm embedded/5.4 2016q3/bin/../lib/gcc/arm-none-eabi/5.4.1/../../../../arm-none-eabi/lib/armv7-m\libg_nano.a(lib_a-impure.o)
 .ARM.attributes
                0x000008d9       0x2d c:/program files (x86)/gnu tools arm embedded/5.4 2016q3/bin/../lib/gcc/arm-none-eabi/5.4.1/../../../../arm-none-eabi/lib/armv7-m\libg_nano.a(lib_a-memcpy-stub.o)
 .ARM.attributes
                0x00000906       0x2d c:/program files (x86)/gnu tools arm embedded/5.4 2016q3/bin/../lib/gcc/arm-none-eabi/5.4.1/../../../../arm-none-eabi/lib/armv7-m\libg_nano.a(lib_a-memset.o)
 .ARM.attributes
                0x00000933       0x2d c:/program files (x86)/gnu tools arm embedded/5.4 2016q3/bin/../lib/gcc/arm-none-eabi/5.4.1/../../../../arm-none-eabi/lib/armv7-m\libg_nano.a(lib_a-vsnprintf.o)
 .ARM.attributes
                0x00000960       0x2d c:/program files (x86)/gnu tools arm embedded/5.4 2016q3/bin/../lib/gcc/arm-none-eabi/5.4.1/../../../../arm-none-eabi/lib/armv7-m\libg_nano.a(lib_a-nano-svfprintf.o)
 .ARM.attributes
                0x0000098d       0x2d c:/program files (x86)/gnu tools arm embedded/5.4 2016q3/bin/../lib/gcc/arm-none-eabi/5.4.1/../../../../arm-none-eabi/lib/armv7-m\libg_nano.a(lib_a-nano-vfprintf_i.o)
 .ARM.attributes
                0x000009ba       0x2d c:/program files (x86)/gnu tools arm embedded/5.4 2016q3/bin/../lib/gcc/arm-none-eabi/5.4.1/../../../../arm-none-eabi/lib/armv7-m\libg_nano.a(lib_a-memchr-stub.o)
 .ARM.attributes
                0x000009e7       0x2d c:/program files (x86)/gnu tools arm embedded/5.4 2016q3/bin/../lib/gcc/arm-none-eabi/5.4.1/../../../../arm-none-eabi/lib/armv7-m\libg_nano.a(lib_a-memmove.o)
 .ARM.attributes
                0x00000a14       0x2d c:/program files (x86)/gnu tools arm embedded/5.4 2016q3/bin/../lib/gcc/arm-none-eabi/5.4.1/../../../../arm-none-eabi/lib/armv7-m\libg_nano.a(lib_a-nano-freer.o)
 .ARM.attributes
                0x00000a41       0x2d c:/program files (x86)/gnu tools arm embedded/5.4 2016q3/bin/../lib/gcc/arm-none-eabi/5.4.1/../../../../arm-none-eabi/lib/armv7-m\libg_nano.a(lib_a-nano-mallocr.o)
 .ARM.attributes
                0x00000a6e       0x2d c:/program files (x86)/gnu tools arm embedded/5.4 2016q3/bin/../lib/gcc/arm-none-eabi/5.4.1/../../../../arm-none-eabi/lib/armv7-m\libg_nano.a(lib_a-nano-reallocr.o)
 .ARM.attributes
                0x00000a9b       0x2d c:/program files (x86)/gnu tools arm embedded/5.4 2016q3/bin/../lib/gcc/arm-none-eabi/5.4.1/../../../../arm-none-eabi/lib/armv7-m\libg_nano.a(lib_a-sbrkr.o)
 .ARM.attributes
                0x00000ac8       0x2d c:/program files (x86)/gnu tools arm embedded/5.4 2016q3/bin/../lib/gcc/arm-none-eabi/5.4.1/../../../../arm-none-eabi/lib/armv7-m\libg_nano.a(lib_a-mlock.o)
 .ARM.attributes
                0x00000af5       0x2d c:/program files (x86)/gnu tools arm embedded/5.4 2016q3/bin/../lib/gcc/arm-none-eabi/5.4.1/../../../../arm-none-eabi/lib/armv7-m\libg_nano.a(lib_a-nano-msizer.o)

.debug
 *(.debug)

.line
 *(.line)

.debug_srcinfo
 *(.debug_srcinfo)

.debug_sfnames
 *(.debug_sfnames)

.debug_aranges  0x00000000     0x1b98
 *(.debug_aranges)
 .debug_aranges
                0x00000000       0xb0 ./system/src/stm32f1xx/stm32f1xx_hal.o
 .debug_aranges
                0x000000b0       0xf0 ./system/src/stm32f1xx/stm32f1xx_hal_adc.o
 .debug_aranges
                0x000001a0       0x90 ./system/src/stm32f1xx/stm32f1xx_hal_cortex.o
 .debug_aranges
                0x00000230       0x50 ./system/src/stm32f1xx/stm32f1xx_hal_crc.o
 .debug_aranges
                0x00000280       0x68 ./system/src/stm32f1xx/stm32f1xx_hal_dma.o
 .debug_aranges
                0x000002e8       0x58 ./system/src/stm32f1xx/stm32f1xx_hal_gpio.o
 .debug_aranges
                0x00000340      0x218 ./system/src/stm32f1xx/stm32f1xx_hal_i2c.o
 .debug_aranges
                0x00000558      0x120 ./system/src/stm32f1xx/stm32f1xx_hal_pcd.o
 .debug_aranges
                0x00000678       0x28 ./system/src/stm32f1xx/stm32f1xx_hal_pcd_ex.o
 .debug_aranges
                0x000006a0       0x88 ./system/src/stm32f1xx/stm32f1xx_hal_rcc.o
 .debug_aranges
                0x00000728       0x30 ./system/src/stm32f1xx/stm32f1xx_hal_rcc_ex.o
 .debug_aranges
                0x00000758      0x368 ./system/src/stm32f1xx/stm32f1xx_hal_tim.o
 .debug_aranges
                0x00000ac0      0x138 ./system/src/stm32f1xx/stm32f1xx_hal_tim_ex.o
 .debug_aranges
                0x00000bf8      0x150 ./system/src/stm32f1xx/stm32f1xx_hal_uart.o
 .debug_aranges
                0x00000d48      0x100 ./system/src/stm32f1xx/stm32f1xx_ll_usb.o
 .debug_aranges
                0x00000e48       0x28 ./system/src/newlib/_exit.o
 .debug_aranges
                0x00000e70       0x20 ./system/src/newlib/_sbrk.o
 .debug_aranges
                0x00000e90       0x40 ./system/src/newlib/_startup.o
 .debug_aranges
                0x00000ed0       0x30 ./system/src/newlib/_syscalls.o
 .debug_aranges
                0x00000f00       0x38 ./system/src/diag/Trace.o
 .debug_aranges
                0x00000f38       0x30 ./system/src/diag/trace_impl.o
 .debug_aranges
                0x00000f68       0x28 ./system/src/cortexm/_initialize_hardware.o
 .debug_aranges
                0x00000f90       0x90 ./system/src/cortexm/exception_handlers.o
 .debug_aranges
                0x00001020       0x28 ./system/src/cmsis/startup_stm32f103xb.o
 .debug_aranges
                0x00001048       0x28 ./system/src/cmsis/system_stm32f1xx.o
 .debug_aranges
                0x00001070       0x90 ./src/main.o
 .debug_aranges
                0x00001100       0x78 ./src/stm32f1xx_hal_msp.o
 .debug_aranges
                0x00001178       0x30 ./src/stm32f1xx_hal_timebase_TIM.o
 .debug_aranges
                0x000011a8       0x70 ./src/stm32f1xx_it.o
 .debug_aranges
                0x00001218       0x20 ./src/usb_device.o
 .debug_aranges
                0x00001238      0x110 ./src/usbd_conf.o
 .debug_aranges
                0x00001348       0x50 ./src/usbd_desc.o
 .debug_aranges
                0x00001398       0x48 ./src/usbd_dfu_if.o
 .debug_aranges
                0x000013e0       0x50 ./Middlewares/Third_Party/FreeRTOS/Source/portable/MemMang/heap_4.o
 .debug_aranges
                0x00001430       0x90 ./Middlewares/Third_Party/FreeRTOS/Source/portable/GCC/ARM_CM3/port.o
 .debug_aranges
                0x000014c0      0x1b0 ./Middlewares/Third_Party/FreeRTOS/Source/CMSIS_RTOS/cmsis_os.o
 .debug_aranges
                0x00001670       0x40 ./Middlewares/Third_Party/FreeRTOS/Source/list.o
 .debug_aranges
                0x000016b0       0xe0 ./Middlewares/Third_Party/FreeRTOS/Source/queue.o
 .debug_aranges
                0x00001790      0x1b0 ./Middlewares/Third_Party/FreeRTOS/Source/tasks.o
 .debug_aranges
                0x00001940       0xb8 ./Middlewares/ST/STM32_USB_Device_Library/Core/Src/usbd_core.o
 .debug_aranges
                0x000019f8       0x88 ./Middlewares/ST/STM32_USB_Device_Library/Core/Src/usbd_ctlreq.o
 .debug_aranges
                0x00001a80       0x50 ./Middlewares/ST/STM32_USB_Device_Library/Core/Src/usbd_ioreq.o
 .debug_aranges
                0x00001ad0       0xc8 ./Middlewares/ST/STM32_USB_Device_Library/Class/DFU/Src/usbd_dfu.o

.debug_pubnames
 *(.debug_pubnames)

.debug_info     0x00000000    0x223c4
 *(.debug_info .gnu.linkonce.wi.*)
 .debug_info    0x00000000      0x683 ./system/src/stm32f1xx/stm32f1xx_hal.o
 .debug_info    0x00000683     0x1383 ./system/src/stm32f1xx/stm32f1xx_hal_adc.o
 .debug_info    0x00001a06      0xced ./system/src/stm32f1xx/stm32f1xx_hal_cortex.o
 .debug_info    0x000026f3      0x3cc ./system/src/stm32f1xx/stm32f1xx_hal_crc.o
 .debug_info    0x00002abf      0x779 ./system/src/stm32f1xx/stm32f1xx_hal_dma.o
 .debug_info    0x00003238      0x7f2 ./system/src/stm32f1xx/stm32f1xx_hal_gpio.o
 .debug_info    0x00003a2a     0x2c7a ./system/src/stm32f1xx/stm32f1xx_hal_i2c.o
 .debug_info    0x000066a4     0x1183 ./system/src/stm32f1xx/stm32f1xx_hal_pcd.o
 .debug_info    0x00007827      0x57d ./system/src/stm32f1xx/stm32f1xx_hal_pcd_ex.o
 .debug_info    0x00007da4     0x155d ./system/src/stm32f1xx/stm32f1xx_hal_rcc.o
 .debug_info    0x00009301      0x601 ./system/src/stm32f1xx/stm32f1xx_hal_rcc_ex.o
 .debug_info    0x00009902     0x4303 ./system/src/stm32f1xx/stm32f1xx_hal_tim.o
 .debug_info    0x0000dc05     0x1775 ./system/src/stm32f1xx/stm32f1xx_hal_tim_ex.o
 .debug_info    0x0000f37a     0x13b7 ./system/src/stm32f1xx/stm32f1xx_hal_uart.o
 .debug_info    0x00010731      0xec1 ./system/src/stm32f1xx/stm32f1xx_ll_usb.o
 .debug_info    0x000115f2       0xef ./system/src/newlib/_exit.o
 .debug_info    0x000116e1      0x11f ./system/src/newlib/_sbrk.o
 .debug_info    0x00011800      0x454 ./system/src/newlib/_startup.o
 .debug_info    0x00011c54      0x1c7 ./system/src/newlib/_syscalls.o
 .debug_info    0x00011e1b      0x2e7 ./system/src/diag/Trace.o
 .debug_info    0x00012102      0x30a ./system/src/diag/trace_impl.o
 .debug_info    0x0001240c      0x2b1 ./system/src/cortexm/_initialize_hardware.o
 .debug_info    0x000126bd      0x8da ./system/src/cortexm/exception_handlers.o
 .debug_info    0x00012f97       0x89 ./system/src/cmsis/startup_stm32f103xb.o
 .debug_info    0x00013020      0x3bc ./system/src/cmsis/system_stm32f1xx.o
 .debug_info    0x000133dc     0x1a3f ./src/main.o
 .debug_info    0x00014e1b     0x1402 ./src/stm32f1xx_hal_msp.o
 .debug_info    0x0001621d      0x8bb ./src/stm32f1xx_hal_timebase_TIM.o
 .debug_info    0x00016ad8      0xa08 ./src/stm32f1xx_it.o
 .debug_info    0x000174e0      0x65d ./src/usb_device.o
 .debug_info    0x00017b3d     0x1614 ./src/usbd_conf.o
 .debug_info    0x00019151      0x4c3 ./src/usbd_desc.o
 .debug_info    0x00019614      0x330 ./src/usbd_dfu_if.o
 .debug_info    0x00019944      0x3a1 ./Middlewares/Third_Party/FreeRTOS/Source/portable/MemMang/heap_4.o
 .debug_info    0x00019ce5      0x3d7 ./Middlewares/Third_Party/FreeRTOS/Source/portable/GCC/ARM_CM3/port.o
 .debug_info    0x0001a0bc     0x1961 ./Middlewares/Third_Party/FreeRTOS/Source/CMSIS_RTOS/cmsis_os.o
 .debug_info    0x0001ba1d      0x29a ./Middlewares/Third_Party/FreeRTOS/Source/list.o
 .debug_info    0x0001bcb7     0x12ae ./Middlewares/Third_Party/FreeRTOS/Source/queue.o
 .debug_info    0x0001cf65     0x2116 ./Middlewares/Third_Party/FreeRTOS/Source/tasks.o
 .debug_info    0x0001f07b      0xc42 ./Middlewares/ST/STM32_USB_Device_Library/Core/Src/usbd_core.o
 .debug_info    0x0001fcbd      0xe28 ./Middlewares/ST/STM32_USB_Device_Library/Core/Src/usbd_ctlreq.o
 .debug_info    0x00020ae5      0x790 ./Middlewares/ST/STM32_USB_Device_Library/Core/Src/usbd_ioreq.o
 .debug_info    0x00021275     0x114f ./Middlewares/ST/STM32_USB_Device_Library/Class/DFU/Src/usbd_dfu.o

.debug_abbrev   0x00000000     0x4ea7
 *(.debug_abbrev)
 .debug_abbrev  0x00000000      0x21f ./system/src/stm32f1xx/stm32f1xx_hal.o
 .debug_abbrev  0x0000021f      0x239 ./system/src/stm32f1xx/stm32f1xx_hal_adc.o
 .debug_abbrev  0x00000458      0x2d4 ./system/src/stm32f1xx/stm32f1xx_hal_cortex.o
 .debug_abbrev  0x0000072c      0x1a8 ./system/src/stm32f1xx/stm32f1xx_hal_crc.o
 .debug_abbrev  0x000008d4      0x1ff ./system/src/stm32f1xx/stm32f1xx_hal_dma.o
 .debug_abbrev  0x00000ad3      0x204 ./system/src/stm32f1xx/stm32f1xx_hal_gpio.o
 .debug_abbrev  0x00000cd7      0x21b ./system/src/stm32f1xx/stm32f1xx_hal_i2c.o
 .debug_abbrev  0x00000ef2      0x28c ./system/src/stm32f1xx/stm32f1xx_hal_pcd.o
 .debug_abbrev  0x0000117e      0x16e ./system/src/stm32f1xx/stm32f1xx_hal_pcd_ex.o
 .debug_abbrev  0x000012ec      0x278 ./system/src/stm32f1xx/stm32f1xx_hal_rcc.o
 .debug_abbrev  0x00001564      0x23b ./system/src/stm32f1xx/stm32f1xx_hal_rcc_ex.o
 .debug_abbrev  0x0000179f      0x22a ./system/src/stm32f1xx/stm32f1xx_hal_tim.o
 .debug_abbrev  0x000019c9      0x21b ./system/src/stm32f1xx/stm32f1xx_hal_tim_ex.o
 .debug_abbrev  0x00001be4      0x228 ./system/src/stm32f1xx/stm32f1xx_hal_uart.o
 .debug_abbrev  0x00001e0c      0x1c6 ./system/src/stm32f1xx/stm32f1xx_ll_usb.o
 .debug_abbrev  0x00001fd2       0x8e ./system/src/newlib/_exit.o
 .debug_abbrev  0x00002060       0xb9 ./system/src/newlib/_sbrk.o
 .debug_abbrev  0x00002119      0x1ac ./system/src/newlib/_startup.o
 .debug_abbrev  0x000022c5       0xec ./system/src/newlib/_syscalls.o
 .debug_abbrev  0x000023b1      0x156 ./system/src/diag/Trace.o
 .debug_abbrev  0x00002507      0x1c8 ./system/src/diag/trace_impl.o
 .debug_abbrev  0x000026cf       0xea ./system/src/cortexm/_initialize_hardware.o
 .debug_abbrev  0x000027b9      0x247 ./system/src/cortexm/exception_handlers.o
 .debug_abbrev  0x00002a00       0x12 ./system/src/cmsis/startup_stm32f103xb.o
 .debug_abbrev  0x00002a12      0x125 ./system/src/cmsis/system_stm32f1xx.o
 .debug_abbrev  0x00002b37      0x2a5 ./src/main.o
 .debug_abbrev  0x00002ddc      0x22a ./src/stm32f1xx_hal_msp.o
 .debug_abbrev  0x00003006      0x1d4 ./src/stm32f1xx_hal_timebase_TIM.o
 .debug_abbrev  0x000031da      0x1b3 ./src/stm32f1xx_it.o
 .debug_abbrev  0x0000338d      0x177 ./src/usb_device.o
 .debug_abbrev  0x00003504      0x2a5 ./src/usbd_conf.o
 .debug_abbrev  0x000037a9      0x167 ./src/usbd_desc.o
 .debug_abbrev  0x00003910      0x121 ./src/usbd_dfu_if.o
 .debug_abbrev  0x00003a31      0x1bf ./Middlewares/Third_Party/FreeRTOS/Source/portable/MemMang/heap_4.o
 .debug_abbrev  0x00003bf0      0x1ff ./Middlewares/Third_Party/FreeRTOS/Source/portable/GCC/ARM_CM3/port.o
 .debug_abbrev  0x00003def      0x2ac ./Middlewares/Third_Party/FreeRTOS/Source/CMSIS_RTOS/cmsis_os.o
 .debug_abbrev  0x0000409b       0xdf ./Middlewares/Third_Party/FreeRTOS/Source/list.o
 .debug_abbrev  0x0000417a      0x1cb ./Middlewares/Third_Party/FreeRTOS/Source/queue.o
 .debug_abbrev  0x00004345      0x29b ./Middlewares/Third_Party/FreeRTOS/Source/tasks.o
 .debug_abbrev  0x000045e0      0x1ef ./Middlewares/ST/STM32_USB_Device_Library/Core/Src/usbd_core.o
 .debug_abbrev  0x000047cf      0x26c ./Middlewares/ST/STM32_USB_Device_Library/Core/Src/usbd_ctlreq.o
 .debug_abbrev  0x00004a3b      0x158 ./Middlewares/ST/STM32_USB_Device_Library/Core/Src/usbd_ioreq.o
 .debug_abbrev  0x00004b93      0x314 ./Middlewares/ST/STM32_USB_Device_Library/Class/DFU/Src/usbd_dfu.o

.debug_line     0x00000000    0x17056
 *(.debug_line)
 .debug_line    0x00000000      0x7b4 ./system/src/stm32f1xx/stm32f1xx_hal.o
 .debug_line    0x000007b4      0xd65 ./system/src/stm32f1xx/stm32f1xx_hal_adc.o
 .debug_line    0x00001519      0x821 ./system/src/stm32f1xx/stm32f1xx_hal_cortex.o
 .debug_line    0x00001d3a      0x74e ./system/src/stm32f1xx/stm32f1xx_hal_crc.o
 .debug_line    0x00002488      0xad8 ./system/src/stm32f1xx/stm32f1xx_hal_dma.o
 .debug_line    0x00002f60      0x8ef ./system/src/stm32f1xx/stm32f1xx_hal_gpio.o
 .debug_line    0x0000384f     0x167f ./system/src/stm32f1xx/stm32f1xx_hal_i2c.o
 .debug_line    0x00004ece      0xb1f ./system/src/stm32f1xx/stm32f1xx_hal_pcd.o
 .debug_line    0x000059ed      0x681 ./system/src/stm32f1xx/stm32f1xx_hal_pcd_ex.o
 .debug_line    0x0000606e      0xcae ./system/src/stm32f1xx/stm32f1xx_hal_rcc.o
 .debug_line    0x00006d1c      0x7ae ./system/src/stm32f1xx/stm32f1xx_hal_rcc_ex.o
 .debug_line    0x000074ca     0x24c8 ./system/src/stm32f1xx/stm32f1xx_hal_tim.o
 .debug_line    0x00009992      0xf86 ./system/src/stm32f1xx/stm32f1xx_hal_tim_ex.o
 .debug_line    0x0000a918      0xdfe ./system/src/stm32f1xx/stm32f1xx_hal_uart.o
 .debug_line    0x0000b716      0xa5f ./system/src/stm32f1xx/stm32f1xx_ll_usb.o
 .debug_line    0x0000c175      0x33c ./system/src/newlib/_exit.o
 .debug_line    0x0000c4b1      0x2ee ./system/src/newlib/_sbrk.o
 .debug_line    0x0000c79f      0x3a4 ./system/src/newlib/_startup.o
 .debug_line    0x0000cb43      0x409 ./system/src/newlib/_syscalls.o
 .debug_line    0x0000cf4c      0x3a8 ./system/src/diag/Trace.o
 .debug_line    0x0000d2f4      0x456 ./system/src/diag/trace_impl.o
 .debug_line    0x0000d74a      0x1a7 ./system/src/cortexm/_initialize_hardware.o
 .debug_line    0x0000d8f1      0x500 ./system/src/cortexm/exception_handlers.o
 .debug_line    0x0000ddf1       0x86 ./system/src/cmsis/startup_stm32f103xb.o
 .debug_line    0x0000de77      0x1af ./system/src/cmsis/system_stm32f1xx.o
 .debug_line    0x0000e026      0x9f3 ./src/main.o
 .debug_line    0x0000ea19      0x76e ./src/stm32f1xx_hal_msp.o
 .debug_line    0x0000f187      0x68c ./src/stm32f1xx_hal_timebase_TIM.o
 .debug_line    0x0000f813      0x880 ./src/stm32f1xx_it.o
 .debug_line    0x00010093      0x790 ./src/usb_device.o
 .debug_line    0x00010823      0x981 ./src/usbd_conf.o
 .debug_line    0x000111a4      0x79a ./src/usbd_desc.o
 .debug_line    0x0001193e      0x7c7 ./src/usbd_dfu_if.o
 .debug_line    0x00012105      0x4d3 ./Middlewares/Third_Party/FreeRTOS/Source/portable/MemMang/heap_4.o
 .debug_line    0x000125d8      0x32f ./Middlewares/Third_Party/FreeRTOS/Source/portable/GCC/ARM_CM3/port.o
 .debug_line    0x00012907      0x9b2 ./Middlewares/Third_Party/FreeRTOS/Source/CMSIS_RTOS/cmsis_os.o
 .debug_line    0x000132b9      0x423 ./Middlewares/Third_Party/FreeRTOS/Source/list.o
 .debug_line    0x000136dc      0x86d ./Middlewares/Third_Party/FreeRTOS/Source/queue.o
 .debug_line    0x00013f49      0xc66 ./Middlewares/Third_Party/FreeRTOS/Source/tasks.o
 .debug_line    0x00014baf      0x90c ./Middlewares/ST/STM32_USB_Device_Library/Core/Src/usbd_core.o